Archive member included to satisfy reference by file (symbol)

C:/ST/STM32CubeIDE_1.17.0/STM32CubeIDE/plugins/com.st.stm32cube.ide.mcu.externaltools.gnu-tools-for-stm32.12.3.rel1.win32_1.1.0.202410251130/tools/bin/../lib/gcc/arm-none-eabi/12.3.1/../../../../arm-none-eabi/lib/thumb/v7e-m+dp/hard\libc_nano.a(libc_a-exit.o)
                              C:/ST/STM32CubeIDE_1.17.0/STM32CubeIDE/plugins/com.st.stm32cube.ide.mcu.externaltools.gnu-tools-for-stm32.12.3.rel1.win32_1.1.0.202410251130/tools/bin/../lib/gcc/arm-none-eabi/12.3.1/../../../../arm-none-eabi/lib/thumb/v7e-m+dp/hard/crt0.o (exit)
C:/ST/STM32CubeIDE_1.17.0/STM32CubeIDE/plugins/com.st.stm32cube.ide.mcu.externaltools.gnu-tools-for-stm32.12.3.rel1.win32_1.1.0.202410251130/tools/bin/../lib/gcc/arm-none-eabi/12.3.1/../../../../arm-none-eabi/lib/thumb/v7e-m+dp/hard\libc_nano.a(libc_a-findfp.o)
                              C:/ST/STM32CubeIDE_1.17.0/STM32CubeIDE/plugins/com.st.stm32cube.ide.mcu.externaltools.gnu-tools-for-stm32.12.3.rel1.win32_1.1.0.202410251130/tools/bin/../lib/gcc/arm-none-eabi/12.3.1/../../../../arm-none-eabi/lib/thumb/v7e-m+dp/hard\libc_nano.a(libc_a-exit.o) (__stdio_exit_handler)
C:/ST/STM32CubeIDE_1.17.0/STM32CubeIDE/plugins/com.st.stm32cube.ide.mcu.externaltools.gnu-tools-for-stm32.12.3.rel1.win32_1.1.0.202410251130/tools/bin/../lib/gcc/arm-none-eabi/12.3.1/../../../../arm-none-eabi/lib/thumb/v7e-m+dp/hard\libc_nano.a(libc_a-fwalk.o)
                              C:/ST/STM32CubeIDE_1.17.0/STM32CubeIDE/plugins/com.st.stm32cube.ide.mcu.externaltools.gnu-tools-for-stm32.12.3.rel1.win32_1.1.0.202410251130/tools/bin/../lib/gcc/arm-none-eabi/12.3.1/../../../../arm-none-eabi/lib/thumb/v7e-m+dp/hard\libc_nano.a(libc_a-findfp.o) (_fwalk_sglue)
C:/ST/STM32CubeIDE_1.17.0/STM32CubeIDE/plugins/com.st.stm32cube.ide.mcu.externaltools.gnu-tools-for-stm32.12.3.rel1.win32_1.1.0.202410251130/tools/bin/../lib/gcc/arm-none-eabi/12.3.1/../../../../arm-none-eabi/lib/thumb/v7e-m+dp/hard\libc_nano.a(libc_a-sprintf.o)
                              ./Core/Src/main.o (sprintf)
C:/ST/STM32CubeIDE_1.17.0/STM32CubeIDE/plugins/com.st.stm32cube.ide.mcu.externaltools.gnu-tools-for-stm32.12.3.rel1.win32_1.1.0.202410251130/tools/bin/../lib/gcc/arm-none-eabi/12.3.1/../../../../arm-none-eabi/lib/thumb/v7e-m+dp/hard\libc_nano.a(libc_a-stdio.o)
                              C:/ST/STM32CubeIDE_1.17.0/STM32CubeIDE/plugins/com.st.stm32cube.ide.mcu.externaltools.gnu-tools-for-stm32.12.3.rel1.win32_1.1.0.202410251130/tools/bin/../lib/gcc/arm-none-eabi/12.3.1/../../../../arm-none-eabi/lib/thumb/v7e-m+dp/hard\libc_nano.a(libc_a-findfp.o) (__sread)
C:/ST/STM32CubeIDE_1.17.0/STM32CubeIDE/plugins/com.st.stm32cube.ide.mcu.externaltools.gnu-tools-for-stm32.12.3.rel1.win32_1.1.0.202410251130/tools/bin/../lib/gcc/arm-none-eabi/12.3.1/../../../../arm-none-eabi/lib/thumb/v7e-m+dp/hard\libc_nano.a(libc_a-memset.o)
                              C:/ST/STM32CubeIDE_1.17.0/STM32CubeIDE/plugins/com.st.stm32cube.ide.mcu.externaltools.gnu-tools-for-stm32.12.3.rel1.win32_1.1.0.202410251130/tools/bin/../lib/gcc/arm-none-eabi/12.3.1/../../../../arm-none-eabi/lib/thumb/v7e-m+dp/hard/crt0.o (memset)
C:/ST/STM32CubeIDE_1.17.0/STM32CubeIDE/plugins/com.st.stm32cube.ide.mcu.externaltools.gnu-tools-for-stm32.12.3.rel1.win32_1.1.0.202410251130/tools/bin/../lib/gcc/arm-none-eabi/12.3.1/../../../../arm-none-eabi/lib/thumb/v7e-m+dp/hard\libc_nano.a(libc_a-closer.o)
                              C:/ST/STM32CubeIDE_1.17.0/STM32CubeIDE/plugins/com.st.stm32cube.ide.mcu.externaltools.gnu-tools-for-stm32.12.3.rel1.win32_1.1.0.202410251130/tools/bin/../lib/gcc/arm-none-eabi/12.3.1/../../../../arm-none-eabi/lib/thumb/v7e-m+dp/hard\libc_nano.a(libc_a-stdio.o) (_close_r)
C:/ST/STM32CubeIDE_1.17.0/STM32CubeIDE/plugins/com.st.stm32cube.ide.mcu.externaltools.gnu-tools-for-stm32.12.3.rel1.win32_1.1.0.202410251130/tools/bin/../lib/gcc/arm-none-eabi/12.3.1/../../../../arm-none-eabi/lib/thumb/v7e-m+dp/hard\libc_nano.a(libc_a-reent.o)
                              C:/ST/STM32CubeIDE_1.17.0/STM32CubeIDE/plugins/com.st.stm32cube.ide.mcu.externaltools.gnu-tools-for-stm32.12.3.rel1.win32_1.1.0.202410251130/tools/bin/../lib/gcc/arm-none-eabi/12.3.1/../../../../arm-none-eabi/lib/thumb/v7e-m+dp/hard\libc_nano.a(libc_a-closer.o) (errno)
C:/ST/STM32CubeIDE_1.17.0/STM32CubeIDE/plugins/com.st.stm32cube.ide.mcu.externaltools.gnu-tools-for-stm32.12.3.rel1.win32_1.1.0.202410251130/tools/bin/../lib/gcc/arm-none-eabi/12.3.1/../../../../arm-none-eabi/lib/thumb/v7e-m+dp/hard\libc_nano.a(libc_a-impure.o)
                              C:/ST/STM32CubeIDE_1.17.0/STM32CubeIDE/plugins/com.st.stm32cube.ide.mcu.externaltools.gnu-tools-for-stm32.12.3.rel1.win32_1.1.0.202410251130/tools/bin/../lib/gcc/arm-none-eabi/12.3.1/../../../../arm-none-eabi/lib/thumb/v7e-m+dp/hard\libc_nano.a(libc_a-sprintf.o) (_impure_ptr)
[...]
Memory Configuration

Name             Origin             Length             Attributes
RAM_D1           0x24000000         0x00080000         xrw
FLASH            0x08000000         0x00100000         xr
DTCMRAM          0x20000000         0x00020000         xrw
RAM_D2           0x30000000         0x00048000         xrw
RAM_D3           0x38000000         0x00010000         xrw
ITCMRAM          0x00000000         0x00010000         xrw
*default*        0x00000000         0xffffffff

Linker script and memory map

LOAD C:/ST/STM32CubeIDE_1.17.0/STM32CubeIDE/plugins/com.st.stm32cube.ide.mcu.externaltools.gnu-tools-for-stm32.12.3.rel1.win32_1.1.0.202410251130/tools/bin/../lib/gcc/arm-none-eabi/12.3.1/thumb/v7e-m+dp/hard/crti.o
LOAD C:/ST/STM32CubeIDE_1.17.0/STM32CubeIDE/plugins/com.st.stm32cube.ide.mcu.externaltools.gnu-tools-for-stm32.12.3.rel1.win32_1.1.0.202410251130/tools/bin/../lib/gcc/arm-none-eabi/12.3.1/thumb/v7e-m+dp/hard/crtbegin.o
LOAD C:/ST/STM32CubeIDE_1.17.0/STM32CubeIDE/plugins/com.st.stm32cube.ide.mcu.externaltools.gnu-tools-for-stm32.12.3.rel1.win32_1.1.0.202410251130/tools/bin/../lib/gcc/arm-none-eabi/12.3.1/../../../../arm-none-eabi/lib/thumb/v7e-m+dp/hard/crt0.o
LOAD ./Common/Src/system_stm32h7xx_dualcore_boot_cm4_cm7.o
LOAD ./Core/Src/gpio.o
LOAD ./Core/Src/i2c.o
LOAD ./Core/Src/main.o
LOAD ./Core/Src/stm32h7xx_hal_msp.o
LOAD ./Core/Src/stm32h7xx_it.o
LOAD ./Core/Src/syscalls.o
LOAD ./Core/Src/sysmem.o
LOAD ./Core/Src/tim.o
LOAD ./Core/Src/usart.o
LOAD ./Core/Startup/startup_stm32h745zitx.o
LOAD ./Drivers/STM32H7xx_HAL_Driver/stm32h7xx_hal.o
LOAD ./Drivers/STM32H7xx_HAL_Driver/stm32h7xx_hal_cortex.o
LOAD ./Drivers/STM32H7xx_HAL_Driver/stm32h7xx_hal_dma.o
LOAD ./Drivers/STM32H7xx_HAL_Driver/stm32h7xx_hal_dma_ex.o
LOAD ./Drivers/STM32H7xx_HAL_Driver/stm32h7xx_hal_exti.o
LOAD ./Drivers/STM32H7xx_HAL_Driver/stm32h7xx_hal_flash.o
LOAD ./Drivers/STM32H7xx_HAL_Driver/stm32h7xx_hal_flash_ex.o
LOAD ./Drivers/STM32H7xx_HAL_Driver/stm32h7xx_hal_gpio.o
LOAD ./Drivers/STM32H7xx_HAL_Driver/stm32h7xx_hal_hsem.o
LOAD ./Drivers/STM32H7xx_HAL_Driver/stm32h7xx_hal_i2c.o
LOAD ./Drivers/STM32H7xx_HAL_Driver/stm32h7xx_hal_i2c_ex.o
LOAD ./Drivers/STM32H7xx_HAL_Driver/stm32h7xx_hal_mdma.o
LOAD ./Drivers/STM32H7xx_HAL_Driver/stm32h7xx_hal_pwr.o
LOAD ./Drivers/STM32H7xx_HAL_Driver/stm32h7xx_hal_pwr_ex.o
LOAD ./Drivers/STM32H7xx_HAL_Driver/stm32h7xx_hal_rcc.o
LOAD ./Drivers/STM32H7xx_HAL_Driver/stm32h7xx_hal_rcc_ex.o
LOAD ./Drivers/STM32H7xx_HAL_Driver/stm32h7xx_hal_tim.o
LOAD ./Drivers/STM32H7xx_HAL_Driver/stm32h7xx_hal_tim_ex.o
LOAD ./Drivers/STM32H7xx_HAL_Driver/stm32h7xx_hal_uart.o
LOAD ./Drivers/STM32H7xx_HAL_Driver/stm32h7xx_hal_uart_ex.o
LOAD ./Drivers/VL53L0X/core/src/vl53l0x_api.o
LOAD ./Drivers/VL53L0X/core/src/vl53l0x_api_calibration.o
LOAD ./Drivers/VL53L0X/core/src/vl53l0x_api_core.o
LOAD ./Drivers/VL53L0X/core/src/vl53l0x_api_ranging.o
LOAD ./Drivers/VL53L0X/core/src/vl53l0x_api_strings.o
LOAD ./Drivers/VL53L0X/platform/src/vl53l0x_platform.o
LOAD ./Drivers/VL53L0X/platform/src/vl53l0x_platform_log.o
START GROUP
LOAD C:/ST/STM32CubeIDE_1.17.0/STM32CubeIDE/plugins/com.st.stm32cube.ide.mcu.externaltools.gnu-tools-for-stm32.12.3.rel1.win32_1.1.0.202410251130/tools/bin/../lib/gcc/arm-none-eabi/12.3.1/../../../../arm-none-eabi/lib/thumb/v7e-m+dp/hard\libc_nano.a
LOAD C:/ST/STM32CubeIDE_1.17.0/STM32CubeIDE/plugins/com.st.stm32cube.ide.mcu.externaltools.gnu-tools-for-stm32.12.3.rel1.win32_1.1.0.202410251130/tools/bin/../lib/gcc/arm-none-eabi/12.3.1/../../../../arm-none-eabi/lib/thumb/v7e-m+dp/hard\libm.a
END GROUP
START GROUP
LOAD C:/ST/STM32CubeIDE_1.17.0/STM32CubeIDE/plugins/com.st.stm32cube.ide.mcu.externaltools.gnu-tools-for-stm32.12.3.rel1.win32_1.1.0.202410251130/tools/bin/../lib/gcc/arm-none-eabi/12.3.1/thumb/v7e-m+dp/hard\libgcc.a
LOAD C:/ST/STM32CubeIDE_1.17.0/STM32CubeIDE/plugins/com.st.stm32cube.ide.mcu.externaltools.gnu-tools-for-stm32.12.3.rel1.win32_1.1.0.202410251130/tools/bin/../lib/gcc/arm-none-eabi/12.3.1/../../../../arm-none-eabi/lib/thumb/v7e-m+dp/hard\libc_nano.a
END GROUP
START GROUP
LOAD C:/ST/STM32CubeIDE_1.17.0/STM32CubeIDE/plugins/com.st.stm32cube.ide.mcu.externaltools.gnu-tools-for-stm32.12.3.rel1.win32_1.1.0.202410251130/tools/bin/../lib/gcc/arm-none-eabi/12.3.1/thumb/v7e-m+dp/hard\libgcc.a
LOAD C:/ST/STM32CubeIDE_1.17.0/STM32CubeIDE/plugins/com.st.stm32cube.ide.mcu.externaltools.gnu-tools-for-stm32.12.3.rel1.win32_1.1.0.202410251130/tools/bin/../lib/gcc/arm-none-eabi/12.3.1/../../../../arm-none-eabi/lib/thumb/v7e-m+dp/hard\libc_nano.a
LOAD C:/ST/STM32CubeIDE_1.17.0/STM32CubeIDE/plugins/com.st.stm32cube.ide.mcu.externaltools.gnu-tools-for-stm32.12.3.rel1.win32_1.1.0.202410251130/tools/bin/../lib/gcc/arm-none-eabi/12.3.1/../../../../arm-none-eabi/lib/thumb/v7e-m+dp/hard\libnosys.a
END GROUP
START GROUP
LOAD C:/ST/STM32CubeIDE_1.17.0/STM32CubeIDE/plugins/com.st.stm32cube.ide.mcu.externaltools.gnu-tools-for-stm32.12.3.rel1.win32_1.1.0.202410251130/tools/bin/../lib/gcc/arm-none-eabi/12.3.1/thumb/v7e-m+dp/hard\libgcc.a
LOAD C:/ST/STM32CubeIDE_1.17.0/STM32CubeIDE/plugins/com.st.stm32cube.ide.mcu.externaltools.gnu-tools-for-stm32.12.3.rel1.win32_1.1.0.202410251130/tools/bin/../lib/gcc/arm-none-eabi/12.3.1/../../../../arm-none-eabi/lib/thumb/v7e-m+dp/hard\libc_nano.a
LOAD C:/ST/STM32CubeIDE_1.17.0/STM32CubeIDE/plugins/com.st.stm32cube.ide.mcu.externaltools.gnu-tools-for-stm32.12.3.rel1.win32_1.1.0.202410251130/tools/bin/../lib/gcc/arm-none-eabi/12.3.1/../../../../arm-none-eabi/lib/thumb/v7e-m+dp/hard\libnosys.a
END GROUP
LOAD C:/ST/STM32CubeIDE_1.17.0/STM32CubeIDE/plugins/com.st.stm32cube.ide.mcu.externaltools.gnu-tools-for-stm32.12.3.rel1.win32_1.1.0.202410251130/tools/bin/../lib/gcc/arm-none-eabi/12.3.1/thumb/v7e-m+dp/hard/crtend.o
LOAD C:/ST/STM32CubeIDE_1.17.0/STM32CubeIDE/plugins/com.st.stm32cube.ide.mcu.externaltools.gnu-tools-for-stm32.12.3.rel1.win32_1.1.0.202410251130/tools/bin/../lib/gcc/arm-none-eabi/12.3.1/thumb/v7e-m+dp/hard/crtn.o
                0x24080000                        _estack = (ORIGIN (RAM_D1) + LENGTH (RAM_D1))
                0x00000200                        _Min_Heap_Size = 0x200
                0x00000400                        _Min_Stack_Size = 0x400

.isr_vector     0x08000000      0x298
                0x08000000                        . = ALIGN (0x4)
 *(.isr_vector)
 .isr_vector    0x08000000      0x298 ./Core/Startup/startup_stm32h745zitx.o
                0x08000000                g_pfnVectors
                0x08000298                        . = ALIGN (0x4)

.text           0x080002a0     0xc210
                0x080002a0                        . = ALIGN (0x4)
 *(.text)
 .text          0x080002a0       0x40 C:/ST/STM32CubeIDE_1.17.0/STM32CubeIDE/plugins/com.st.stm32cube.ide.mcu.externaltools.gnu-tools-for-stm32.12.3.rel1.win32_1.1.0.202410251130/tools/bin/../lib/gcc/arm-none-eabi/12.3.1/thumb/v7e-m+dp/hard/crtbegin.o
 .text          0x080002e0       0xa0 C:/ST/STM32CubeIDE_1.17.0/STM32CubeIDE/plugins/com.st.stm32cube.ide.mcu.externaltools.gnu-tools-for-stm32.12.3.rel1.win32_1.1.0.202410251130/tools/bin/../lib/gcc/arm-none-eabi/12.3.1/../../../../arm-none-eabi/lib/thumb/v7e-m+dp/hard\libc_nano.a(libc_a-memchr.o)
                0x080002e0                memchr
 .text          0x08000380       0x30 C:/ST/STM32CubeIDE_1.17.0/STM32CubeIDE/plugins/com.st.stm32cube.ide.mcu.externaltools.gnu-tools-for-stm32.12.3.rel1.win32_1.1.0.202410251130/tools/bin/../lib/gcc/arm-none-eabi/12.3.1/thumb/v7e-m+dp/hard\libgcc.a(_aeabi_uldivmod.o)
                0x08000380                __aeabi_uldivmod
 .text          0x080003b0      0x2bc C:/ST/STM32CubeIDE_1.17.0/STM32CubeIDE/plugins/com.st.stm32cube.ide.mcu.externaltools.gnu-tools-for-stm32.12.3.rel1.win32_1.1.0.202410251130/tools/bin/../lib/gcc/arm-none-eabi/12.3.1/thumb/v7e-m+dp/hard\libgcc.a(_udivmoddi4.o)
                0x080003b0                __udivmoddi4
 .text          0x0800066c        0x4 C:/ST/STM32CubeIDE_1.17.0/STM32CubeIDE/plugins/com.st.stm32cube.ide.mcu.externaltools.gnu-tools-for-stm32.12.3.rel1.win32_1.1.0.202410251130/tools/bin/../lib/gcc/arm-none-eabi/12.3.1/thumb/v7e-m+dp/hard\libgcc.a(_dvmd_tls.o)
                0x0800066c                __aeabi_idiv0
                0x0800066c                __aeabi_ldiv0
 *(.text*)
 .text.SystemInit
                0x08000670      0x15c ./Common/Src/system_stm32h7xx_dualcore_boot_cm4_cm7.o
                0x08000670                SystemInit
 .text.ExitRun0Mode
                0x080007cc       0x34 ./Common/Src/system_stm32h7xx_dualcore_boot_cm4_cm7.o
                0x080007cc                ExitRun0Mode
 .text.MX_GPIO_Init
                0x08000800      0x130 ./Core/Src/gpio.o
                0x08000800                MX_GPIO_Init
 .text.MX_I2C2_Init
                0x08000930       0x80 ./Core/Src/i2c.o
                0x08000930                MX_I2C2_Init
 .text.HAL_I2C_MspInit
                0x080009b0       0xd4 ./Core/Src/i2c.o
                0x080009b0                HAL_I2C_MspInit
 .text.main     0x08000a84      0x208 ./Core/Src/main.o
                0x08000a84                main
 .text.SystemClock_Config
                0x08000c8c       0xf8 ./Core/Src/main.o
                0x08000c8c                SystemClock_Config
 .text.MPU_Config
                0x08000d84       0x58 ./Core/Src/main.o
 .text.Error_Handler
                0x08000ddc        0xc ./Core/Src/main.o
                0x08000ddc                Error_Handler
 .text.HAL_MspInit
                0x08000de8       0x34 ./Core/Src/stm32h7xx_hal_msp.o
                0x08000de8                HAL_MspInit
 .text.NMI_Handler
                0x08000e1c        0x8 ./Core/Src/stm32h7xx_it.o
                0x08000e1c                NMI_Handler
 .text.HardFault_Handler
                0x08000e24        0x8 ./Core/Src/stm32h7xx_it.o
                0x08000e24                HardFault_Handler
 .text.MemManage_Handler
                0x08000e2c        0x8 ./Core/Src/stm32h7xx_it.o
                0x08000e2c                MemManage_Handler
 .text.BusFault_Handler
                0x08000e34        0x8 ./Core/Src/stm32h7xx_it.o
                0x08000e34                BusFault_Handler
 .text.UsageFault_Handler
                0x08000e3c        0x8 ./Core/Src/stm32h7xx_it.o
                0x08000e3c                UsageFault_Handler
 .text.SVC_Handler
                0x08000e44        0xe ./Core/Src/stm32h7xx_it.o
                0x08000e44                SVC_Handler
 .text.DebugMon_Handler
                0x08000e52        0xe ./Core/Src/stm32h7xx_it.o
                0x08000e52                DebugMon_Handler
 .text.PendSV_Handler
                0x08000e60        0xe ./Core/Src/stm32h7xx_it.o
                0x08000e60                PendSV_Handler
 .text.SysTick_Handler
                0x08000e6e        0xc ./Core/Src/stm32h7xx_it.o
                0x08000e6e                SysTick_Handler
 *fill*         0x08000e7a        0x2 
 .text._sbrk    0x08000e7c       0x6c ./Core/Src/sysmem.o
                0x08000e7c                _sbrk
 .text.MX_TIM1_Init
                0x08000ee8       0xa8 ./Core/Src/tim.o
                0x08000ee8                MX_TIM1_Init
 .text.HAL_TIM_Base_MspInit
                0x08000f90       0x44 ./Core/Src/tim.o
                0x08000f90                HAL_TIM_Base_MspInit
 .text.MX_USART3_UART_Init
                0x08000fd4       0x98 ./Core/Src/usart.o
                0x08000fd4                MX_USART3_UART_Init
 .text.HAL_UART_MspInit
                0x0800106c       0xd4 ./Core/Src/usart.o
                0x0800106c                HAL_UART_MspInit
 .text.Reset_Handler
                0x08001140       0x54 ./Core/Startup/startup_stm32h745zitx.o
                0x08001140                Reset_Handler
 .text.Default_Handler
                0x08001194        0x2 ./Core/Startup/startup_stm32h745zitx.o
                0x08001194                RTC_Alarm_IRQHandler
                0x08001194                EXTI2_IRQHandler
                0x08001194                TIM8_CC_IRQHandler
                0x08001194                HRTIM1_Master_IRQHandler
                0x08001194                UART8_IRQHandler
                0x08001194                SPI4_IRQHandler
                0x08001194                TIM1_CC_IRQHandler
                0x08001194                BDMA_Channel6_IRQHandler
                0x08001194                DMA2_Stream5_IRQHandler
                0x08001194                HRTIM1_FLT_IRQHandler
                0x08001194                JPEG_IRQHandler
                0x08001194                DMA1_Stream5_IRQHandler
                0x08001194                BDMA_Channel1_IRQHandler
                0x08001194                HRTIM1_TIMD_IRQHandler
                0x08001194                TAMP_STAMP_IRQHandler
                0x08001194                EXTI3_IRQHandler
                0x08001194                LPTIM4_IRQHandler
                0x08001194                TIM8_TRG_COM_TIM14_IRQHandler
                0x08001194                LPTIM2_IRQHandler
                0x08001194                DFSDM1_FLT1_IRQHandler
                0x08001194                DMAMUX2_OVR_IRQHandler
                0x08001194                TIM8_UP_TIM13_IRQHandler
                0x08001194                I2C3_ER_IRQHandler
                0x08001194                DFSDM1_FLT2_IRQHandler
                0x08001194                MDMA_IRQHandler
                0x08001194                LPTIM3_IRQHandler
                0x08001194                HSEM1_IRQHandler
                0x08001194                EXTI0_IRQHandler
                0x08001194                I2C2_EV_IRQHandler
                0x08001194                DMA1_Stream2_IRQHandler
                0x08001194                FPU_IRQHandler
                0x08001194                OTG_HS_WKUP_IRQHandler
                0x08001194                FDCAN1_IT1_IRQHandler
                0x08001194                LTDC_ER_IRQHandler
                0x08001194                DMA2_Stream2_IRQHandler
                0x08001194                HRTIM1_TIME_IRQHandler
                0x08001194                SPI1_IRQHandler
                0x08001194                TIM6_DAC_IRQHandler
                0x08001194                DCMI_IRQHandler
                0x08001194                HRTIM1_TIMC_IRQHandler
                0x08001194                DMA2_Stream3_IRQHandler
                0x08001194                SAI2_IRQHandler
                0x08001194                DFSDM1_FLT3_IRQHandler
                0x08001194                USART6_IRQHandler
                0x08001194                TIM17_IRQHandler
                0x08001194                USART3_IRQHandler
                0x08001194                BDMA_Channel7_IRQHandler
                0x08001194                LPTIM5_IRQHandler
                0x08001194                UART5_IRQHandler
                0x08001194                ADC3_IRQHandler
                0x08001194                DMA2_Stream0_IRQHandler
                0x08001194                TIM4_IRQHandler
                0x08001194                BDMA_Channel2_IRQHandler
                0x08001194                QUADSPI_IRQHandler
                0x08001194                I2C1_EV_IRQHandler
                0x08001194                DMA1_Stream6_IRQHandler
                0x08001194                DMAMUX1_OVR_IRQHandler
                0x08001194                DMA1_Stream1_IRQHandler
                0x08001194                TIM16_IRQHandler
                0x08001194                UART4_IRQHandler
                0x08001194                BDMA_Channel5_IRQHandler
                0x08001194                TIM3_IRQHandler
                0x08001194                RCC_IRQHandler
                0x08001194                TIM8_BRK_TIM12_IRQHandler
                0x08001194                TIM1_TRG_COM_IRQHandler
                0x08001194                Default_Handler
                0x08001194                ECC_IRQHandler
                0x08001194                CEC_IRQHandler
                0x08001194                EXTI15_10_IRQHandler
                0x08001194                BDMA_Channel0_IRQHandler
                0x08001194                ADC_IRQHandler
                0x08001194                DMA1_Stream7_IRQHandler
                0x08001194                HRTIM1_TIMA_IRQHandler
                0x08001194                SPI5_IRQHandler
                0x08001194                TIM7_IRQHandler
                0x08001194                SDMMC1_IRQHandler
                0x08001194                TIM5_IRQHandler
                0x08001194                DMA2_Stream7_IRQHandler
                0x08001194                TIM15_IRQHandler
                0x08001194                PVD_AVD_IRQHandler
                0x08001194                I2C3_EV_IRQHandler
                0x08001194                EXTI9_5_IRQHandler
                0x08001194                RTC_WKUP_IRQHandler
                0x08001194                LTDC_IRQHandler
                0x08001194                SAI3_IRQHandler
                0x08001194                ETH_WKUP_IRQHandler
                0x08001194                SPDIF_RX_IRQHandler
                0x08001194                SPI2_IRQHandler
                0x08001194                OTG_HS_EP1_IN_IRQHandler
                0x08001194                DMA1_Stream0_IRQHandler
                0x08001194                CRS_IRQHandler
                0x08001194                CM7_SEV_IRQHandler
                0x08001194                EXTI4_IRQHandler
                0x08001194                RNG_IRQHandler
                0x08001194                CM4_SEV_IRQHandler
                0x08001194                HRTIM1_TIMB_IRQHandler
                0x08001194                FDCAN2_IT1_IRQHandler
                0x08001194                ETH_IRQHandler
                0x08001194                TIM1_UP_IRQHandler
                0x08001194                WWDG_RST_IRQHandler
                0x08001194                BDMA_Channel4_IRQHandler
                0x08001194                OTG_HS_EP1_OUT_IRQHandler
                0x08001194                WWDG_IRQHandler
                0x08001194                SPI6_IRQHandler
                0x08001194                MDIOS_IRQHandler
                0x08001194                I2C4_EV_IRQHandler
                0x08001194                FDCAN2_IT0_IRQHandler
                0x08001194                LPUART1_IRQHandler
                0x08001194                FDCAN1_IT0_IRQHandler
                0x08001194                TIM2_IRQHandler
                0x08001194                OTG_FS_WKUP_IRQHandler
                0x08001194                OTG_HS_IRQHandler
                0x08001194                HSEM2_IRQHandler
                0x08001194                DMA2D_IRQHandler
                0x08001194                TIM1_BRK_IRQHandler
                0x08001194                EXTI1_IRQHandler
                0x08001194                SDMMC2_IRQHandler
                0x08001194                OTG_FS_EP1_OUT_IRQHandler
                0x08001194                BDMA_Channel3_IRQHandler
                0x08001194                HOLD_CORE_IRQHandler
                0x08001194                UART7_IRQHandler
                0x08001194                MDIOS_WKUP_IRQHandler
                0x08001194                USART2_IRQHandler
                0x08001194                DFSDM1_FLT0_IRQHandler
                0x08001194                SAI4_IRQHandler
                0x08001194                I2C2_ER_IRQHandler
                0x08001194                DMA2_Stream1_IRQHandler
                0x08001194                FLASH_IRQHandler
                0x08001194                DMA2_Stream4_IRQHandler
                0x08001194                USART1_IRQHandler
                0x08001194                OTG_FS_IRQHandler
                0x08001194                SPI3_IRQHandler
                0x08001194                WAKEUP_PIN_IRQHandler
                0x08001194                DMA1_Stream4_IRQHandler
                0x08001194                OTG_FS_EP1_IN_IRQHandler
                0x08001194                I2C1_ER_IRQHandler
                0x08001194                FMC_IRQHandler
                0x08001194                FDCAN_CAL_IRQHandler
                0x08001194                SWPMI1_IRQHandler
                0x08001194                COMP1_IRQHandler
                0x08001194                LPTIM1_IRQHandler
                0x08001194                I2C4_ER_IRQHandler
                0x08001194                DMA2_Stream6_IRQHandler
                0x08001194                SAI1_IRQHandler
                0x08001194                DMA1_Stream3_IRQHandler
 *fill*         0x08001196        0x2 
 .text.HAL_Init
                0x08001198       0x78 ./Drivers/STM32H7xx_HAL_Driver/stm32h7xx_hal.o
                0x08001198                HAL_Init
 .text.HAL_InitTick
                0x08001210       0x6c ./Drivers/STM32H7xx_HAL_Driver/stm32h7xx_hal.o
                0x08001210                HAL_InitTick
 .text.HAL_IncTick
                0x0800127c       0x28 ./Drivers/STM32H7xx_HAL_Driver/stm32h7xx_hal.o
                0x0800127c                HAL_IncTick
 .text.HAL_GetTick
                0x080012a4       0x18 ./Drivers/STM32H7xx_HAL_Driver/stm32h7xx_hal.o
                0x080012a4                HAL_GetTick
 .text.HAL_Delay
                0x080012bc       0x48 ./Drivers/STM32H7xx_HAL_Driver/stm32h7xx_hal.o
                0x080012bc                HAL_Delay
 .text.HAL_GetREVID
                0x08001304       0x18 ./Drivers/STM32H7xx_HAL_Driver/stm32h7xx_hal.o
                0x08001304                HAL_GetREVID
 .text.__NVIC_SetPriorityGrouping
                0x0800131c       0x48 ./Drivers/STM32H7xx_HAL_Driver/stm32h7xx_hal_cortex.o
 .text.__NVIC_GetPriorityGrouping
                0x08001364       0x1c ./Drivers/STM32H7xx_HAL_Driver/stm32h7xx_hal_cortex.o
 .text.__NVIC_SetPriority
                0x08001380       0x54 ./Drivers/STM32H7xx_HAL_Driver/stm32h7xx_hal_cortex.o
 .text.NVIC_EncodePriority
                0x080013d4       0x66 ./Drivers/STM32H7xx_HAL_Driver/stm32h7xx_hal_cortex.o
 *fill*         0x0800143a        0x2 
 .text.SysTick_Config
                0x0800143c       0x44 ./Drivers/STM32H7xx_HAL_Driver/stm32h7xx_hal_cortex.o
 .text.HAL_NVIC_SetPriorityGrouping
                0x08001480       0x16 ./Drivers/STM32H7xx_HAL_Driver/stm32h7xx_hal_cortex.o
                0x08001480                HAL_NVIC_SetPriorityGrouping
 .text.HAL_NVIC_SetPriority
                0x08001496       0x34 ./Drivers/STM32H7xx_HAL_Driver/stm32h7xx_hal_cortex.o
                0x08001496                HAL_NVIC_SetPriority
 .text.HAL_SYSTICK_Config
                0x080014ca       0x18 ./Drivers/STM32H7xx_HAL_Driver/stm32h7xx_hal_cortex.o
                0x080014ca                HAL_SYSTICK_Config
 *fill*         0x080014e2        0x2 
 .text.HAL_MPU_Disable
                0x080014e4       0x30 ./Drivers/STM32H7xx_HAL_Driver/stm32h7xx_hal_cortex.o
                0x080014e4                HAL_MPU_Disable
 .text.HAL_MPU_Enable
                0x08001514       0x40 ./Drivers/STM32H7xx_HAL_Driver/stm32h7xx_hal_cortex.o
                0x08001514                HAL_MPU_Enable
 .text.HAL_MPU_ConfigRegion
                0x08001554       0x80 ./Drivers/STM32H7xx_HAL_Driver/stm32h7xx_hal_cortex.o
                0x08001554                HAL_MPU_ConfigRegion
 .text.HAL_GPIO_Init
                0x080015d4      0x360 ./Drivers/STM32H7xx_HAL_Driver/stm32h7xx_hal_gpio.o
                0x080015d4                HAL_GPIO_Init
 .text.HAL_GPIO_WritePin
                0x08001934       0x32 ./Drivers/STM32H7xx_HAL_Driver/stm32h7xx_hal_gpio.o
                0x08001934                HAL_GPIO_WritePin
 *fill*         0x08001966        0x2 
 .text.HAL_HSEM_FastTake
                0x08001968       0x34 ./Drivers/STM32H7xx_HAL_Driver/stm32h7xx_hal_hsem.o
                0x08001968                HAL_HSEM_FastTake
 .text.HAL_HSEM_Release
                0x0800199c       0x28 ./Drivers/STM32H7xx_HAL_Driver/stm32h7xx_hal_hsem.o
                0x0800199c                HAL_HSEM_Release
 .text.HAL_I2C_Init
                0x080019c4      0x138 ./Drivers/STM32H7xx_HAL_Driver/stm32h7xx_hal_i2c.o
                0x080019c4                HAL_I2C_Init
 .text.HAL_I2C_Master_Transmit
                0x08001afc      0x230 ./Drivers/STM32H7xx_HAL_Driver/stm32h7xx_hal_i2c.o
                0x08001afc                HAL_I2C_Master_Transmit
 .text.HAL_I2C_Master_Receive
                0x08001d2c      0x1ec ./Drivers/STM32H7xx_HAL_Driver/stm32h7xx_hal_i2c.o
                0x08001d2c                HAL_I2C_Master_Receive
 .text.I2C_Flush_TXDR
                0x08001f18       0x48 ./Drivers/STM32H7xx_HAL_Driver/stm32h7xx_hal_i2c.o
 .text.I2C_WaitOnFlagUntilTimeout
                0x08001f60       0xb2 ./Drivers/STM32H7xx_HAL_Driver/stm32h7xx_hal_i2c.o
 .text.I2C_WaitOnTXISFlagUntilTimeout
                0x08002012       0x8e ./Drivers/STM32H7xx_HAL_Driver/stm32h7xx_hal_i2c.o
 .text.I2C_WaitOnSTOPFlagUntilTimeout
                0x080020a0       0x86 ./Drivers/STM32H7xx_HAL_Driver/stm32h7xx_hal_i2c.o
 *fill*         0x08002126        0x2 
 .text.I2C_WaitOnRXNEFlagUntilTimeout
                0x08002128      0x118 ./Drivers/STM32H7xx_HAL_Driver/stm32h7xx_hal_i2c.o
 .text.I2C_IsErrorOccurred
                0x08002240      0x1c0 ./Drivers/STM32H7xx_HAL_Driver/stm32h7xx_hal_i2c.o
 .text.I2C_TransferConfig
                0x08002400       0x64 ./Drivers/STM32H7xx_HAL_Driver/stm32h7xx_hal_i2c.o
 .text.HAL_I2CEx_ConfigAnalogFilter
                0x08002464       0x96 ./Drivers/STM32H7xx_HAL_Driver/stm32h7xx_hal_i2c_ex.o
                0x08002464                HAL_I2CEx_ConfigAnalogFilter
 .text.HAL_I2CEx_ConfigDigitalFilter
                0x080024fa       0x98 ./Drivers/STM32H7xx_HAL_Driver/stm32h7xx_hal_i2c_ex.o
                0x080024fa                HAL_I2CEx_ConfigDigitalFilter
 *fill*         0x08002592        0x2 
 .text.HAL_PWREx_ConfigSupply
                0x08002594       0xb4 ./Drivers/STM32H7xx_HAL_Driver/stm32h7xx_hal_pwr_ex.o
                0x08002594                HAL_PWREx_ConfigSupply
 .text.HAL_RCC_OscConfig
                0x08002648      0x8b4 ./Drivers/STM32H7xx_HAL_Driver/stm32h7xx_hal_rcc.o
                0x08002648                HAL_RCC_OscConfig
 .text.HAL_RCC_ClockConfig
                0x08002efc      0x36c ./Drivers/STM32H7xx_HAL_Driver/stm32h7xx_hal_rcc.o
                0x08002efc                HAL_RCC_ClockConfig
 .text.HAL_RCC_GetSysClockFreq
                0x08003268      0x2f4 ./Drivers/STM32H7xx_HAL_Driver/stm32h7xx_hal_rcc.o
                0x08003268                HAL_RCC_GetSysClockFreq
 .text.HAL_RCC_GetHCLKFreq
                0x0800355c       0x60 ./Drivers/STM32H7xx_HAL_Driver/stm32h7xx_hal_rcc.o
                0x0800355c                HAL_RCC_GetHCLKFreq
 .text.HAL_RCC_GetPCLK1Freq
                0x080035bc       0x2c ./Drivers/STM32H7xx_HAL_Driver/stm32h7xx_hal_rcc.o
                0x080035bc                HAL_RCC_GetPCLK1Freq
 .text.HAL_RCC_GetPCLK2Freq
                0x080035e8       0x2c ./Drivers/STM32H7xx_HAL_Driver/stm32h7xx_hal_rcc.o
                0x080035e8                HAL_RCC_GetPCLK2Freq
 .text.HAL_RCCEx_PeriphCLKConfig
                0x08003614     0x1414 ./Drivers/STM32H7xx_HAL_Driver/stm32h7xx_hal_rcc_ex.o
                0x08003614                HAL_RCCEx_PeriphCLKConfig
 .text.HAL_RCCEx_GetD3PCLK1Freq
                0x08004a28       0x2c ./Drivers/STM32H7xx_HAL_Driver/stm32h7xx_hal_rcc_ex.o
                0x08004a28                HAL_RCCEx_GetD3PCLK1Freq
 .text.HAL_RCCEx_GetPLL2ClockFreq
                0x08004a54      0x2a8 ./Drivers/STM32H7xx_HAL_Driver/stm32h7xx_hal_rcc_ex.o
                0x08004a54                HAL_RCCEx_GetPLL2ClockFreq
 .text.HAL_RCCEx_GetPLL3ClockFreq
                0x08004cfc      0x2a8 ./Drivers/STM32H7xx_HAL_Driver/stm32h7xx_hal_rcc_ex.o
                0x08004cfc                HAL_RCCEx_GetPLL3ClockFreq
 .text.RCCEx_PLL2_Config
                0x08004fa4      0x164 ./Drivers/STM32H7xx_HAL_Driver/stm32h7xx_hal_rcc_ex.o
 .text.RCCEx_PLL3_Config
                0x08005108      0x164 ./Drivers/STM32H7xx_HAL_Driver/stm32h7xx_hal_rcc_ex.o
 .text.HAL_TIM_Base_Init
                0x0800526c       0xae ./Drivers/STM32H7xx_HAL_Driver/stm32h7xx_hal_tim.o
                0x0800526c                HAL_TIM_Base_Init
 *fill*         0x0800531a        0x2 
 .text.HAL_TIM_ConfigClockSource
                0x0800531c      0x1f0 ./Drivers/STM32H7xx_HAL_Driver/stm32h7xx_hal_tim.o
                0x0800531c                HAL_TIM_ConfigClockSource
 .text.TIM_Base_SetConfig
                0x0800550c      0x140 ./Drivers/STM32H7xx_HAL_Driver/stm32h7xx_hal_tim.o
                0x0800550c                TIM_Base_SetConfig
 .text.TIM_TI1_ConfigInputStage
                0x0800564c       0x5e ./Drivers/STM32H7xx_HAL_Driver/stm32h7xx_hal_tim.o
 .text.TIM_TI2_ConfigInputStage
                0x080056aa       0x60 ./Drivers/STM32H7xx_HAL_Driver/stm32h7xx_hal_tim.o
 *fill*         0x0800570a        0x2 
 .text.TIM_ITRx_SetConfig
                0x0800570c       0x3c ./Drivers/STM32H7xx_HAL_Driver/stm32h7xx_hal_tim.o
 .text.TIM_ETR_SetConfig
                0x08005748       0x40 ./Drivers/STM32H7xx_HAL_Driver/stm32h7xx_hal_tim.o
                0x08005748                TIM_ETR_SetConfig
 .text.HAL_TIMEx_MasterConfigSynchronization
                0x08005788      0x11c ./Drivers/STM32H7xx_HAL_Driver/stm32h7xx_hal_tim_ex.o
                0x08005788                HAL_TIMEx_MasterConfigSynchronization
 .text.HAL_UART_Init
                0x080058a4       0xa0 ./Drivers/STM32H7xx_HAL_Driver/stm32h7xx_hal_uart.o
                0x080058a4                HAL_UART_Init
 .text.HAL_UART_Transmit
                0x08005944      0x11c ./Drivers/STM32H7xx_HAL_Driver/stm32h7xx_hal_uart.o
                0x08005944                HAL_UART_Transmit
 .text.UART_SetConfig
                0x08005a60      0xad0 ./Drivers/STM32H7xx_HAL_Driver/stm32h7xx_hal_uart.o
                0x08005a60                UART_SetConfig
 .text.UART_AdvFeatureConfig
                0x08006530      0x144 ./Drivers/STM32H7xx_HAL_Driver/stm32h7xx_hal_uart.o
                0x08006530                UART_AdvFeatureConfig
 .text.UART_CheckIdleState
                0x08006674      0x154 ./Drivers/STM32H7xx_HAL_Driver/stm32h7xx_hal_uart.o
                0x08006674                UART_CheckIdleState
 .text.UART_WaitOnFlagUntilTimeout
                0x080067c8       0xda ./Drivers/STM32H7xx_HAL_Driver/stm32h7xx_hal_uart.o
                0x080067c8                UART_WaitOnFlagUntilTimeout
 *fill*         0x080068a2        0x2 
 .text.UART_EndRxTransfer
                0x080068a4       0xcc ./Drivers/STM32H7xx_HAL_Driver/stm32h7xx_hal_uart.o
 .text.HAL_UARTEx_DisableFifoMode
                0x08006970       0x72 ./Drivers/STM32H7xx_HAL_Driver/stm32h7xx_hal_uart_ex.o
                0x08006970                HAL_UARTEx_DisableFifoMode
 .text.HAL_UARTEx_SetTxFifoThreshold
                0x080069e2       0x7c ./Drivers/STM32H7xx_HAL_Driver/stm32h7xx_hal_uart_ex.o
                0x080069e2                HAL_UARTEx_SetTxFifoThreshold
 .text.HAL_UARTEx_SetRxFifoThreshold
                0x08006a5e       0x7c ./Drivers/STM32H7xx_HAL_Driver/stm32h7xx_hal_uart_ex.o
                0x08006a5e                HAL_UARTEx_SetRxFifoThreshold
 *fill*         0x08006ada        0x2 
 .text.UARTEx_SetNbDataToProcess
                0x08006adc       0x9c ./Drivers/STM32H7xx_HAL_Driver/stm32h7xx_hal_uart_ex.o
 .text.VL53L0X_GetOffsetCalibrationDataMicroMeter
                0x08006b78       0x26 ./Drivers/VL53L0X/core/src/vl53l0x_api.o
                0x08006b78                VL53L0X_GetOffsetCalibrationDataMicroMeter
 *fill*         0x08006b9e        0x2 
 .text.VL53L0X_DataInit
                0x08006ba0      0x2c8 ./Drivers/VL53L0X/core/src/vl53l0x_api.o
                0x08006ba0                VL53L0X_DataInit
 .text.VL53L0X_StaticInit
                0x08006e68      0x300 ./Drivers/VL53L0X/core/src/vl53l0x_api.o
                0x08006e68                VL53L0X_StaticInit
 .text.VL53L0X_WaitDeviceBooted
                0x08007168       0x1c ./Drivers/VL53L0X/core/src/vl53l0x_api.o
                0x08007168                VL53L0X_WaitDeviceBooted
 .text.VL53L0X_GetDeviceParameters
                0x08007184      0x120 ./Drivers/VL53L0X/core/src/vl53l0x_api.o
                0x08007184                VL53L0X_GetDeviceParameters
 .text.VL53L0X_SetDeviceMode
                0x080072a4       0x58 ./Drivers/VL53L0X/core/src/vl53l0x_api.o
                0x080072a4                VL53L0X_SetDeviceMode
 .text.VL53L0X_GetDeviceMode
                0x080072fc       0x26 ./Drivers/VL53L0X/core/src/vl53l0x_api.o
                0x080072fc                VL53L0X_GetDeviceMode
 .text.VL53L0X_GetFractionEnable
                0x08007322       0x3e ./Drivers/VL53L0X/core/src/vl53l0x_api.o
                0x08007322                VL53L0X_GetFractionEnable
 .text.VL53L0X_SetMeasurementTimingBudgetMicroSeconds
                0x08007360       0x26 ./Drivers/VL53L0X/core/src/vl53l0x_api.o
                0x08007360                VL53L0X_SetMeasurementTimingBudgetMicroSeconds
 .text.VL53L0X_GetMeasurementTimingBudgetMicroSeconds
                0x08007386       0x26 ./Drivers/VL53L0X/core/src/vl53l0x_api.o
                0x08007386                VL53L0X_GetMeasurementTimingBudgetMicroSeconds
 .text.VL53L0X_SetVcselPulsePeriod
                0x080073ac       0x30 ./Drivers/VL53L0X/core/src/vl53l0x_api.o
                0x080073ac                VL53L0X_SetVcselPulsePeriod
 .text.VL53L0X_GetVcselPulsePeriod
                0x080073dc       0x2e ./Drivers/VL53L0X/core/src/vl53l0x_api.o
                0x080073dc                VL53L0X_GetVcselPulsePeriod
 *fill*         0x0800740a        0x2 
 .text.VL53L0X_SetSequenceStepEnable
                0x0800740c      0x140 ./Drivers/VL53L0X/core/src/vl53l0x_api.o
                0x0800740c                VL53L0X_SetSequenceStepEnable
 .text.sequence_step_enabled
                0x0800754c       0xa4 ./Drivers/VL53L0X/core/src/vl53l0x_api.o
                0x0800754c                sequence_step_enabled
 .text.VL53L0X_GetSequenceStepEnables
                0x080075f0       0xb0 ./Drivers/VL53L0X/core/src/vl53l0x_api.o
                0x080075f0                VL53L0X_GetSequenceStepEnables
 .text.VL53L0X_GetInterMeasurementPeriodMilliSeconds
                0x080076a0       0x68 ./Drivers/VL53L0X/core/src/vl53l0x_api.o
                0x080076a0                VL53L0X_GetInterMeasurementPeriodMilliSeconds
 .text.VL53L0X_GetXTalkCompensationEnable
                0x08007708       0x2a ./Drivers/VL53L0X/core/src/vl53l0x_api.o
                0x08007708                VL53L0X_GetXTalkCompensationEnable
 .text.VL53L0X_GetXTalkCompensationRateMegaCps
                0x08007732       0x66 ./Drivers/VL53L0X/core/src/vl53l0x_api.o
                0x08007732                VL53L0X_GetXTalkCompensationRateMegaCps
 .text.VL53L0X_SetLimitCheckEnable
                0x08007798      0x118 ./Drivers/VL53L0X/core/src/vl53l0x_api.o
                0x08007798                VL53L0X_SetLimitCheckEnable
 .text.VL53L0X_GetLimitCheckEnable
                0x080078b0       0x46 ./Drivers/VL53L0X/core/src/vl53l0x_api.o
                0x080078b0                VL53L0X_GetLimitCheckEnable
 *fill*         0x080078f6        0x2 
 .text.VL53L0X_SetLimitCheckValue
                0x080078f8       0xc4 ./Drivers/VL53L0X/core/src/vl53l0x_api.o
                0x080078f8                VL53L0X_SetLimitCheckValue
 .text.VL53L0X_GetLimitCheckValue
                0x080079bc      0x11c ./Drivers/VL53L0X/core/src/vl53l0x_api.o
                0x080079bc                VL53L0X_GetLimitCheckValue
 .text.VL53L0X_GetWrapAroundCheckEnable
                0x08007ad8       0x64 ./Drivers/VL53L0X/core/src/vl53l0x_api.o
                0x08007ad8                VL53L0X_GetWrapAroundCheckEnable
 .text.VL53L0X_PerformSingleMeasurement
                0x08007b3c       0x68 ./Drivers/VL53L0X/core/src/vl53l0x_api.o
                0x08007b3c                VL53L0X_PerformSingleMeasurement
 .text.VL53L0X_PerformRefCalibration
                0x08007ba4       0x2c ./Drivers/VL53L0X/core/src/vl53l0x_api.o
                0x08007ba4                VL53L0X_PerformRefCalibration
 .text.VL53L0X_CheckAndLoadInterruptSettings
                0x08007bd0       0xcc ./Drivers/VL53L0X/core/src/vl53l0x_api.o
                0x08007bd0                VL53L0X_CheckAndLoadInterruptSettings
 .text.VL53L0X_StartMeasurement
                0x08007c9c      0x184 ./Drivers/VL53L0X/core/src/vl53l0x_api.o
                0x08007c9c                VL53L0X_StartMeasurement
 .text.VL53L0X_GetMeasurementDataReady
                0x08007e20       0x80 ./Drivers/VL53L0X/core/src/vl53l0x_api.o
                0x08007e20                VL53L0X_GetMeasurementDataReady
 .text.VL53L0X_GetRangingMeasurementData
                0x08007ea0      0x238 ./Drivers/VL53L0X/core/src/vl53l0x_api.o
                0x08007ea0                VL53L0X_GetRangingMeasurementData
 .text.VL53L0X_PerformSingleRangingMeasurement
                0x080080d8       0x60 ./Drivers/VL53L0X/core/src/vl53l0x_api.o
                0x080080d8                VL53L0X_PerformSingleRangingMeasurement
 .text.VL53L0X_SetGpioConfig
                0x08008138      0x244 ./Drivers/VL53L0X/core/src/vl53l0x_api.o
                0x08008138                VL53L0X_SetGpioConfig
 .text.VL53L0X_GetInterruptThresholds
                0x0800837c       0x68 ./Drivers/VL53L0X/core/src/vl53l0x_api.o
                0x0800837c                VL53L0X_GetInterruptThresholds
 .text.VL53L0X_ClearInterruptMask
                0x080083e4       0x80 ./Drivers/VL53L0X/core/src/vl53l0x_api.o
                0x080083e4                VL53L0X_ClearInterruptMask
 .text.VL53L0X_GetInterruptMaskStatus
                0x08008464       0x44 ./Drivers/VL53L0X/core/src/vl53l0x_api.o
                0x08008464                VL53L0X_GetInterruptMaskStatus
 .text.VL53L0X_PerformRefSpadManagement
                0x080084a8       0x2a ./Drivers/VL53L0X/core/src/vl53l0x_api.o
                0x080084a8                VL53L0X_PerformRefSpadManagement
 .text.VL53L0X_get_offset_calibration_data_micro_meter
                0x080084d2       0x7e ./Drivers/VL53L0X/core/src/vl53l0x_api_calibration.o
                0x080084d2                VL53L0X_get_offset_calibration_data_micro_meter
 .text.get_next_good_spad
                0x08008550       0xbc ./Drivers/VL53L0X/core/src/vl53l0x_api_calibration.o
                0x08008550                get_next_good_spad
 .text.is_aperture
                0x0800860c       0x34 ./Drivers/VL53L0X/core/src/vl53l0x_api_calibration.o
                0x0800860c                is_aperture
 .text.enable_spad_bit
                0x08008640       0x70 ./Drivers/VL53L0X/core/src/vl53l0x_api_calibration.o
                0x08008640                enable_spad_bit
 .text.set_ref_spad_map
                0x080086b0       0x26 ./Drivers/VL53L0X/core/src/vl53l0x_api_calibration.o
                0x080086b0                set_ref_spad_map
 .text.get_ref_spad_map
                0x080086d6       0x26 ./Drivers/VL53L0X/core/src/vl53l0x_api_calibration.o
                0x080086d6                get_ref_spad_map
 .text.enable_ref_spads
                0x080086fc       0xf8 ./Drivers/VL53L0X/core/src/vl53l0x_api_calibration.o
                0x080086fc                enable_ref_spads
 .text.perform_ref_signal_measurement
                0x080087f4       0xd4 ./Drivers/VL53L0X/core/src/vl53l0x_api_calibration.o
                0x080087f4                perform_ref_signal_measurement
 .text.VL53L0X_perform_ref_spad_management
                0x080088c8      0x418 ./Drivers/VL53L0X/core/src/vl53l0x_api_calibration.o
                0x080088c8                VL53L0X_perform_ref_spad_management
 .text.VL53L0X_set_reference_spads
                0x08008ce0      0x14a ./Drivers/VL53L0X/core/src/vl53l0x_api_calibration.o
                0x08008ce0                VL53L0X_set_reference_spads
 .text.VL53L0X_perform_single_ref_calibration
                0x08008e2a       0x76 ./Drivers/VL53L0X/core/src/vl53l0x_api_calibration.o
                0x08008e2a                VL53L0X_perform_single_ref_calibration
 .text.VL53L0X_ref_calibration_io
                0x08008ea0      0x132 ./Drivers/VL53L0X/core/src/vl53l0x_api_calibration.o
                0x08008ea0                VL53L0X_ref_calibration_io
 .text.VL53L0X_perform_vhv_calibration
                0x08008fd2       0xce ./Drivers/VL53L0X/core/src/vl53l0x_api_calibration.o
                0x08008fd2                VL53L0X_perform_vhv_calibration
 .text.VL53L0X_perform_phase_calibration
                0x080090a0       0xca ./Drivers/VL53L0X/core/src/vl53l0x_api_calibration.o
                0x080090a0                VL53L0X_perform_phase_calibration
 .text.VL53L0X_perform_ref_calibration
                0x0800916a       0x7a ./Drivers/VL53L0X/core/src/vl53l0x_api_calibration.o
                0x0800916a                VL53L0X_perform_ref_calibration
 .text.VL53L0X_measurement_poll_for_completion
                0x080091e4       0x60 ./Drivers/VL53L0X/core/src/vl53l0x_api_core.o
                0x080091e4                VL53L0X_measurement_poll_for_completion
 .text.VL53L0X_decode_vcsel_period
                0x08009244       0x26 ./Drivers/VL53L0X/core/src/vl53l0x_api_core.o
                0x08009244                VL53L0X_decode_vcsel_period
 .text.VL53L0X_encode_vcsel_period
                0x0800926a       0x26 ./Drivers/VL53L0X/core/src/vl53l0x_api_core.o
                0x0800926a                VL53L0X_encode_vcsel_period
 .text.VL53L0X_isqrt
                0x08009290       0x68 ./Drivers/VL53L0X/core/src/vl53l0x_api_core.o
                0x08009290                VL53L0X_isqrt
 .text.VL53L0X_device_read_strobe
                0x080092f8       0x86 ./Drivers/VL53L0X/core/src/vl53l0x_api_core.o
                0x080092f8                VL53L0X_device_read_strobe
 .text.VL53L0X_get_info_from_device
                0x0800937e      0x99a ./Drivers/VL53L0X/core/src/vl53l0x_api_core.o
                0x0800937e                VL53L0X_get_info_from_device
 .text.VL53L0X_calc_macro_period_ps
                0x08009d18       0x3c ./Drivers/VL53L0X/core/src/vl53l0x_api_core.o
                0x08009d18                VL53L0X_calc_macro_period_ps
 .text.VL53L0X_encode_timeout
                0x08009d54       0x54 ./Drivers/VL53L0X/core/src/vl53l0x_api_core.o
                0x08009d54                VL53L0X_encode_timeout
 .text.VL53L0X_decode_timeout
                0x08009da8       0x2c ./Drivers/VL53L0X/core/src/vl53l0x_api_core.o
                0x08009da8                VL53L0X_decode_timeout
 .text.VL53L0X_calc_timeout_mclks
                0x08009dd4       0x54 ./Drivers/VL53L0X/core/src/vl53l0x_api_core.o
                0x08009dd4                VL53L0X_calc_timeout_mclks
 .text.VL53L0X_calc_timeout_us
                0x08009e28       0x54 ./Drivers/VL53L0X/core/src/vl53l0x_api_core.o
                0x08009e28                VL53L0X_calc_timeout_us
 .text.get_sequence_step_timeout
                0x08009e7c      0x1c0 ./Drivers/VL53L0X/core/src/vl53l0x_api_core.o
                0x08009e7c                get_sequence_step_timeout
 .text.set_sequence_step_timeout
                0x0800a03c      0x1e4 ./Drivers/VL53L0X/core/src/vl53l0x_api_core.o
                0x0800a03c                set_sequence_step_timeout
 .text.VL53L0X_set_vcsel_pulse_period
                0x0800a220      0x50e ./Drivers/VL53L0X/core/src/vl53l0x_api_core.o
                0x0800a220                VL53L0X_set_vcsel_pulse_period
 .text.VL53L0X_get_vcsel_pulse_period
                0x0800a72e       0x6e ./Drivers/VL53L0X/core/src/vl53l0x_api_core.o
                0x0800a72e                VL53L0X_get_vcsel_pulse_period
 .text.VL53L0X_set_measurement_timing_budget_micro_seconds
                0x0800a79c      0x1c0 ./Drivers/VL53L0X/core/src/vl53l0x_api_core.o
                0x0800a79c                VL53L0X_set_measurement_timing_budget_micro_seconds
 .text.VL53L0X_get_measurement_timing_budget_micro_seconds
                0x0800a95c      0x162 ./Drivers/VL53L0X/core/src/vl53l0x_api_core.o
                0x0800a95c                VL53L0X_get_measurement_timing_budget_micro_seconds
 *fill*         0x0800aabe        0x2 
 .text.VL53L0X_load_tuning_settings
                0x0800aac0      0x1c4 ./Drivers/VL53L0X/core/src/vl53l0x_api_core.o
                0x0800aac0                VL53L0X_load_tuning_settings
 .text.VL53L0X_get_total_xtalk_rate
                0x0800ac84       0x5e ./Drivers/VL53L0X/core/src/vl53l0x_api_core.o
                0x0800ac84                VL53L0X_get_total_xtalk_rate
 .text.VL53L0X_get_total_signal_rate
                0x0800ace2       0x4a ./Drivers/VL53L0X/core/src/vl53l0x_api_core.o
                0x0800ace2                VL53L0X_get_total_signal_rate
 .text.VL53L0X_calc_dmax
                0x0800ad2c      0x238 ./Drivers/VL53L0X/core/src/vl53l0x_api_core.o
                0x0800ad2c                VL53L0X_calc_dmax
 .text.VL53L0X_calc_sigma_estimate
                0x0800af64      0x498 ./Drivers/VL53L0X/core/src/vl53l0x_api_core.o
                0x0800af64                VL53L0X_calc_sigma_estimate
 .text.VL53L0X_get_pal_range_status
                0x0800b3fc      0x3b6 ./Drivers/VL53L0X/core/src/vl53l0x_api_core.o
                0x0800b3fc                VL53L0X_get_pal_range_status
 .text._I2CWrite
                0x0800b7b2       0x3e ./Drivers/VL53L0X/platform/src/vl53l0x_platform.o
                0x0800b7b2                _I2CWrite
 .text._I2CRead
                0x0800b7f0       0x44 ./Drivers/VL53L0X/platform/src/vl53l0x_platform.o
                0x0800b7f0                _I2CRead
 .text.VL53L0X_WriteMulti
                0x0800b834       0x60 ./Drivers/VL53L0X/platform/src/vl53l0x_platform.o
                0x0800b834                VL53L0X_WriteMulti
 .text.VL53L0X_ReadMulti
                0x0800b894       0x56 ./Drivers/VL53L0X/platform/src/vl53l0x_platform.o
                0x0800b894                VL53L0X_ReadMulti
 *fill*         0x0800b8ea        0x2 
 .text.VL53L0X_WrByte
                0x0800b8ec       0x48 ./Drivers/VL53L0X/platform/src/vl53l0x_platform.o
                0x0800b8ec                VL53L0X_WrByte
 .text.VL53L0X_WrWord
                0x0800b934       0x54 ./Drivers/VL53L0X/platform/src/vl53l0x_platform.o
                0x0800b934                VL53L0X_WrWord
 .text.VL53L0X_UpdateByte
                0x0800b988       0x68 ./Drivers/VL53L0X/platform/src/vl53l0x_platform.o
                0x0800b988                VL53L0X_UpdateByte
 .text.VL53L0X_RdByte
                0x0800b9f0       0x54 ./Drivers/VL53L0X/platform/src/vl53l0x_platform.o
                0x0800b9f0                VL53L0X_RdByte
 .text.VL53L0X_RdWord
                0x0800ba44       0x6c ./Drivers/VL53L0X/platform/src/vl53l0x_platform.o
                0x0800ba44                VL53L0X_RdWord
 .text.VL53L0X_RdDWord
                0x0800bab0       0x78 ./Drivers/VL53L0X/platform/src/vl53l0x_platform.o
                0x0800bab0                VL53L0X_RdDWord
 .text.VL53L0X_PollingDelay
                0x0800bb28       0x1e ./Drivers/VL53L0X/platform/src/vl53l0x_platform.o
                0x0800bb28                VL53L0X_PollingDelay
 *fill*         0x0800bb46        0x2 
 .text.sprintf  0x0800bb48       0x40 C:/ST/STM32CubeIDE_1.17.0/STM32CubeIDE/plugins/com.st.stm32cube.ide.mcu.externaltools.gnu-tools-for-stm32.12.3.rel1.win32_1.1.0.202410251130/tools/bin/../lib/gcc/arm-none-eabi/12.3.1/../../../../arm-none-eabi/lib/thumb/v7e-m+dp/hard\libc_nano.a(libc_a-sprintf.o)
                0x0800bb48                siprintf
                0x0800bb48                sprintf
 .text.memset   0x0800bb88       0x10 C:/ST/STM32CubeIDE_1.17.0/STM32CubeIDE/plugins/com.st.stm32cube.ide.mcu.externaltools.gnu-tools-for-stm32.12.3.rel1.win32_1.1.0.202410251130/tools/bin/../lib/gcc/arm-none-eabi/12.3.1/../../../../arm-none-eabi/lib/thumb/v7e-m+dp/hard\libc_nano.a(libc_a-memset.o)
                0x0800bb88                memset
 .text.__errno  0x0800bb98        0xc C:/ST/STM32CubeIDE_1.17.0/STM32CubeIDE/plugins/com.st.stm32cube.ide.mcu.externaltools.gnu-tools-for-stm32.12.3.rel1.win32_1.1.0.202410251130/tools/bin/../lib/gcc/arm-none-eabi/12.3.1/../../../../arm-none-eabi/lib/thumb/v7e-m+dp/hard\libc_nano.a(libc_a-errno.o)
                0x0800bb98                __errno
 .text.__libc_init_array
                0x0800bba4       0x48 C:/ST/STM32CubeIDE_1.17.0/STM32CubeIDE/plugins/com.st.stm32cube.ide.mcu.externaltools.gnu-tools-for-stm32.12.3.rel1.win32_1.1.0.202410251130/tools/bin/../lib/gcc/arm-none-eabi/12.3.1/../../../../arm-none-eabi/lib/thumb/v7e-m+dp/hard\libc_nano.a(libc_a-init.o)
                0x0800bba4                __libc_init_array
 .text.__retarget_lock_acquire_recursive
                0x0800bbec        0x2 C:/ST/STM32CubeIDE_1.17.0/STM32CubeIDE/plugins/com.st.stm32cube.ide.mcu.externaltools.gnu-tools-for-stm32.12.3.rel1.win32_1.1.0.202410251130/tools/bin/../lib/gcc/arm-none-eabi/12.3.1/../../../../arm-none-eabi/lib/thumb/v7e-m+dp/hard\libc_nano.a(libc_a-lock.o)
                0x0800bbec                __retarget_lock_acquire_recursive
 .text.__retarget_lock_release_recursive
                0x0800bbee        0x2 C:/ST/STM32CubeIDE_1.17.0/STM32CubeIDE/plugins/com.st.stm32cube.ide.mcu.externaltools.gnu-tools-for-stm32.12.3.rel1.win32_1.1.0.202410251130/tools/bin/../lib/gcc/arm-none-eabi/12.3.1/../../../../arm-none-eabi/lib/thumb/v7e-m+dp/hard\libc_nano.a(libc_a-lock.o)
                0x0800bbee                __retarget_lock_release_recursive
 .text.strcpy   0x0800bbf0       0x10 C:/ST/STM32CubeIDE_1.17.0/STM32CubeIDE/plugins/com.st.stm32cube.ide.mcu.externaltools.gnu-tools-for-stm32.12.3.rel1.win32_1.1.0.202410251130/tools/bin/../lib/gcc/arm-none-eabi/12.3.1/../../../../arm-none-eabi/lib/thumb/v7e-m+dp/hard\libc_nano.a(libc_a-strcpy.o)
                0x0800bbf0                strcpy
 .text.memcpy   0x0800bc00       0x1c C:/ST/STM32CubeIDE_1.17.0/STM32CubeIDE/plugins/com.st.stm32cube.ide.mcu.externaltools.gnu-tools-for-stm32.12.3.rel1.win32_1.1.0.202410251130/tools/bin/../lib/gcc/arm-none-eabi/12.3.1/../../../../arm-none-eabi/lib/thumb/v7e-m+dp/hard\libc_nano.a(libc_a-memcpy-stub.o)
                0x0800bc00                memcpy
 .text._free_r  0x0800bc1c       0x94 C:/ST/STM32CubeIDE_1.17.0/STM32CubeIDE/plugins/com.st.stm32cube.ide.mcu.externaltools.gnu-tools-for-stm32.12.3.rel1.win32_1.1.0.202410251130/tools/bin/../lib/gcc/arm-none-eabi/12.3.1/../../../../arm-none-eabi/lib/thumb/v7e-m+dp/hard\libc_nano.a(libc_a-freer.o)
                0x0800bc1c                _free_r
 .text.sbrk_aligned
                0x0800bcb0       0x44 C:/ST/STM32CubeIDE_1.17.0/STM32CubeIDE/plugins/com.st.stm32cube.ide.mcu.externaltools.gnu-tools-for-stm32.12.3.rel1.win32_1.1.0.202410251130/tools/bin/../lib/gcc/arm-none-eabi/12.3.1/../../../../arm-none-eabi/lib/thumb/v7e-m+dp/hard\libc_nano.a(libc_a-mallocr.o)
 .text._malloc_r
                0x0800bcf4      0x100 C:/ST/STM32CubeIDE_1.17.0/STM32CubeIDE/plugins/com.st.stm32cube.ide.mcu.externaltools.gnu-tools-for-stm32.12.3.rel1.win32_1.1.0.202410251130/tools/bin/../lib/gcc/arm-none-eabi/12.3.1/../../../../arm-none-eabi/lib/thumb/v7e-m+dp/hard\libc_nano.a(libc_a-mallocr.o)
                0x0800bcf4                _malloc_r
 .text.__malloc_lock
                0x0800bdf4        0xc C:/ST/STM32CubeIDE_1.17.0/STM32CubeIDE/plugins/com.st.stm32cube.ide.mcu.externaltools.gnu-tools-for-stm32.12.3.rel1.win32_1.1.0.202410251130/tools/bin/../lib/gcc/arm-none-eabi/12.3.1/../../../../arm-none-eabi/lib/thumb/v7e-m+dp/hard\libc_nano.a(libc_a-mlock.o)
                0x0800bdf4                __malloc_lock
 .text.__malloc_unlock
                0x0800be00        0xc C:/ST/STM32CubeIDE_1.17.0/STM32CubeIDE/plugins/com.st.stm32cube.ide.mcu.externaltools.gnu-tools-for-stm32.12.3.rel1.win32_1.1.0.202410251130/tools/bin/../lib/gcc/arm-none-eabi/12.3.1/../../../../arm-none-eabi/lib/thumb/v7e-m+dp/hard\libc_nano.a(libc_a-mlock.o)
                0x0800be00                __malloc_unlock
 .text.__ssputs_r
                0x0800be0c       0xb6 C:/ST/STM32CubeIDE_1.17.0/STM32CubeIDE/plugins/com.st.stm32cube.ide.mcu.externaltools.gnu-tools-for-stm32.12.3.rel1.win32_1.1.0.202410251130/tools/bin/../lib/gcc/arm-none-eabi/12.3.1/../../../../arm-none-eabi/lib/thumb/v7e-m+dp/hard\libc_nano.a(libc_a-nano-svfprintf.o)
                0x0800be0c                __ssputs_r
 *fill*         0x0800bec2        0x2 
 .text._svfprintf_r
                0x0800bec4      0x1f8 C:/ST/STM32CubeIDE_1.17.0/STM32CubeIDE/plugins/com.st.stm32cube.ide.mcu.externaltools.gnu-tools-for-stm32.12.3.rel1.win32_1.1.0.202410251130/tools/bin/../lib/gcc/arm-none-eabi/12.3.1/../../../../arm-none-eabi/lib/thumb/v7e-m+dp/hard\libc_nano.a(libc_a-nano-svfprintf.o)
                0x0800bec4                _svfiprintf_r
                0x0800bec4                _svfprintf_r
 .text._printf_common
                0x0800c0bc       0xda C:/ST/STM32CubeIDE_1.17.0/STM32CubeIDE/plugins/com.st.stm32cube.ide.mcu.externaltools.gnu-tools-for-stm32.12.3.rel1.win32_1.1.0.202410251130/tools/bin/../lib/gcc/arm-none-eabi/12.3.1/../../../../arm-none-eabi/lib/thumb/v7e-m+dp/hard\libc_nano.a(libc_a-nano-vfprintf_i.o)
                0x0800c0bc                _printf_common
 *fill*         0x0800c196        0x2 
 .text._printf_i
                0x0800c198      0x240 C:/ST/STM32CubeIDE_1.17.0/STM32CubeIDE/plugins/com.st.stm32cube.ide.mcu.externaltools.gnu-tools-for-stm32.12.3.rel1.win32_1.1.0.202410251130/tools/bin/../lib/gcc/arm-none-eabi/12.3.1/../../../../arm-none-eabi/lib/thumb/v7e-m+dp/hard\libc_nano.a(libc_a-nano-vfprintf_i.o)
                0x0800c198                _printf_i
 .text.memmove  0x0800c3d8       0x34 C:/ST/STM32CubeIDE_1.17.0/STM32CubeIDE/plugins/com.st.stm32cube.ide.mcu.externaltools.gnu-tools-for-stm32.12.3.rel1.win32_1.1.0.202410251130/tools/bin/../lib/gcc/arm-none-eabi/12.3.1/../../../../arm-none-eabi/lib/thumb/v7e-m+dp/hard\libc_nano.a(libc_a-memmove.o)
                0x0800c3d8                memmove
 .text._sbrk_r  0x0800c40c       0x20 C:/ST/STM32CubeIDE_1.17.0/STM32CubeIDE/plugins/com.st.stm32cube.ide.mcu.externaltools.gnu-tools-for-stm32.12.3.rel1.win32_1.1.0.202410251130/tools/bin/../lib/gcc/arm-none-eabi/12.3.1/../../../../arm-none-eabi/lib/thumb/v7e-m+dp/hard\libc_nano.a(libc_a-sbrkr.o)
                0x0800c40c                _sbrk_r
 .text._realloc_r
                0x0800c42c       0x5c C:/ST/STM32CubeIDE_1.17.0/STM32CubeIDE/plugins/com.st.stm32cube.ide.mcu.externaltools.gnu-tools-for-stm32.12.3.rel1.win32_1.1.0.202410251130/tools/bin/../lib/gcc/arm-none-eabi/12.3.1/../../../../arm-none-eabi/lib/thumb/v7e-m+dp/hard\libc_nano.a(libc_a-reallocr.o)
                0x0800c42c                _realloc_r
 .text._malloc_usable_size_r
                0x0800c488       0x10 C:/ST/STM32CubeIDE_1.17.0/STM32CubeIDE/plugins/com.st.stm32cube.ide.mcu.externaltools.gnu-tools-for-stm32.12.3.rel1.win32_1.1.0.202410251130/tools/bin/../lib/gcc/arm-none-eabi/12.3.1/../../../../arm-none-eabi/lib/thumb/v7e-m+dp/hard\libc_nano.a(libc_a-msizer.o)
                0x0800c488                _malloc_usable_size_r
 *(.glue_7)
 .glue_7        0x0800c498        0x0 linker stubs
 *(.glue_7t)
 .glue_7t       0x0800c498        0x0 linker stubs
 *(.eh_frame)
 .eh_frame      0x0800c498        0x0 C:/ST/STM32CubeIDE_1.17.0/STM32CubeIDE/plugins/com.st.stm32cube.ide.mcu.externaltools.gnu-tools-for-stm32.12.3.rel1.win32_1.1.0.202410251130/tools/bin/../lib/gcc/arm-none-eabi/12.3.1/thumb/v7e-m+dp/hard/crtbegin.o
 *(.init)
 .init          0x0800c498        0x4 C:/ST/STM32CubeIDE_1.17.0/STM32CubeIDE/plugins/com.st.stm32cube.ide.mcu.externaltools.gnu-tools-for-stm32.12.3.rel1.win32_1.1.0.202410251130/tools/bin/../lib/gcc/arm-none-eabi/12.3.1/thumb/v7e-m+dp/hard/crti.o
                0x0800c498                _init
 .init          0x0800c49c        0x8 C:/ST/STM32CubeIDE_1.17.0/STM32CubeIDE/plugins/com.st.stm32cube.ide.mcu.externaltools.gnu-tools-for-stm32.12.3.rel1.win32_1.1.0.202410251130/tools/bin/../lib/gcc/arm-none-eabi/12.3.1/thumb/v7e-m+dp/hard/crtn.o
 *(.fini)
 .fini          0x0800c4a4        0x4 C:/ST/STM32CubeIDE_1.17.0/STM32CubeIDE/plugins/com.st.stm32cube.ide.mcu.externaltools.gnu-tools-for-stm32.12.3.rel1.win32_1.1.0.202410251130/tools/bin/../lib/gcc/arm-none-eabi/12.3.1/thumb/v7e-m+dp/hard/crti.o
                0x0800c4a4                _fini
 .fini          0x0800c4a8        0x8 C:/ST/STM32CubeIDE_1.17.0/STM32CubeIDE/plugins/com.st.stm32cube.ide.mcu.externaltools.gnu-tools-for-stm32.12.3.rel1.win32_1.1.0.202410251130/tools/bin/../lib/gcc/arm-none-eabi/12.3.1/thumb/v7e-m+dp/hard/crtn.o
                0x0800c4b0                        . = ALIGN (0x4)
                0x0800c4b0                        _etext = .

.vfp11_veneer   0x0800c4b0        0x0
 .vfp11_veneer  0x0800c4b0        0x0 linker stubs

.v4_bx          0x0800c4b0        0x0
 .v4_bx         0x0800c4b0        0x0 linker stubs

.iplt           0x0800c4b0        0x0
 .iplt          0x0800c4b0        0x0 C:/ST/STM32CubeIDE_1.17.0/STM32CubeIDE/plugins/com.st.stm32cube.ide.mcu.externaltools.gnu-tools-for-stm32.12.3.rel1.win32_1.1.0.202410251130/tools/bin/../lib/gcc/arm-none-eabi/12.3.1/thumb/v7e-m+dp/hard/crtbegin.o

.rodata         0x0800c4b0       0x94
                0x0800c4b0                        . = ALIGN (0x4)
 *(.rodata)
 .rodata        0x0800c4b0       0x28 ./Core/Src/main.o
 *(.rodata*)
 .rodata.D1CorePrescTable
                0x0800c4d8       0x10 ./Common/Src/system_stm32h7xx_dualcore_boot_cm4_cm7.o
                0x0800c4d8                D1CorePrescTable
 .rodata.UARTPrescTable
                0x0800c4e8       0x18 ./Drivers/STM32H7xx_HAL_Driver/stm32h7xx_hal_uart.o
                0x0800c4e8                UARTPrescTable
 .rodata.numerator.1
                0x0800c500        0x8 ./Drivers/STM32H7xx_HAL_Driver/stm32h7xx_hal_uart_ex.o
 .rodata.denominator.0
                0x0800c508        0x8 ./Drivers/STM32H7xx_HAL_Driver/stm32h7xx_hal_uart_ex.o
 .rodata._svfprintf_r.str1.1
                0x0800c510       0x11 C:/ST/STM32CubeIDE_1.17.0/STM32CubeIDE/plugins/com.st.stm32cube.ide.mcu.externaltools.gnu-tools-for-stm32.12.3.rel1.win32_1.1.0.202410251130/tools/bin/../lib/gcc/arm-none-eabi/12.3.1/../../../../arm-none-eabi/lib/thumb/v7e-m+dp/hard\libc_nano.a(libc_a-nano-svfprintf.o)
 .rodata._printf_i.str1.1
                0x0800c521       0x22 C:/ST/STM32CubeIDE_1.17.0/STM32CubeIDE/plugins/com.st.stm32cube.ide.mcu.externaltools.gnu-tools-for-stm32.12.3.rel1.win32_1.1.0.202410251130/tools/bin/../lib/gcc/arm-none-eabi/12.3.1/../../../../arm-none-eabi/lib/thumb/v7e-m+dp/hard\libc_nano.a(libc_a-nano-vfprintf_i.o)
                0x0800c544                        . = ALIGN (0x4)
 *fill*         0x0800c543        0x1 

.ARM.extab      0x0800c544        0x0
                0x0800c544                        . = ALIGN (0x4)
 *(.ARM.extab* .gnu.linkonce.armextab.*)
                0x0800c544                        . = ALIGN (0x4)

.ARM            0x0800c544        0x8
                0x0800c544                        . = ALIGN (0x4)
                0x0800c544                        __exidx_start = .
 *(.ARM.exidx*)
 .ARM.exidx     0x0800c544        0x8 C:/ST/STM32CubeIDE_1.17.0/STM32CubeIDE/plugins/com.st.stm32cube.ide.mcu.externaltools.gnu-tools-for-stm32.12.3.rel1.win32_1.1.0.202410251130/tools/bin/../lib/gcc/arm-none-eabi/12.3.1/../../../../arm-none-eabi/lib/thumb/v7e-m+dp/hard\libc_nano.a(libc_a-memchr.o)
 .ARM.exidx     0x0800c54c        0x0 C:/ST/STM32CubeIDE_1.17.0/STM32CubeIDE/plugins/com.st.stm32cube.ide.mcu.externaltools.gnu-tools-for-stm32.12.3.rel1.win32_1.1.0.202410251130/tools/bin/../lib/gcc/arm-none-eabi/12.3.1/thumb/v7e-m+dp/hard\libgcc.a(_udivmoddi4.o)
                                  0x8 (size before relaxing)
                0x0800c54c                        __exidx_end = .
                0x0800c54c                        . = ALIGN (0x4)

.preinit_array  0x0800c54c        0x0
                0x0800c54c                        . = ALIGN (0x4)
                0x0800c54c                        PROVIDE (__preinit_array_start = .)
 *(.preinit_array*)
                0x0800c54c                        PROVIDE (__preinit_array_end = .)
                0x0800c54c                        . = ALIGN (0x4)

.init_array     0x0800c54c        0x4
                0x0800c54c                        . = ALIGN (0x4)
                0x0800c54c                        PROVIDE (__init_array_start = .)
 *(SORT_BY_NAME(.init_array.*))
 *(.init_array*)
 .init_array    0x0800c54c        0x4 C:/ST/STM32CubeIDE_1.17.0/STM32CubeIDE/plugins/com.st.stm32cube.ide.mcu.externaltools.gnu-tools-for-stm32.12.3.rel1.win32_1.1.0.202410251130/tools/bin/../lib/gcc/arm-none-eabi/12.3.1/thumb/v7e-m+dp/hard/crtbegin.o
                0x0800c550                        PROVIDE (__init_array_end = .)
                0x0800c550                        . = ALIGN (0x4)

.fini_array     0x0800c550        0x4
                0x0800c550                        . = ALIGN (0x4)
                [!provide]                        PROVIDE (__fini_array_start = .)
 *(SORT_BY_NAME(.fini_array.*))
 *(.fini_array*)
 .fini_array    0x0800c550        0x4 C:/ST/STM32CubeIDE_1.17.0/STM32CubeIDE/plugins/com.st.stm32cube.ide.mcu.externaltools.gnu-tools-for-stm32.12.3.rel1.win32_1.1.0.202410251130/tools/bin/../lib/gcc/arm-none-eabi/12.3.1/thumb/v7e-m+dp/hard/crtbegin.o
                [!provide]                        PROVIDE (__fini_array_end = .)
                0x0800c554                        . = ALIGN (0x4)
                0x0800c554                        _sidata = LOADADDR (.data)

.rel.dyn        0x0800c554        0x0
 .rel.iplt      0x0800c554        0x0 C:/ST/STM32CubeIDE_1.17.0/STM32CubeIDE/plugins/com.st.stm32cube.ide.mcu.externaltools.gnu-tools-for-stm32.12.3.rel1.win32_1.1.0.202410251130/tools/bin/../lib/gcc/arm-none-eabi/12.3.1/thumb/v7e-m+dp/hard/crtbegin.o

.data           0x24000000      0x320 load address 0x0800c554
                0x24000000                        . = ALIGN (0x4)
                0x24000000                        _sdata = .
 *(.data)
 *(.data*)
 .data.SystemCoreClock
                0x24000000        0x4 ./Common/Src/system_stm32h7xx_dualcore_boot_cm4_cm7.o
                0x24000000                SystemCoreClock
 .data.SystemD2Clock
                0x24000004        0x4 ./Common/Src/system_stm32h7xx_dualcore_boot_cm4_cm7.o
                0x24000004                SystemD2Clock
 .data.Dev      0x24000008        0x4 ./Core/Src/main.o
                0x24000008                Dev
 .data.uwTickPrio
                0x2400000c        0x4 ./Drivers/STM32H7xx_HAL_Driver/stm32h7xx_hal.o
                0x2400000c                uwTickPrio
 .data.uwTickFreq
                0x24000010        0x1 ./Drivers/STM32H7xx_HAL_Driver/stm32h7xx_hal.o
                0x24000010                uwTickFreq
 *fill*         0x24000011        0x3 
 .data.DefaultTuningSettings
                0x24000014       0xf3 ./Drivers/VL53L0X/core/src/vl53l0x_api.o
                0x24000014                DefaultTuningSettings
 *fill*         0x24000107        0x1 
 .data.InterruptThresholdSettings
                0x24000108      0x1b6 ./Drivers/VL53L0X/core/src/vl53l0x_api.o
                0x24000108                InterruptThresholdSettings
 *fill*         0x240002be        0x2 
 .data.refArrayQuadrants
                0x240002c0       0x10 ./Drivers/VL53L0X/core/src/vl53l0x_api_calibration.o
                0x240002c0                refArrayQuadrants
 .data._impure_ptr
                0x240002d0        0x4 C:/ST/STM32CubeIDE_1.17.0/STM32CubeIDE/plugins/com.st.stm32cube.ide.mcu.externaltools.gnu-tools-for-stm32.12.3.rel1.win32_1.1.0.202410251130/tools/bin/../lib/gcc/arm-none-eabi/12.3.1/../../../../arm-none-eabi/lib/thumb/v7e-m+dp/hard\libc_nano.a(libc_a-impure.o)
                0x240002d0                _impure_ptr
 .data._impure_data
                0x240002d4       0x4c C:/ST/STM32CubeIDE_1.17.0/STM32CubeIDE/plugins/com.st.stm32cube.ide.mcu.externaltools.gnu-tools-for-stm32.12.3.rel1.win32_1.1.0.202410251130/tools/bin/../lib/gcc/arm-none-eabi/12.3.1/../../../../arm-none-eabi/lib/thumb/v7e-m+dp/hard\libc_nano.a(libc_a-impure.o)
                0x240002d4                _impure_data
 *(.RamFunc)
 *(.RamFunc*)
                0x24000320                        . = ALIGN (0x4)
                0x24000320                        _edata = .

.igot.plt       0x24000320        0x0 load address 0x0800c874
 .igot.plt      0x24000320        0x0 C:/ST/STM32CubeIDE_1.17.0/STM32CubeIDE/plugins/com.st.stm32cube.ide.mcu.externaltools.gnu-tools-for-stm32.12.3.rel1.win32_1.1.0.202410251130/tools/bin/../lib/gcc/arm-none-eabi/12.3.1/thumb/v7e-m+dp/hard/crtbegin.o
                0x24000320                        . = ALIGN (0x4)

.bss            0x24000320      0x4d0 load address 0x0800c874
                0x24000320                        _sbss = .
                0x24000320                        __bss_start__ = _sbss
 *(.bss)
 .bss           0x24000320       0x1c C:/ST/STM32CubeIDE_1.17.0/STM32CubeIDE/plugins/com.st.stm32cube.ide.mcu.externaltools.gnu-tools-for-stm32.12.3.rel1.win32_1.1.0.202410251130/tools/bin/../lib/gcc/arm-none-eabi/12.3.1/thumb/v7e-m+dp/hard/crtbegin.o
 *(.bss*)
 .bss.hi2c2     0x2400033c       0x54 ./Core/Src/i2c.o
                0x2400033c                hi2c2
 .bss.Message   0x24000390       0x40 ./Core/Src/main.o
                0x24000390                Message
 .bss.MessageLen
                0x240003d0        0x1 ./Core/Src/main.o
                0x240003d0                MessageLen
 *fill*         0x240003d1        0x3 
 .bss.RangingData
                0x240003d4       0x1c ./Core/Src/main.o
                0x240003d4                RangingData
 .bss.vl53l0x_c
                0x240003f0      0x190 ./Core/Src/main.o
                0x240003f0                vl53l0x_c
 .bss.__sbrk_heap_end
                0x24000580        0x4 ./Core/Src/sysmem.o
 .bss.htim1     0x24000584       0x4c ./Core/Src/tim.o
                0x24000584                htim1
 .bss.huart3    0x240005d0       0x94 ./Core/Src/usart.o
                0x240005d0                huart3
 .bss.uwTick    0x24000664        0x4 ./Drivers/STM32H7xx_HAL_Driver/stm32h7xx_hal.o
                0x24000664                uwTick
 .bss._I2CBuffer
                0x24000668       0x40 ./Drivers/VL53L0X/platform/src/vl53l0x_platform.o
                0x24000668                _I2CBuffer
 .bss.__sf      0x240006a8      0x138 C:/ST/STM32CubeIDE_1.17.0/STM32CubeIDE/plugins/com.st.stm32cube.ide.mcu.externaltools.gnu-tools-for-stm32.12.3.rel1.win32_1.1.0.202410251130/tools/bin/../lib/gcc/arm-none-eabi/12.3.1/../../../../arm-none-eabi/lib/thumb/v7e-m+dp/hard\libc_nano.a(libc_a-findfp.o)
                0x240006a8                __sf
 .bss.errno     0x240007e0        0x4 C:/ST/STM32CubeIDE_1.17.0/STM32CubeIDE/plugins/com.st.stm32cube.ide.mcu.externaltools.gnu-tools-for-stm32.12.3.rel1.win32_1.1.0.202410251130/tools/bin/../lib/gcc/arm-none-eabi/12.3.1/../../../../arm-none-eabi/lib/thumb/v7e-m+dp/hard\libc_nano.a(libc_a-reent.o)
                0x240007e0                errno
 .bss.__lock___malloc_recursive_mutex
                0x240007e4        0x1 C:/ST/STM32CubeIDE_1.17.0/STM32CubeIDE/plugins/com.st.stm32cube.ide.mcu.externaltools.gnu-tools-for-stm32.12.3.rel1.win32_1.1.0.202410251130/tools/bin/../lib/gcc/arm-none-eabi/12.3.1/../../../../arm-none-eabi/lib/thumb/v7e-m+dp/hard\libc_nano.a(libc_a-lock.o)
                0x240007e4                __lock___malloc_recursive_mutex
 *fill*         0x240007e5        0x3 
 .bss.__malloc_sbrk_start
                0x240007e8        0x4 C:/ST/STM32CubeIDE_1.17.0/STM32CubeIDE/plugins/com.st.stm32cube.ide.mcu.externaltools.gnu-tools-for-stm32.12.3.rel1.win32_1.1.0.202410251130/tools/bin/../lib/gcc/arm-none-eabi/12.3.1/../../../../arm-none-eabi/lib/thumb/v7e-m+dp/hard\libc_nano.a(libc_a-mallocr.o)
                0x240007e8                __malloc_sbrk_start
 .bss.__malloc_free_list
                0x240007ec        0x4 C:/ST/STM32CubeIDE_1.17.0/STM32CubeIDE/plugins/com.st.stm32cube.ide.mcu.externaltools.gnu-tools-for-stm32.12.3.rel1.win32_1.1.0.202410251130/tools/bin/../lib/gcc/arm-none-eabi/12.3.1/../../../../arm-none-eabi/lib/thumb/v7e-m+dp/hard\libc_nano.a(libc_a-mallocr.o)
                0x240007ec                __malloc_free_list
 *(COMMON)
                0x240007f0                        . = ALIGN (0x4)
                0x240007f0                        _ebss = .
                0x240007f0                        __bss_end__ = _ebss

._user_heap_stack
                0x240007f0      0x600 load address 0x0800c874
                0x240007f0                        . = ALIGN (0x8)
                [!provide]                        PROVIDE (end = .)
                0x240007f0                        PROVIDE (_end = .)
                0x240009f0                        . = (. + _Min_Heap_Size)
 *fill*         0x240007f0      0x200 
                0x24000df0                        . = (. + _Min_Stack_Size)
 *fill*         0x240009f0      0x400 
                0x24000df0                        . = ALIGN (0x8)

/DISCARD/
 libc.a(*)
 libm.a(*)
 libgcc.a(*)

.ARM.attributes
                0x00000000       0x2e
 *(.ARM.attributes)
 .ARM.attributes
                0x00000000       0x20 C:/ST/STM32CubeIDE_1.17.0/STM32CubeIDE/plugins/com.st.stm32cube.ide.mcu.externaltools.gnu-tools-for-stm32.12.3.rel1.win32_1.1.0.202410251130/tools/bin/../lib/gcc/arm-none-eabi/12.3.1/thumb/v7e-m+dp/hard/crti.o
 .ARM.attributes
                0x00000020       0x32 C:/ST/STM32CubeIDE_1.17.0/STM32CubeIDE/plugins/com.st.stm32cube.ide.mcu.externaltools.gnu-tools-for-stm32.12.3.rel1.win32_1.1.0.202410251130/tools/bin/../lib/gcc/arm-none-eabi/12.3.1/thumb/v7e-m+dp/hard/crtbegin.o
 .ARM.attributes
                0x00000052       0x32 ./Common/Src/system_stm32h7xx_dualcore_boot_cm4_cm7.o
 .ARM.attributes
                0x00000084       0x32 ./Core/Src/gpio.o
 .ARM.attributes
                0x000000b6       0x32 ./Core/Src/i2c.o
 .ARM.attributes
                0x000000e8       0x32 ./Core/Src/main.o
 .ARM.attributes
                0x0000011a       0x32 ./Core/Src/stm32h7xx_hal_msp.o
 .ARM.attributes
                0x0000014c       0x32 ./Core/Src/stm32h7xx_it.o
 .ARM.attributes
                0x0000017e       0x32 ./Core/Src/sysmem.o
 .ARM.attributes
                0x000001b0       0x32 ./Core/Src/tim.o
 .ARM.attributes
                0x000001e2       0x32 ./Core/Src/usart.o
 .ARM.attributes
                0x00000214       0x21 ./Core/Startup/startup_stm32h745zitx.o
 .ARM.attributes
                0x00000235       0x32 ./Drivers/STM32H7xx_HAL_Driver/stm32h7xx_hal.o
 .ARM.attributes
                0x00000267       0x32 ./Drivers/STM32H7xx_HAL_Driver/stm32h7xx_hal_cortex.o
 .ARM.attributes
                0x00000299       0x32 ./Drivers/STM32H7xx_HAL_Driver/stm32h7xx_hal_gpio.o
 .ARM.attributes
                0x000002cb       0x32 ./Drivers/STM32H7xx_HAL_Driver/stm32h7xx_hal_hsem.o
 .ARM.attributes
                0x000002fd       0x32 ./Drivers/STM32H7xx_HAL_Driver/stm32h7xx_hal_i2c.o
 .ARM.attributes
                0x0000032f       0x32 ./Drivers/STM32H7xx_HAL_Driver/stm32h7xx_hal_i2c_ex.o
 .ARM.attributes
                0x00000361       0x32 ./Drivers/STM32H7xx_HAL_Driver/stm32h7xx_hal_pwr_ex.o
 .ARM.attributes
                0x00000393       0x32 ./Drivers/STM32H7xx_HAL_Driver/stm32h7xx_hal_rcc.o
 .ARM.attributes
                0x000003c5       0x32 ./Drivers/STM32H7xx_HAL_Driver/stm32h7xx_hal_rcc_ex.o
 .ARM.attributes
                0x000003f7       0x32 ./Drivers/STM32H7xx_HAL_Driver/stm32h7xx_hal_tim.o
 .ARM.attributes
                0x00000429       0x32 ./Drivers/STM32H7xx_HAL_Driver/stm32h7xx_hal_tim_ex.o
 .ARM.attributes
                0x0000045b       0x32 ./Drivers/STM32H7xx_HAL_Driver/stm32h7xx_hal_uart.o
 .ARM.attributes
                0x0000048d       0x32 ./Drivers/STM32H7xx_HAL_Driver/stm32h7xx_hal_uart_ex.o
 .ARM.attributes
                0x000004bf       0x32 ./Drivers/VL53L0X/core/src/vl53l0x_api.o
 .ARM.attributes
                0x000004f1       0x32 ./Drivers/VL53L0X/core/src/vl53l0x_api_calibration.o
 .ARM.attributes
                0x00000523       0x32 ./Drivers/VL53L0X/core/src/vl53l0x_api_core.o
 .ARM.attributes
                0x00000555       0x32 ./Drivers/VL53L0X/platform/src/vl53l0x_platform.o
 .ARM.attributes
                0x00000587       0x32 C:/ST/STM32CubeIDE_1.17.0/STM32CubeIDE/plugins/com.st.stm32cube.ide.mcu.externaltools.gnu-tools-for-stm32.12.3.rel1.win32_1.1.0.202410251130/tools/bin/../lib/gcc/arm-none-eabi/12.3.1/../../../../arm-none-eabi/lib/thumb/v7e-m+dp/hard\libc_nano.a(libc_a-findfp.o)
 .ARM.attributes
                0x000005b9       0x32 C:/ST/STM32CubeIDE_1.17.0/STM32CubeIDE/plugins/com.st.stm32cube.ide.mcu.externaltools.gnu-tools-for-stm32.12.3.rel1.win32_1.1.0.202410251130/tools/bin/../lib/gcc/arm-none-eabi/12.3.1/../../../../arm-none-eabi/lib/thumb/v7e-m+dp/hard\libc_nano.a(libc_a-sprintf.o)
 .ARM.attributes
                0x000005eb       0x32 C:/ST/STM32CubeIDE_1.17.0/STM32CubeIDE/plugins/com.st.stm32cube.ide.mcu.externaltools.gnu-tools-for-stm32.12.3.rel1.win32_1.1.0.202410251130/tools/bin/../lib/gcc/arm-none-eabi/12.3.1/../../../../arm-none-eabi/lib/thumb/v7e-m+dp/hard\libc_nano.a(libc_a-memset.o)
 .ARM.attributes
                0x0000061d       0x32 C:/ST/STM32CubeIDE_1.17.0/STM32CubeIDE/plugins/com.st.stm32cube.ide.mcu.externaltools.gnu-tools-for-stm32.12.3.rel1.win32_1.1.0.202410251130/tools/bin/../lib/gcc/arm-none-eabi/12.3.1/../../../../arm-none-eabi/lib/thumb/v7e-m+dp/hard\libc_nano.a(libc_a-reent.o)
 .ARM.attributes
                0x0000064f       0x32 C:/ST/STM32CubeIDE_1.17.0/STM32CubeIDE/plugins/com.st.stm32cube.ide.mcu.externaltools.gnu-tools-for-stm32.12.3.rel1.win32_1.1.0.202410251130/tools/bin/../lib/gcc/arm-none-eabi/12.3.1/../../../../arm-none-eabi/lib/thumb/v7e-m+dp/hard\libc_nano.a(libc_a-impure.o)
 .ARM.attributes
                0x00000681       0x32 C:/ST/STM32CubeIDE_1.17.0/STM32CubeIDE/plugins/com.st.stm32cube.ide.mcu.externaltools.gnu-tools-for-stm32.12.3.rel1.win32_1.1.0.202410251130/tools/bin/../lib/gcc/arm-none-eabi/12.3.1/../../../../arm-none-eabi/lib/thumb/v7e-m+dp/hard\libc_nano.a(libc_a-errno.o)
 .ARM.attributes
                0x000006b3       0x32 C:/ST/STM32CubeIDE_1.17.0/STM32CubeIDE/plugins/com.st.stm32cube.ide.mcu.externaltools.gnu-tools-for-stm32.12.3.rel1.win32_1.1.0.202410251130/tools/bin/../lib/gcc/arm-none-eabi/12.3.1/../../../../arm-none-eabi/lib/thumb/v7e-m+dp/hard\libc_nano.a(libc_a-init.o)
 .ARM.attributes
                0x000006e5       0x32 C:/ST/STM32CubeIDE_1.17.0/STM32CubeIDE/plugins/com.st.stm32cube.ide.mcu.externaltools.gnu-tools-for-stm32.12.3.rel1.win32_1.1.0.202410251130/tools/bin/../lib/gcc/arm-none-eabi/12.3.1/../../../../arm-none-eabi/lib/thumb/v7e-m+dp/hard\libc_nano.a(libc_a-lock.o)
 .ARM.attributes
                0x00000717       0x32 C:/ST/STM32CubeIDE_1.17.0/STM32CubeIDE/plugins/com.st.stm32cube.ide.mcu.externaltools.gnu-tools-for-stm32.12.3.rel1.win32_1.1.0.202410251130/tools/bin/../lib/gcc/arm-none-eabi/12.3.1/../../../../arm-none-eabi/lib/thumb/v7e-m+dp/hard\libc_nano.a(libc_a-strcpy.o)
 .ARM.attributes
                0x00000749       0x32 C:/ST/STM32CubeIDE_1.17.0/STM32CubeIDE/plugins/com.st.stm32cube.ide.mcu.externaltools.gnu-tools-for-stm32.12.3.rel1.win32_1.1.0.202410251130/tools/bin/../lib/gcc/arm-none-eabi/12.3.1/../../../../arm-none-eabi/lib/thumb/v7e-m+dp/hard\libc_nano.a(libc_a-memcpy-stub.o)
 .ARM.attributes
                0x0000077b       0x32 C:/ST/STM32CubeIDE_1.17.0/STM32CubeIDE/plugins/com.st.stm32cube.ide.mcu.externaltools.gnu-tools-for-stm32.12.3.rel1.win32_1.1.0.202410251130/tools/bin/../lib/gcc/arm-none-eabi/12.3.1/../../../../arm-none-eabi/lib/thumb/v7e-m+dp/hard\libc_nano.a(libc_a-freer.o)
 .ARM.attributes
                0x000007ad       0x32 C:/ST/STM32CubeIDE_1.17.0/STM32CubeIDE/plugins/com.st.stm32cube.ide.mcu.externaltools.gnu-tools-for-stm32.12.3.rel1.win32_1.1.0.202410251130/tools/bin/../lib/gcc/arm-none-eabi/12.3.1/../../../../arm-none-eabi/lib/thumb/v7e-m+dp/hard\libc_nano.a(libc_a-mallocr.o)
 .ARM.attributes
                0x000007df       0x32 C:/ST/STM32CubeIDE_1.17.0/STM32CubeIDE/plugins/com.st.stm32cube.ide.mcu.externaltools.gnu-tools-for-stm32.12.3.rel1.win32_1.1.0.202410251130/tools/bin/../lib/gcc/arm-none-eabi/12.3.1/../../../../arm-none-eabi/lib/thumb/v7e-m+dp/hard\libc_nano.a(libc_a-mlock.o)
 .ARM.attributes
                0x00000811       0x32 C:/ST/STM32CubeIDE_1.17.0/STM32CubeIDE/plugins/com.st.stm32cube.ide.mcu.externaltools.gnu-tools-for-stm32.12.3.rel1.win32_1.1.0.202410251130/tools/bin/../lib/gcc/arm-none-eabi/12.3.1/../../../../arm-none-eabi/lib/thumb/v7e-m+dp/hard\libc_nano.a(libc_a-nano-svfprintf.o)
 .ARM.attributes
                0x00000843       0x32 C:/ST/STM32CubeIDE_1.17.0/STM32CubeIDE/plugins/com.st.stm32cube.ide.mcu.externaltools.gnu-tools-for-stm32.12.3.rel1.win32_1.1.0.202410251130/tools/bin/../lib/gcc/arm-none-eabi/12.3.1/../../../../arm-none-eabi/lib/thumb/v7e-m+dp/hard\libc_nano.a(libc_a-nano-vfprintf_i.o)
 .ARM.attributes
                0x00000875       0x32 C:/ST/STM32CubeIDE_1.17.0/STM32CubeIDE/plugins/com.st.stm32cube.ide.mcu.externaltools.gnu-tools-for-stm32.12.3.rel1.win32_1.1.0.202410251130/tools/bin/../lib/gcc/arm-none-eabi/12.3.1/../../../../arm-none-eabi/lib/thumb/v7e-m+dp/hard\libc_nano.a(libc_a-memmove.o)
 .ARM.attributes
                0x000008a7       0x32 C:/ST/STM32CubeIDE_1.17.0/STM32CubeIDE/plugins/com.st.stm32cube.ide.mcu.externaltools.gnu-tools-for-stm32.12.3.rel1.win32_1.1.0.202410251130/tools/bin/../lib/gcc/arm-none-eabi/12.3.1/../../../../arm-none-eabi/lib/thumb/v7e-m+dp/hard\libc_nano.a(libc_a-sbrkr.o)
 .ARM.attributes
                0x000008d9       0x1c C:/ST/STM32CubeIDE_1.17.0/STM32CubeIDE/plugins/com.st.stm32cube.ide.mcu.externaltools.gnu-tools-for-stm32.12.3.rel1.win32_1.1.0.202410251130/tools/bin/../lib/gcc/arm-none-eabi/12.3.1/../../../../arm-none-eabi/lib/thumb/v7e-m+dp/hard\libc_nano.a(libc_a-memchr.o)
 .ARM.attributes
                0x000008f5       0x32 C:/ST/STM32CubeIDE_1.17.0/STM32CubeIDE/plugins/com.st.stm32cube.ide.mcu.externaltools.gnu-tools-for-stm32.12.3.rel1.win32_1.1.0.202410251130/tools/bin/../lib/gcc/arm-none-eabi/12.3.1/../../../../arm-none-eabi/lib/thumb/v7e-m+dp/hard\libc_nano.a(libc_a-reallocr.o)
 .ARM.attributes
                0x00000927       0x32 C:/ST/STM32CubeIDE_1.17.0/STM32CubeIDE/plugins/com.st.stm32cube.ide.mcu.externaltools.gnu-tools-for-stm32.12.3.rel1.win32_1.1.0.202410251130/tools/bin/../lib/gcc/arm-none-eabi/12.3.1/../../../../arm-none-eabi/lib/thumb/v7e-m+dp/hard\libc_nano.a(libc_a-msizer.o)
 .ARM.attributes
                0x00000959       0x20 C:/ST/STM32CubeIDE_1.17.0/STM32CubeIDE/plugins/com.st.stm32cube.ide.mcu.externaltools.gnu-tools-for-stm32.12.3.rel1.win32_1.1.0.202410251130/tools/bin/../lib/gcc/arm-none-eabi/12.3.1/thumb/v7e-m+dp/hard\libgcc.a(_aeabi_uldivmod.o)
 .ARM.attributes
                0x00000979       0x32 C:/ST/STM32CubeIDE_1.17.0/STM32CubeIDE/plugins/com.st.stm32cube.ide.mcu.externaltools.gnu-tools-for-stm32.12.3.rel1.win32_1.1.0.202410251130/tools/bin/../lib/gcc/arm-none-eabi/12.3.1/thumb/v7e-m+dp/hard\libgcc.a(_udivmoddi4.o)
 .ARM.attributes
                0x000009ab       0x20 C:/ST/STM32CubeIDE_1.17.0/STM32CubeIDE/plugins/com.st.stm32cube.ide.mcu.externaltools.gnu-tools-for-stm32.12.3.rel1.win32_1.1.0.202410251130/tools/bin/../lib/gcc/arm-none-eabi/12.3.1/thumb/v7e-m+dp/hard\libgcc.a(_dvmd_tls.o)
 .ARM.attributes
                0x000009cb       0x20 C:/ST/STM32CubeIDE_1.17.0/STM32CubeIDE/plugins/com.st.stm32cube.ide.mcu.externaltools.gnu-tools-for-stm32.12.3.rel1.win32_1.1.0.202410251130/tools/bin/../lib/gcc/arm-none-eabi/12.3.1/thumb/v7e-m+dp/hard/crtn.o
OUTPUT(VL53L0X_CM7.elf elf32-littlearm)
LOAD linker stubs
LOAD C:/ST/STM32CubeIDE_1.17.0/STM32CubeIDE/plugins/com.st.stm32cube.ide.mcu.externaltools.gnu-tools-for-stm32.12.3.rel1.win32_1.1.0.202410251130/tools/bin/../lib/gcc/arm-none-eabi/12.3.1/../../../../arm-none-eabi/lib/thumb/v7e-m+dp/hard\libc.a
LOAD C:/ST/STM32CubeIDE_1.17.0/STM32CubeIDE/plugins/com.st.stm32cube.ide.mcu.externaltools.gnu-tools-for-stm32.12.3.rel1.win32_1.1.0.202410251130/tools/bin/../lib/gcc/arm-none-eabi/12.3.1/../../../../arm-none-eabi/lib/thumb/v7e-m+dp/hard\libm.a
LOAD C:/ST/STM32CubeIDE_1.17.0/STM32CubeIDE/plugins/com.st.stm32cube.ide.mcu.externaltools.gnu-tools-for-stm32.12.3.rel1.win32_1.1.0.202410251130/tools/bin/../lib/gcc/arm-none-eabi/12.3.1/thumb/v7e-m+dp/hard\libgcc.a

.debug_info     0x00000000    0x22eb1
 .debug_info    0x00000000      0xe73 ./Common/Src/system_stm32h7xx_dualcore_boot_cm4_cm7.o
 .debug_info    0x00000e73      0x66c ./Core/Src/gpio.o
 .debug_info    0x000014df      0xff7 ./Core/Src/i2c.o
 .debug_info    0x000024d6     0x1f1f ./Core/Src/main.o
 .debug_info    0x000043f5      0x464 ./Core/Src/stm32h7xx_hal_msp.o
 .debug_info    0x00004859      0x128 ./Core/Src/stm32h7xx_it.o
 .debug_info    0x00004981      0x168 ./Core/Src/sysmem.o
 .debug_info    0x00004ae9      0xcdb ./Core/Src/tim.o
 .debug_info    0x000057c4     0x10b5 ./Core/Src/usart.o
 .debug_info    0x00006879       0x30 ./Core/Startup/startup_stm32h745zitx.o
 .debug_info    0x000068a9     0x1774 ./Drivers/STM32H7xx_HAL_Driver/stm32h7xx_hal.o
 .debug_info    0x0000801d     0x10cf ./Drivers/STM32H7xx_HAL_Driver/stm32h7xx_hal_cortex.o
 .debug_info    0x000090ec      0xd06 ./Drivers/STM32H7xx_HAL_Driver/stm32h7xx_hal_gpio.o
 .debug_info    0x00009df2      0x3d3 ./Drivers/STM32H7xx_HAL_Driver/stm32h7xx_hal_hsem.o
 .debug_info    0x0000a1c5     0x22c9 ./Drivers/STM32H7xx_HAL_Driver/stm32h7xx_hal_i2c.o
 .debug_info    0x0000c48e      0xd84 ./Drivers/STM32H7xx_HAL_Driver/stm32h7xx_hal_i2c_ex.o
 .debug_info    0x0000d212     0x1225 ./Drivers/STM32H7xx_HAL_Driver/stm32h7xx_hal_pwr_ex.o
 .debug_info    0x0000e437      0xe67 ./Drivers/STM32H7xx_HAL_Driver/stm32h7xx_hal_rcc.o
 .debug_info    0x0000f29e     0x1303 ./Drivers/STM32H7xx_HAL_Driver/stm32h7xx_hal_rcc_ex.o
 .debug_info    0x000105a1     0x2bae ./Drivers/STM32H7xx_HAL_Driver/stm32h7xx_hal_tim.o
 .debug_info    0x0001314f     0x17eb ./Drivers/STM32H7xx_HAL_Driver/stm32h7xx_hal_tim_ex.o
 .debug_info    0x0001493a     0x4b1d ./Drivers/STM32H7xx_HAL_Driver/stm32h7xx_hal_uart.o
 .debug_info    0x00019457      0xfbf ./Drivers/STM32H7xx_HAL_Driver/stm32h7xx_hal_uart_ex.o
 .debug_info    0x0001a416     0x366b ./Drivers/VL53L0X/core/src/vl53l0x_api.o
 .debug_info    0x0001da81     0x1e38 ./Drivers/VL53L0X/core/src/vl53l0x_api_calibration.o
 .debug_info    0x0001f8b9     0x22ee ./Drivers/VL53L0X/core/src/vl53l0x_api_core.o
 .debug_info    0x00021ba7     0x130a ./Drivers/VL53L0X/platform/src/vl53l0x_platform.o

.debug_abbrev   0x00000000     0x3a39
 .debug_abbrev  0x00000000      0x165 ./Common/Src/system_stm32h7xx_dualcore_boot_cm4_cm7.o
 .debug_abbrev  0x00000165      0x189 ./Core/Src/gpio.o
 .debug_abbrev  0x000002ee      0x24c ./Core/Src/i2c.o
 .debug_abbrev  0x0000053a      0x32a ./Core/Src/main.o
 .debug_abbrev  0x00000864       0xdb ./Core/Src/stm32h7xx_hal_msp.o
 .debug_abbrev  0x0000093f       0x73 ./Core/Src/stm32h7xx_it.o
 .debug_abbrev  0x000009b2       0xbc ./Core/Src/sysmem.o
 .debug_abbrev  0x00000a6e      0x1f7 ./Core/Src/tim.o
 .debug_abbrev  0x00000c65      0x241 ./Core/Src/usart.o
 .debug_abbrev  0x00000ea6       0x24 ./Core/Startup/startup_stm32h745zitx.o
 .debug_abbrev  0x00000eca      0x295 ./Drivers/STM32H7xx_HAL_Driver/stm32h7xx_hal.o
 .debug_abbrev  0x0000115f      0x339 ./Drivers/STM32H7xx_HAL_Driver/stm32h7xx_hal_cortex.o
 .debug_abbrev  0x00001498      0x205 ./Drivers/STM32H7xx_HAL_Driver/stm32h7xx_hal_gpio.o
 .debug_abbrev  0x0000169d      0x1d3 ./Drivers/STM32H7xx_HAL_Driver/stm32h7xx_hal_hsem.o
 .debug_abbrev  0x00001870      0x25d ./Drivers/STM32H7xx_HAL_Driver/stm32h7xx_hal_i2c.o
 .debug_abbrev  0x00001acd      0x1f5 ./Drivers/STM32H7xx_HAL_Driver/stm32h7xx_hal_i2c_ex.o
 .debug_abbrev  0x00001cc2      0x2d7 ./Drivers/STM32H7xx_HAL_Driver/stm32h7xx_hal_pwr_ex.o
 .debug_abbrev  0x00001f99      0x2c8 ./Drivers/STM32H7xx_HAL_Driver/stm32h7xx_hal_rcc.o
 .debug_abbrev  0x00002261      0x269 ./Drivers/STM32H7xx_HAL_Driver/stm32h7xx_hal_rcc_ex.o
 .debug_abbrev  0x000024ca      0x276 ./Drivers/STM32H7xx_HAL_Driver/stm32h7xx_hal_tim.o
 .debug_abbrev  0x00002740      0x281 ./Drivers/STM32H7xx_HAL_Driver/stm32h7xx_hal_tim_ex.o
 .debug_abbrev  0x000029c1      0x33d ./Drivers/STM32H7xx_HAL_Driver/stm32h7xx_hal_uart.o
 .debug_abbrev  0x00002cfe      0x2d2 ./Drivers/STM32H7xx_HAL_Driver/stm32h7xx_hal_uart_ex.o
 .debug_abbrev  0x00002fd0      0x2b9 ./Drivers/VL53L0X/core/src/vl53l0x_api.o
 .debug_abbrev  0x00003289      0x2aa ./Drivers/VL53L0X/core/src/vl53l0x_api_calibration.o
 .debug_abbrev  0x00003533      0x2c2 ./Drivers/VL53L0X/core/src/vl53l0x_api_core.o
 .debug_abbrev  0x000037f5      0x244 ./Drivers/VL53L0X/platform/src/vl53l0x_platform.o

.debug_aranges  0x00000000     0x1968
 .debug_aranges
                0x00000000       0x30 ./Common/Src/system_stm32h7xx_dualcore_boot_cm4_cm7.o
 .debug_aranges
                0x00000030       0x20 ./Core/Src/gpio.o
 .debug_aranges
                0x00000050       0x30 ./Core/Src/i2c.o
 .debug_aranges
                0x00000080       0x38 ./Core/Src/main.o
 .debug_aranges
                0x000000b8       0x20 ./Core/Src/stm32h7xx_hal_msp.o
 .debug_aranges
                0x000000d8       0x60 ./Core/Src/stm32h7xx_it.o
 .debug_aranges
                0x00000138       0x20 ./Core/Src/sysmem.o
 .debug_aranges
                0x00000158       0x30 ./Core/Src/tim.o
 .debug_aranges
                0x00000188       0x30 ./Core/Src/usart.o
 .debug_aranges
                0x000001b8       0x28 ./Core/Startup/startup_stm32h745zitx.o
 .debug_aranges
                0x000001e0      0x200 ./Drivers/STM32H7xx_HAL_Driver/stm32h7xx_hal.o
 .debug_aranges
                0x000003e0      0x130 ./Drivers/STM32H7xx_HAL_Driver/stm32h7xx_hal_cortex.o
 .debug_aranges
                0x00000510       0x58 ./Drivers/STM32H7xx_HAL_Driver/stm32h7xx_hal_gpio.o
 .debug_aranges
                0x00000568       0x70 ./Drivers/STM32H7xx_HAL_Driver/stm32h7xx_hal_hsem.o
 .debug_aranges
                0x000005d8      0x2a0 ./Drivers/STM32H7xx_HAL_Driver/stm32h7xx_hal_i2c.o
 .debug_aranges
                0x00000878       0x48 ./Drivers/STM32H7xx_HAL_Driver/stm32h7xx_hal_i2c_ex.o
 .debug_aranges
                0x000008c0      0x170 ./Drivers/STM32H7xx_HAL_Driver/stm32h7xx_hal_pwr_ex.o
 .debug_aranges
                0x00000a30       0x88 ./Drivers/STM32H7xx_HAL_Driver/stm32h7xx_hal_rcc.o
 .debug_aranges
                0x00000ab8      0x100 ./Drivers/STM32H7xx_HAL_Driver/stm32h7xx_hal_rcc_ex.o
 .debug_aranges
                0x00000bb8      0x3e0 ./Drivers/STM32H7xx_HAL_Driver/stm32h7xx_hal_tim.o
 .debug_aranges
                0x00000f98      0x188 ./Drivers/STM32H7xx_HAL_Driver/stm32h7xx_hal_tim_ex.o
 .debug_aranges
                0x00001120      0x248 ./Drivers/STM32H7xx_HAL_Driver/stm32h7xx_hal_uart.o
 .debug_aranges
                0x00001368       0xa8 ./Drivers/STM32H7xx_HAL_Driver/stm32h7xx_hal_uart_ex.o
 .debug_aranges
                0x00001410      0x330 ./Drivers/VL53L0X/core/src/vl53l0x_api.o
 .debug_aranges
                0x00001740       0xd0 ./Drivers/VL53L0X/core/src/vl53l0x_api_calibration.o
 .debug_aranges
                0x00001810       0xe0 ./Drivers/VL53L0X/core/src/vl53l0x_api_core.o
 .debug_aranges
                0x000018f0       0x78 ./Drivers/VL53L0X/platform/src/vl53l0x_platform.o

.debug_rnglists
                0x00000000     0x13cf
 .debug_rnglists
                0x00000000       0x21 ./Common/Src/system_stm32h7xx_dualcore_boot_cm4_cm7.o
 .debug_rnglists
                0x00000021       0x14 ./Core/Src/gpio.o
 .debug_rnglists
                0x00000035       0x21 ./Core/Src/i2c.o
 .debug_rnglists
                0x00000056       0x27 ./Core/Src/main.o
 .debug_rnglists
                0x0000007d       0x13 ./Core/Src/stm32h7xx_hal_msp.o
 .debug_rnglists
                0x00000090       0x43 ./Core/Src/stm32h7xx_it.o
 .debug_rnglists
                0x000000d3       0x13 ./Core/Src/sysmem.o
 .debug_rnglists
                0x000000e6       0x20 ./Core/Src/tim.o
 .debug_rnglists
                0x00000106       0x21 ./Core/Src/usart.o
 .debug_rnglists
                0x00000127       0x19 ./Core/Startup/startup_stm32h745zitx.o
 .debug_rnglists
                0x00000140      0x180 ./Drivers/STM32H7xx_HAL_Driver/stm32h7xx_hal.o
 .debug_rnglists
                0x000002c0       0xe0 ./Drivers/STM32H7xx_HAL_Driver/stm32h7xx_hal_cortex.o
 .debug_rnglists
                0x000003a0       0x3f ./Drivers/STM32H7xx_HAL_Driver/stm32h7xx_hal_gpio.o
 .debug_rnglists
                0x000003df       0x4f ./Drivers/STM32H7xx_HAL_Driver/stm32h7xx_hal_hsem.o
 .debug_rnglists
                0x0000042e      0x22a ./Drivers/STM32H7xx_HAL_Driver/stm32h7xx_hal_i2c.o
 .debug_rnglists
                0x00000658       0x35 ./Drivers/STM32H7xx_HAL_Driver/stm32h7xx_hal_i2c_ex.o
 .debug_rnglists
                0x0000068d      0x117 ./Drivers/STM32H7xx_HAL_Driver/stm32h7xx_hal_pwr_ex.o
 .debug_rnglists
                0x000007a4       0x68 ./Drivers/STM32H7xx_HAL_Driver/stm32h7xx_hal_rcc.o
 .debug_rnglists
                0x0000080c       0xc6 ./Drivers/STM32H7xx_HAL_Driver/stm32h7xx_hal_rcc_ex.o
 .debug_rnglists
                0x000008d2      0x328 ./Drivers/STM32H7xx_HAL_Driver/stm32h7xx_hal_tim.o
 .debug_rnglists
                0x00000bfa      0x13f ./Drivers/STM32H7xx_HAL_Driver/stm32h7xx_hal_tim_ex.o
 .debug_rnglists
                0x00000d39      0x1fa ./Drivers/STM32H7xx_HAL_Driver/stm32h7xx_hal_uart.o
 .debug_rnglists
                0x00000f33       0x7f ./Drivers/STM32H7xx_HAL_Driver/stm32h7xx_hal_uart_ex.o
 .debug_rnglists
                0x00000fb2      0x276 ./Drivers/VL53L0X/core/src/vl53l0x_api.o
 .debug_rnglists
                0x00001228       0xa4 ./Drivers/VL53L0X/core/src/vl53l0x_api_calibration.o
 .debug_rnglists
                0x000012cc       0xae ./Drivers/VL53L0X/core/src/vl53l0x_api_core.o
 .debug_rnglists
                0x0000137a       0x55 ./Drivers/VL53L0X/platform/src/vl53l0x_platform.o

.debug_macro    0x00000000    0x3cbfc
 .debug_macro   0x00000000      0x2a8 ./Common/Src/system_stm32h7xx_dualcore_boot_cm4_cm7.o
 .debug_macro   0x000002a8      0xade ./Common/Src/system_stm32h7xx_dualcore_boot_cm4_cm7.o
 .debug_macro   0x00000d86       0x2e ./Common/Src/system_stm32h7xx_dualcore_boot_cm4_cm7.o
 .debug_macro   0x00000db4       0x49 ./Common/Src/system_stm32h7xx_dualcore_boot_cm4_cm7.o
 .debug_macro   0x00000dfd       0x22 ./Common/Src/system_stm32h7xx_dualcore_boot_cm4_cm7.o
 .debug_macro   0x00000e1f       0x8e ./Common/Src/system_stm32h7xx_dualcore_boot_cm4_cm7.o
 .debug_macro   0x00000ead       0x51 ./Common/Src/system_stm32h7xx_dualcore_boot_cm4_cm7.o
 .debug_macro   0x00000efe      0x103 ./Common/Src/system_stm32h7xx_dualcore_boot_cm4_cm7.o
 .debug_macro   0x00001001       0x6a ./Common/Src/system_stm32h7xx_dualcore_boot_cm4_cm7.o
 .debug_macro   0x0000106b      0x1df ./Common/Src/system_stm32h7xx_dualcore_boot_cm4_cm7.o
 .debug_macro   0x0000124a       0x1c ./Common/Src/system_stm32h7xx_dualcore_boot_cm4_cm7.o
 .debug_macro   0x00001266       0x22 ./Common/Src/system_stm32h7xx_dualcore_boot_cm4_cm7.o
 .debug_macro   0x00001288       0xfb ./Common/Src/system_stm32h7xx_dualcore_boot_cm4_cm7.o
 .debug_macro   0x00001383     0x1305 ./Common/Src/system_stm32h7xx_dualcore_boot_cm4_cm7.o
 .debug_macro   0x00002688      0x11f ./Common/Src/system_stm32h7xx_dualcore_boot_cm4_cm7.o
 .debug_macro   0x000027a7       0x27 ./Common/Src/system_stm32h7xx_dualcore_boot_cm4_cm7.o
 .debug_macro   0x000027ce    0x2706d ./Common/Src/system_stm32h7xx_dualcore_boot_cm4_cm7.o
 .debug_macro   0x0002983b       0x6d ./Common/Src/system_stm32h7xx_dualcore_boot_cm4_cm7.o
 .debug_macro   0x000298a8      0x238 ./Common/Src/system_stm32h7xx_dualcore_boot_cm4_cm7.o
 .debug_macro   0x00029ae0     0x3d79 ./Common/Src/system_stm32h7xx_dualcore_boot_cm4_cm7.o
 .debug_macro   0x0002d859      0x189 ./Common/Src/system_stm32h7xx_dualcore_boot_cm4_cm7.o
 .debug_macro   0x0002d9e2       0x61 ./Common/Src/system_stm32h7xx_dualcore_boot_cm4_cm7.o
 .debug_macro   0x0002da43       0x29 ./Common/Src/system_stm32h7xx_dualcore_boot_cm4_cm7.o
 .debug_macro   0x0002da6c       0x43 ./Common/Src/system_stm32h7xx_dualcore_boot_cm4_cm7.o
 .debug_macro   0x0002daaf       0x34 ./Common/Src/system_stm32h7xx_dualcore_boot_cm4_cm7.o
 .debug_macro   0x0002dae3       0x16 ./Common/Src/system_stm32h7xx_dualcore_boot_cm4_cm7.o
 .debug_macro   0x0002daf9       0x43 ./Common/Src/system_stm32h7xx_dualcore_boot_cm4_cm7.o
 .debug_macro   0x0002db3c       0x34 ./Common/Src/system_stm32h7xx_dualcore_boot_cm4_cm7.o
 .debug_macro   0x0002db70       0x10 ./Common/Src/system_stm32h7xx_dualcore_boot_cm4_cm7.o
 .debug_macro   0x0002db80       0x58 ./Common/Src/system_stm32h7xx_dualcore_boot_cm4_cm7.o
 .debug_macro   0x0002dbd8       0x8e ./Common/Src/system_stm32h7xx_dualcore_boot_cm4_cm7.o
 .debug_macro   0x0002dc66       0x1c ./Common/Src/system_stm32h7xx_dualcore_boot_cm4_cm7.o
 .debug_macro   0x0002dc82      0x177 ./Common/Src/system_stm32h7xx_dualcore_boot_cm4_cm7.o
 .debug_macro   0x0002ddf9      0x369 ./Common/Src/system_stm32h7xx_dualcore_boot_cm4_cm7.o
 .debug_macro   0x0002e162      0x19b ./Common/Src/system_stm32h7xx_dualcore_boot_cm4_cm7.o
 .debug_macro   0x0002e2fd       0x5d ./Common/Src/system_stm32h7xx_dualcore_boot_cm4_cm7.o
 .debug_macro   0x0002e35a     0x3a9d ./Common/Src/system_stm32h7xx_dualcore_boot_cm4_cm7.o
 .debug_macro   0x00031df7     0x1072 ./Common/Src/system_stm32h7xx_dualcore_boot_cm4_cm7.o
 .debug_macro   0x00032e69      0x154 ./Common/Src/system_stm32h7xx_dualcore_boot_cm4_cm7.o
 .debug_macro   0x00032fbd      0x130 ./Common/Src/system_stm32h7xx_dualcore_boot_cm4_cm7.o
 .debug_macro   0x000330ed      0x3c2 ./Common/Src/system_stm32h7xx_dualcore_boot_cm4_cm7.o
 .debug_macro   0x000334af       0xac ./Common/Src/system_stm32h7xx_dualcore_boot_cm4_cm7.o