Archive member included to satisfy reference by file (symbol)

C:/ST/STM32CubeIDE_1.17.0/STM32CubeIDE/plugins/com.st.stm32cube.ide.mcu.externaltools.gnu-tools-for-stm32.12.3.rel1.win32_1.1.0.202410251130/tools/bin/../lib/gcc/arm-none-eabi/12.3.1/../../../../arm-none-eabi/lib/thumb/v7e-m+dp/hard\libc_nano.a(libc_a-exit.o)
                              C:/ST/STM32CubeIDE_1.17.0/STM32CubeIDE/plugins/com.st.stm32cube.ide.mcu.externaltools.gnu-tools-for-stm32.12.3.rel1.win32_1.1.0.202410251130/tools/bin/../lib/gcc/arm-none-eabi/12.3.1/../../../../arm-none-eabi/lib/thumb/v7e-m+dp/hard/crt0.o (exit)
C:/ST/STM32CubeIDE_1.17.0/STM32CubeIDE/plugins/com.st.stm32cube.ide.mcu.externaltools.gnu-tools-for-stm32.12.3.rel1.win32_1.1.0.202410251130/tools/bin/../lib/gcc/arm-none-eabi/12.3.1/../../../../arm-none-eabi/lib/thumb/v7e-m+dp/hard\libc_nano.a(libc_a-findfp.o)
                              C:/ST/STM32CubeIDE_1.17.0/STM32CubeIDE/plugins/com.st.stm32cube.ide.mcu.externaltools.gnu-tools-for-stm32.12.3.rel1.win32_1.1.0.202410251130/tools/bin/../lib/gcc/arm-none-eabi/12.3.1/../../../../arm-none-eabi/lib/thumb/v7e-m+dp/hard\libc_nano.a(libc_a-exit.o) (__stdio_exit_handler)
C:/ST/STM32CubeIDE_1.17.0/STM32CubeIDE/plugins/com.st.stm32cube.ide.mcu.externaltools.gnu-tools-for-stm32.12.3.rel1.win32_1.1.0.202410251130/tools/bin/../lib/gcc/arm-none-eabi/12.3.1/../../../../arm-none-eabi/lib/thumb/v7e-m+dp/hard\libc_nano.a(libc_a-fwalk.o)
                              C:/ST/STM32CubeIDE_1.17.0/STM32CubeIDE/plugins/com.st.stm32cube.ide.mcu.externaltools.gnu-tools-for-stm32.12.3.rel1.win32_1.1.0.202410251130/tools/bin/../lib/gcc/arm-none-eabi/12.3.1/../../../../arm-none-eabi/lib/thumb/v7e-m+dp/hard\libc_nano.a(libc_a-findfp.o) (_fwalk_sglue)
C:/ST/STM32CubeIDE_1.17.0/STM32CubeIDE/plugins/com.st.stm32cube.ide.mcu.externaltools.gnu-tools-for-stm32.12.3.rel1.win32_1.1.0.202410251130/tools/bin/../lib/gcc/arm-none-eabi/12.3.1/../../../../arm-none-eabi/lib/thumb/v7e-m+dp/hard\libc_nano.a(libc_a-sprintf.o)
                              ./Core/Src/main.o (sprintf)
C:/ST/STM32CubeIDE_1.17.0/STM32CubeIDE/plugins/com.st.stm32cube.ide.mcu.externaltools.gnu-tools-for-stm32.12.3.rel1.win32_1.1.0.202410251130/tools/bin/../lib/gcc/arm-none-eabi/12.3.1/../../../../arm-none-eabi/lib/thumb/v7e-m+dp/hard\libc_nano.a(libc_a-stdio.o)
                              C:/ST/STM32CubeIDE_1.17.0/STM32CubeIDE/plugins/com.st.stm32cube.ide.mcu.externaltools.gnu-tools-for-stm32.12.3.rel1.win32_1.1.0.202410251130/tools/bin/../lib/gcc/arm-none-eabi/12.3.1/../../../../arm-none-eabi/lib/thumb/v7e-m+dp/hard\libc_nano.a(libc_a-findfp.o) (__sread)
C:/ST/STM32CubeIDE_1.17.0/STM32CubeIDE/plugins/com.st.stm32cube.ide.mcu.externaltools.gnu-tools-for-stm32.12.3.rel1.win32_1.1.0.202410251130/tools/bin/../lib/gcc/arm-none-eabi/12.3.1/../../../../arm-none-eabi/lib/thumb/v7e-m+dp/hard\libc_nano.a(libc_a-memset.o)
                              C:/ST/STM32CubeIDE_1.17.0/STM32CubeIDE/plugins/com.st.stm32cube.ide.mcu.externaltools.gnu-tools-for-stm32.12.3.rel1.win32_1.1.0.202410251130/tools/bin/../lib/gcc/arm-none-eabi/12.3.1/../../../../arm-none-eabi/lib/thumb/v7e-m+dp/hard/crt0.o (memset)
C:/ST/STM32CubeIDE_1.17.0/STM32CubeIDE/plugins/com.st.stm32cube.ide.mcu.externaltools.gnu-tools-for-stm32.12.3.rel1.win32_1.1.0.202410251130/tools/bin/../lib/gcc/arm-none-eabi/12.3.1/../../../../arm-none-eabi/lib/thumb/v7e-m+dp/hard\libc_nano.a(libc_a-closer.o)
                              C:/ST/STM32CubeIDE_1.17.0/STM32CubeIDE/plugins/com.st.stm32cube.ide.mcu.externaltools.gnu-tools-for-stm32.12.3.rel1.win32_1.1.0.202410251130/tools/bin/../lib/gcc/arm-none-eabi/12.3.1/../../../../arm-none-eabi/lib/thumb/v7e-m+dp/hard\libc_nano.a(libc_a-stdio.o) (_close_r)
C:/ST/STM32CubeIDE_1.17.0/STM32CubeIDE/plugins/com.st.stm32cube.ide.mcu.externaltools.gnu-tools-for-stm32.12.3.rel1.win32_1.1.0.202410251130/tools/bin/../lib/gcc/arm-none-eabi/12.3.1/../../../../arm-none-eabi/lib/thumb/v7e-m+dp/hard\libc_nano.a(libc_a-reent.o)
                              C:/ST/STM32CubeIDE_1.17.0/STM32CubeIDE/plugins/com.st.stm32cube.ide.mcu.externaltools.gnu-tools-for-stm32.12.3.rel1.win32_1.1.0.202410251130/tools/bin/../lib/gcc/arm-none-eabi/12.3.1/../../../../arm-none-eabi/lib/thumb/v7e-m+dp/hard\libc_nano.a(libc_a-closer.o) (errno)
C:/ST/STM32CubeIDE_1.17.0/STM32CubeIDE/plugins/com.st.stm32cube.ide.mcu.externaltools.gnu-tools-for-stm32.12.3.rel1.win32_1.1.0.202410251130/tools/bin/../lib/gcc/arm-none-eabi/12.3.1/../../../../arm-none-eabi/lib/thumb/v7e-m+dp/hard\libc_nano.a(libc_a-impure.o)
                              C:/ST/STM32CubeIDE_1.17.0/STM32CubeIDE/plugins/com.st.stm32cube.ide.mcu.externaltools.gnu-tools-for-stm32.12.3.rel1.win32_1.1.0.202410251130/tools/bin/../lib/gcc/arm-none-eabi/12.3.1/../../../../arm-none-eabi/lib/thumb/v7e-m+dp/hard\libc_nano.a(libc_a-sprintf.o) (_impure_ptr)
[...]
Memory Configuration

Name             Origin             Length             Attributes
RAM_D1           0x24000000         0x00080000         xrw
FLASH            0x08000000         0x00100000         xr
DTCMRAM          0x20000000         0x00020000         xrw
RAM_D2           0x30000000         0x00048000         xrw
RAM_D3           0x38000000         0x00010000         xrw
ITCMRAM          0x00000000         0x00010000         xrw
*default*        0x00000000         0xffffffff

Linker script and memory map

LOAD C:/ST/STM32CubeIDE_1.17.0/STM32CubeIDE/plugins/com.st.stm32cube.ide.mcu.externaltools.gnu-tools-for-stm32.12.3.rel1.win32_1.1.0.202410251130/tools/bin/../lib/gcc/arm-none-eabi/12.3.1/thumb/v7e-m+dp/hard/crti.o
LOAD C:/ST/STM32CubeIDE_1.17.0/STM32CubeIDE/plugins/com.st.stm32cube.ide.mcu.externaltools.gnu-tools-for-stm32.12.3.rel1.win32_1.1.0.202410251130/tools/bin/../lib/gcc/arm-none-eabi/12.3.1/thumb/v7e-m+dp/hard/crtbegin.o
LOAD C:/ST/STM32CubeIDE_1.17.0/STM32CubeIDE/plugins/com.st.stm32cube.ide.mcu.externaltools.gnu-tools-for-stm32.12.3.rel1.win32_1.1.0.202410251130/tools/bin/../lib/gcc/arm-none-eabi/12.3.1/../../../../arm-none-eabi/lib/thumb/v7e-m+dp/hard/crt0.o
LOAD ./Common/Src/system_stm32h7xx_dualcore_boot_cm4_cm7.o
LOAD ./Core/Src/gpio.o
LOAD ./Core/Src/i2c.o
LOAD ./Core/Src/main.o
LOAD ./Core/Src/stm32h7xx_hal_msp.o
LOAD ./Core/Src/stm32h7xx_it.o
LOAD ./Core/Src/syscalls.o
LOAD ./Core/Src/sysmem.o
LOAD ./Core/Src/tim.o
LOAD ./Core/Src/usart.o
LOAD ./Core/Startup/startup_stm32h745zitx.o
LOAD ./Drivers/STM32H7xx_HAL_Driver/stm32h7xx_hal.o
LOAD ./Drivers/STM32H7xx_HAL_Driver/stm32h7xx_hal_cortex.o
LOAD ./Drivers/STM32H7xx_HAL_Driver/stm32h7xx_hal_dma.o
LOAD ./Drivers/STM32H7xx_HAL_Driver/stm32h7xx_hal_dma_ex.o
LOAD ./Drivers/STM32H7xx_HAL_Driver/stm32h7xx_hal_exti.o
LOAD ./Drivers/STM32H7xx_HAL_Driver/stm32h7xx_hal_flash.o
LOAD ./Drivers/STM32H7xx_HAL_Driver/stm32h7xx_hal_flash_ex.o
LOAD ./Drivers/STM32H7xx_HAL_Driver/stm32h7xx_hal_gpio.o
LOAD ./Drivers/STM32H7xx_HAL_Driver/stm32h7xx_hal_hsem.o
LOAD ./Drivers/STM32H7xx_HAL_Driver/stm32h7xx_hal_i2c.o
LOAD ./Drivers/STM32H7xx_HAL_Driver/stm32h7xx_hal_i2c_ex.o
LOAD ./Drivers/STM32H7xx_HAL_Driver/stm32h7xx_hal_mdma.o
LOAD ./Drivers/STM32H7xx_HAL_Driver/stm32h7xx_hal_pwr.o
LOAD ./Drivers/STM32H7xx_HAL_Driver/stm32h7xx_hal_pwr_ex.o
LOAD ./Drivers/STM32H7xx_HAL_Driver/stm32h7xx_hal_rcc.o
LOAD ./Drivers/STM32H7xx_HAL_Driver/stm32h7xx_hal_rcc_ex.o
LOAD ./Drivers/STM32H7xx_HAL_Driver/stm32h7xx_hal_tim.o
LOAD ./Drivers/STM32H7xx_HAL_Driver/stm32h7xx_hal_tim_ex.o
LOAD ./Drivers/STM32H7xx_HAL_Driver/stm32h7xx_hal_uart.o
LOAD ./Drivers/STM32H7xx_HAL_Driver/stm32h7xx_hal_uart_ex.o
LOAD ./Drivers/VL53L0X/core/src/vl53l0x_api.o
LOAD ./Drivers/VL53L0X/core/src/vl53l0x_api_calibration.o
LOAD ./Drivers/VL53L0X/core/src/vl53l0x_api_core.o
LOAD ./Drivers/VL53L0X/core/src/vl53l0x_api_ranging.o
LOAD ./Drivers/VL53L0X/core/src/vl53l0x_api_strings.o
LOAD ./Drivers/VL53L0X/platform/src/vl53l0x_platform.o
LOAD ./Drivers/VL53L0X/platform/src/vl53l0x_platform_log.o
START GROUP
LOAD C:/ST/STM32CubeIDE_1.17.0/STM32CubeIDE/plugins/com.st.stm32cube.ide.mcu.externaltools.gnu-tools-for-stm32.12.3.rel1.win32_1.1.0.202410251130/tools/bin/../lib/gcc/arm-none-eabi/12.3.1/../../../../arm-none-eabi/lib/thumb/v7e-m+dp/hard\libc_nano.a
LOAD C:/ST/STM32CubeIDE_1.17.0/STM32CubeIDE/plugins/com.st.stm32cube.ide.mcu.externaltools.gnu-tools-for-stm32.12.3.rel1.win32_1.1.0.202410251130/tools/bin/../lib/gcc/arm-none-eabi/12.3.1/../../../../arm-none-eabi/lib/thumb/v7e-m+dp/hard\libm.a
END GROUP
START GROUP
LOAD C:/ST/STM32CubeIDE_1.17.0/STM32CubeIDE/plugins/com.st.stm32cube.ide.mcu.externaltools.gnu-tools-for-stm32.12.3.rel1.win32_1.1.0.202410251130/tools/bin/../lib/gcc/arm-none-eabi/12.3.1/thumb/v7e-m+dp/hard\libgcc.a
LOAD C:/ST/STM32CubeIDE_1.17.0/STM32CubeIDE/plugins/com.st.stm32cube.ide.mcu.externaltools.gnu-tools-for-stm32.12.3.rel1.win32_1.1.0.202410251130/tools/bin/../lib/gcc/arm-none-eabi/12.3.1/../../../../arm-none-eabi/lib/thumb/v7e-m+dp/hard\libc_nano.a
END GROUP
START GROUP
LOAD C:/ST/STM32CubeIDE_1.17.0/STM32CubeIDE/plugins/com.st.stm32cube.ide.mcu.externaltools.gnu-tools-for-stm32.12.3.rel1.win32_1.1.0.202410251130/tools/bin/../lib/gcc/arm-none-eabi/12.3.1/thumb/v7e-m+dp/hard\libgcc.a
LOAD C:/ST/STM32CubeIDE_1.17.0/STM32CubeIDE/plugins/com.st.stm32cube.ide.mcu.externaltools.gnu-tools-for-stm32.12.3.rel1.win32_1.1.0.202410251130/tools/bin/../lib/gcc/arm-none-eabi/12.3.1/../../../../arm-none-eabi/lib/thumb/v7e-m+dp/hard\libc_nano.a
LOAD C:/ST/STM32CubeIDE_1.17.0/STM32CubeIDE/plugins/com.st.stm32cube.ide.mcu.externaltools.gnu-tools-for-stm32.12.3.rel1.win32_1.1.0.202410251130/tools/bin/../lib/gcc/arm-none-eabi/12.3.1/../../../../arm-none-eabi/lib/thumb/v7e-m+dp/hard\libnosys.a
END GROUP
START GROUP
LOAD C:/ST/STM32CubeIDE_1.17.0/STM32CubeIDE/plugins/com.st.stm32cube.ide.mcu.externaltools.gnu-tools-for-stm32.12.3.rel1.win32_1.1.0.202410251130/tools/bin/../lib/gcc/arm-none-eabi/12.3.1/thumb/v7e-m+dp/hard\libgcc.a
LOAD C:/ST/STM32CubeIDE_1.17.0/STM32CubeIDE/plugins/com.st.stm32cube.ide.mcu.externaltools.gnu-tools-for-stm32.12.3.rel1.win32_1.1.0.202410251130/tools/bin/../lib/gcc/arm-none-eabi/12.3.1/../../../../arm-none-eabi/lib/thumb/v7e-m+dp/hard\libc_nano.a
LOAD C:/ST/STM32CubeIDE_1.17.0/STM32CubeIDE/plugins/com.st.stm32cube.ide.mcu.externaltools.gnu-tools-for-stm32.12.3.rel1.win32_1.1.0.202410251130/tools/bin/../lib/gcc/arm-none-eabi/12.3.1/../../../../arm-none-eabi/lib/thumb/v7e-m+dp/hard\libnosys.a
END GROUP
LOAD C:/ST/STM32CubeIDE_1.17.0/STM32CubeIDE/plugins/com.st.stm32cube.ide.mcu.externaltools.gnu-tools-for-stm32.12.3.rel1.win32_1.1.0.202410251130/tools/bin/../lib/gcc/arm-none-eabi/12.3.1/thumb/v7e-m+dp/hard/crtend.o
LOAD C:/ST/STM32CubeIDE_1.17.0/STM32CubeIDE/plugins/com.st.stm32cube.ide.mcu.externaltools.gnu-tools-for-stm32.12.3.rel1.win32_1.1.0.202410251130/tools/bin/../lib/gcc/arm-none-eabi/12.3.1/thumb/v7e-m+dp/hard/crtn.o
                0x24080000                        _estack = (ORIGIN (RAM_D1) + LENGTH (RAM_D1))
                0x00000200                        _Min_Heap_Size = 0x200
                0x00000400                        _Min_Stack_Size = 0x400

.isr_vector     0x08000000      0x298
                0x08000000                        . = ALIGN (0x4)
 *(.isr_vector)
 .isr_vector    0x08000000      0x298 ./Core/Startup/startup_stm32h745zitx.o
                0x08000000                g_pfnVectors
                0x08000298                        . = ALIGN (0x4)

.text           0x080002a0     0xc418
                0x080002a0                        . = ALIGN (0x4)
 *(.text)
 .text          0x080002a0       0x40 C:/ST/STM32CubeIDE_1.17.0/STM32CubeIDE/plugins/com.st.stm32cube.ide.mcu.externaltools.gnu-tools-for-stm32.12.3.rel1.win32_1.1.0.202410251130/tools/bin/../lib/gcc/arm-none-eabi/12.3.1/thumb/v7e-m+dp/hard/crtbegin.o
 .text          0x080002e0       0xa0 C:/ST/STM32CubeIDE_1.17.0/STM32CubeIDE/plugins/com.st.stm32cube.ide.mcu.externaltools.gnu-tools-for-stm32.12.3.rel1.win32_1.1.0.202410251130/tools/bin/../lib/gcc/arm-none-eabi/12.3.1/../../../../arm-none-eabi/lib/thumb/v7e-m+dp/hard\libc_nano.a(libc_a-memchr.o)
                0x080002e0                memchr
 .text          0x08000380       0x30 C:/ST/STM32CubeIDE_1.17.0/STM32CubeIDE/plugins/com.st.stm32cube.ide.mcu.externaltools.gnu-tools-for-stm32.12.3.rel1.win32_1.1.0.202410251130/tools/bin/../lib/gcc/arm-none-eabi/12.3.1/thumb/v7e-m+dp/hard\libgcc.a(_aeabi_uldivmod.o)
                0x08000380                __aeabi_uldivmod
 .text          0x080003b0      0x2bc C:/ST/STM32CubeIDE_1.17.0/STM32CubeIDE/plugins/com.st.stm32cube.ide.mcu.externaltools.gnu-tools-for-stm32.12.3.rel1.win32_1.1.0.202410251130/tools/bin/../lib/gcc/arm-none-eabi/12.3.1/thumb/v7e-m+dp/hard\libgcc.a(_udivmoddi4.o)
                0x080003b0                __udivmoddi4
 .text          0x0800066c        0x4 C:/ST/STM32CubeIDE_1.17.0/STM32CubeIDE/plugins/com.st.stm32cube.ide.mcu.externaltools.gnu-tools-for-stm32.12.3.rel1.win32_1.1.0.202410251130/tools/bin/../lib/gcc/arm-none-eabi/12.3.1/thumb/v7e-m+dp/hard\libgcc.a(_dvmd_tls.o)
                0x0800066c                __aeabi_idiv0
                0x0800066c                __aeabi_ldiv0
 *(.text*)
 .text.SystemInit
                0x08000670      0x15c ./Common/Src/system_stm32h7xx_dualcore_boot_cm4_cm7.o
                0x08000670                SystemInit
 .text.ExitRun0Mode
                0x080007cc       0x34 ./Common/Src/system_stm32h7xx_dualcore_boot_cm4_cm7.o
                0x080007cc                ExitRun0Mode
 .text.MX_GPIO_Init
                0x08000800      0x130 ./Core/Src/gpio.o
                0x08000800                MX_GPIO_Init
 .text.MX_I2C2_Init
                0x08000930       0x80 ./Core/Src/i2c.o
                0x08000930                MX_I2C2_Init
 .text.HAL_I2C_MspInit
                0x080009b0       0xd4 ./Core/Src/i2c.o
                0x080009b0                HAL_I2C_MspInit
 .text.medianFilter5
                0x08000a84       0xb4 ./Core/Src/main.o
                0x08000a84                medianFilter5
 .text.measureDistVLX
                0x08000b38      0x190 ./Core/Src/main.o
                0x08000b38                measureDistVLX
 .text.main     0x08000cc8      0x1cc ./Core/Src/main.o
                0x08000cc8                main
 .text.SystemClock_Config
                0x08000e94       0xf8 ./Core/Src/main.o
                0x08000e94                SystemClock_Config
 .text.MPU_Config
                0x08000f8c       0x58 ./Core/Src/main.o
 .text.Error_Handler
                0x08000fe4        0xc ./Core/Src/main.o
                0x08000fe4                Error_Handler
 .text.HAL_MspInit
                0x08000ff0       0x34 ./Core/Src/stm32h7xx_hal_msp.o
                0x08000ff0                HAL_MspInit
 .text.NMI_Handler
                0x08001024        0x8 ./Core/Src/stm32h7xx_it.o
                0x08001024                NMI_Handler
 .text.HardFault_Handler
                0x0800102c        0x8 ./Core/Src/stm32h7xx_it.o
                0x0800102c                HardFault_Handler
 .text.MemManage_Handler
                0x08001034        0x8 ./Core/Src/stm32h7xx_it.o
                0x08001034                MemManage_Handler
 .text.BusFault_Handler
                0x0800103c        0x8 ./Core/Src/stm32h7xx_it.o
                0x0800103c                BusFault_Handler
 .text.UsageFault_Handler
                0x08001044        0x8 ./Core/Src/stm32h7xx_it.o
                0x08001044                UsageFault_Handler
 .text.SVC_Handler
                0x0800104c        0xe ./Core/Src/stm32h7xx_it.o
                0x0800104c                SVC_Handler
 .text.DebugMon_Handler
                0x0800105a        0xe ./Core/Src/stm32h7xx_it.o
                0x0800105a                DebugMon_Handler
 .text.PendSV_Handler
                0x08001068        0xe ./Core/Src/stm32h7xx_it.o
                0x08001068                PendSV_Handler
 .text.SysTick_Handler
                0x08001076        0xc ./Core/Src/stm32h7xx_it.o
                0x08001076                SysTick_Handler
 *fill*         0x08001082        0x2 
 .text._sbrk    0x08001084       0x6c ./Core/Src/sysmem.o
                0x08001084                _sbrk
 .text.MX_TIM1_Init
                0x080010f0       0xa8 ./Core/Src/tim.o
                0x080010f0                MX_TIM1_Init
 .text.HAL_TIM_Base_MspInit
                0x08001198       0x44 ./Core/Src/tim.o
                0x08001198                HAL_TIM_Base_MspInit
 .text.MX_USART3_UART_Init
                0x080011dc       0x98 ./Core/Src/usart.o
                0x080011dc                MX_USART3_UART_Init
 .text.HAL_UART_MspInit
                0x08001274       0xd4 ./Core/Src/usart.o
                0x08001274                HAL_UART_MspInit
 .text.Reset_Handler
                0x08001348       0x54 ./Core/Startup/startup_stm32h745zitx.o
                0x08001348                Reset_Handler
 .text.Default_Handler
                0x0800139c        0x2 ./Core/Startup/startup_stm32h745zitx.o
                0x0800139c                RTC_Alarm_IRQHandler
                0x0800139c                EXTI2_IRQHandler
                0x0800139c                TIM8_CC_IRQHandler
                0x0800139c                HRTIM1_Master_IRQHandler
                0x0800139c                UART8_IRQHandler
                0x0800139c                SPI4_IRQHandler
                0x0800139c                TIM1_CC_IRQHandler
                0x0800139c                BDMA_Channel6_IRQHandler
                0x0800139c                DMA2_Stream5_IRQHandler
                0x0800139c                HRTIM1_FLT_IRQHandler
                0x0800139c                JPEG_IRQHandler
                0x0800139c                DMA1_Stream5_IRQHandler
                0x0800139c                BDMA_Channel1_IRQHandler
                0x0800139c                HRTIM1_TIMD_IRQHandler
                0x0800139c                TAMP_STAMP_IRQHandler
                0x0800139c                EXTI3_IRQHandler
                0x0800139c                LPTIM4_IRQHandler
                0x0800139c                TIM8_TRG_COM_TIM14_IRQHandler
                0x0800139c                LPTIM2_IRQHandler
                0x0800139c                DFSDM1_FLT1_IRQHandler
                0x0800139c                DMAMUX2_OVR_IRQHandler
                0x0800139c                TIM8_UP_TIM13_IRQHandler
                0x0800139c                I2C3_ER_IRQHandler
                0x0800139c                DFSDM1_FLT2_IRQHandler
                0x0800139c                MDMA_IRQHandler
                0x0800139c                LPTIM3_IRQHandler
                0x0800139c                HSEM1_IRQHandler
                0x0800139c                EXTI0_IRQHandler
                0x0800139c                I2C2_EV_IRQHandler
                0x0800139c                DMA1_Stream2_IRQHandler
                0x0800139c                FPU_IRQHandler
                0x0800139c                OTG_HS_WKUP_IRQHandler
                0x0800139c                FDCAN1_IT1_IRQHandler
                0x0800139c                LTDC_ER_IRQHandler
                0x0800139c                DMA2_Stream2_IRQHandler
                0x0800139c                HRTIM1_TIME_IRQHandler
                0x0800139c                SPI1_IRQHandler
                0x0800139c                TIM6_DAC_IRQHandler
                0x0800139c                DCMI_IRQHandler
                0x0800139c                HRTIM1_TIMC_IRQHandler
                0x0800139c                DMA2_Stream3_IRQHandler
                0x0800139c                SAI2_IRQHandler
                0x0800139c                DFSDM1_FLT3_IRQHandler
                0x0800139c                USART6_IRQHandler
                0x0800139c                TIM17_IRQHandler
                0x0800139c                USART3_IRQHandler
                0x0800139c                BDMA_Channel7_IRQHandler
                0x0800139c                LPTIM5_IRQHandler
                0x0800139c                UART5_IRQHandler
                0x0800139c                ADC3_IRQHandler
                0x0800139c                DMA2_Stream0_IRQHandler
                0x0800139c                TIM4_IRQHandler
                0x0800139c                BDMA_Channel2_IRQHandler
                0x0800139c                QUADSPI_IRQHandler
                0x0800139c                I2C1_EV_IRQHandler
                0x0800139c                DMA1_Stream6_IRQHandler
                0x0800139c                DMAMUX1_OVR_IRQHandler
                0x0800139c                DMA1_Stream1_IRQHandler
                0x0800139c                TIM16_IRQHandler
                0x0800139c                UART4_IRQHandler
                0x0800139c                BDMA_Channel5_IRQHandler
                0x0800139c                TIM3_IRQHandler
                0x0800139c                RCC_IRQHandler
                0x0800139c                TIM8_BRK_TIM12_IRQHandler
                0x0800139c                TIM1_TRG_COM_IRQHandler
                0x0800139c                Default_Handler
                0x0800139c                ECC_IRQHandler
                0x0800139c                CEC_IRQHandler
                0x0800139c                EXTI15_10_IRQHandler
                0x0800139c                BDMA_Channel0_IRQHandler
                0x0800139c                ADC_IRQHandler
                0x0800139c                DMA1_Stream7_IRQHandler
                0x0800139c                HRTIM1_TIMA_IRQHandler
                0x0800139c                SPI5_IRQHandler
                0x0800139c                TIM7_IRQHandler
                0x0800139c                SDMMC1_IRQHandler
                0x0800139c                TIM5_IRQHandler
                0x0800139c                DMA2_Stream7_IRQHandler
                0x0800139c                TIM15_IRQHandler
                0x0800139c                PVD_AVD_IRQHandler
                0x0800139c                I2C3_EV_IRQHandler
                0x0800139c                EXTI9_5_IRQHandler
                0x0800139c                RTC_WKUP_IRQHandler
                0x0800139c                LTDC_IRQHandler
                0x0800139c                SAI3_IRQHandler
                0x0800139c                ETH_WKUP_IRQHandler
                0x0800139c                SPDIF_RX_IRQHandler
                0x0800139c                SPI2_IRQHandler
                0x0800139c                OTG_HS_EP1_IN_IRQHandler
                0x0800139c                DMA1_Stream0_IRQHandler
                0x0800139c                CRS_IRQHandler
                0x0800139c                CM7_SEV_IRQHandler
                0x0800139c                EXTI4_IRQHandler
                0x0800139c                RNG_IRQHandler
                0x0800139c                CM4_SEV_IRQHandler
                0x0800139c                HRTIM1_TIMB_IRQHandler
                0x0800139c                FDCAN2_IT1_IRQHandler
                0x0800139c                ETH_IRQHandler
                0x0800139c                TIM1_UP_IRQHandler
                0x0800139c                WWDG_RST_IRQHandler
                0x0800139c                BDMA_Channel4_IRQHandler
                0x0800139c                OTG_HS_EP1_OUT_IRQHandler
                0x0800139c                WWDG_IRQHandler
                0x0800139c                SPI6_IRQHandler
                0x0800139c                MDIOS_IRQHandler
                0x0800139c                I2C4_EV_IRQHandler
                0x0800139c                FDCAN2_IT0_IRQHandler
                0x0800139c                LPUART1_IRQHandler
                0x0800139c                FDCAN1_IT0_IRQHandler
                0x0800139c                TIM2_IRQHandler
                0x0800139c                OTG_FS_WKUP_IRQHandler
                0x0800139c                OTG_HS_IRQHandler
                0x0800139c                HSEM2_IRQHandler
                0x0800139c                DMA2D_IRQHandler
                0x0800139c                TIM1_BRK_IRQHandler
                0x0800139c                EXTI1_IRQHandler
                0x0800139c                SDMMC2_IRQHandler
                0x0800139c                OTG_FS_EP1_OUT_IRQHandler
                0x0800139c                BDMA_Channel3_IRQHandler
                0x0800139c                HOLD_CORE_IRQHandler
                0x0800139c                UART7_IRQHandler
                0x0800139c                MDIOS_WKUP_IRQHandler
                0x0800139c                USART2_IRQHandler
                0x0800139c                DFSDM1_FLT0_IRQHandler
                0x0800139c                SAI4_IRQHandler
                0x0800139c                I2C2_ER_IRQHandler
                0x0800139c                DMA2_Stream1_IRQHandler
                0x0800139c                FLASH_IRQHandler
                0x0800139c                DMA2_Stream4_IRQHandler
                0x0800139c                USART1_IRQHandler
                0x0800139c                OTG_FS_IRQHandler
                0x0800139c                SPI3_IRQHandler
                0x0800139c                WAKEUP_PIN_IRQHandler
                0x0800139c                DMA1_Stream4_IRQHandler
                0x0800139c                OTG_FS_EP1_IN_IRQHandler
                0x0800139c                I2C1_ER_IRQHandler
                0x0800139c                FMC_IRQHandler
                0x0800139c                FDCAN_CAL_IRQHandler
                0x0800139c                SWPMI1_IRQHandler
                0x0800139c                COMP1_IRQHandler
                0x0800139c                LPTIM1_IRQHandler
                0x0800139c                I2C4_ER_IRQHandler
                0x0800139c                DMA2_Stream6_IRQHandler
                0x0800139c                SAI1_IRQHandler
                0x0800139c                DMA1_Stream3_IRQHandler
 *fill*         0x0800139e        0x2 
 .text.HAL_Init
                0x080013a0       0x78 ./Drivers/STM32H7xx_HAL_Driver/stm32h7xx_hal.o
                0x080013a0                HAL_Init
 .text.HAL_InitTick
                0x08001418       0x6c ./Drivers/STM32H7xx_HAL_Driver/stm32h7xx_hal.o
                0x08001418                HAL_InitTick
 .text.HAL_IncTick
                0x08001484       0x28 ./Drivers/STM32H7xx_HAL_Driver/stm32h7xx_hal.o
                0x08001484                HAL_IncTick
 .text.HAL_GetTick
                0x080014ac       0x18 ./Drivers/STM32H7xx_HAL_Driver/stm32h7xx_hal.o
                0x080014ac                HAL_GetTick
 .text.HAL_Delay
                0x080014c4       0x48 ./Drivers/STM32H7xx_HAL_Driver/stm32h7xx_hal.o
                0x080014c4                HAL_Delay
 .text.HAL_GetREVID
                0x0800150c       0x18 ./Drivers/STM32H7xx_HAL_Driver/stm32h7xx_hal.o
                0x0800150c                HAL_GetREVID
 .text.__NVIC_SetPriorityGrouping
                0x08001524       0x48 ./Drivers/STM32H7xx_HAL_Driver/stm32h7xx_hal_cortex.o
 .text.__NVIC_GetPriorityGrouping
                0x0800156c       0x1c ./Drivers/STM32H7xx_HAL_Driver/stm32h7xx_hal_cortex.o
 .text.__NVIC_SetPriority
                0x08001588       0x54 ./Drivers/STM32H7xx_HAL_Driver/stm32h7xx_hal_cortex.o
 .text.NVIC_EncodePriority
                0x080015dc       0x66 ./Drivers/STM32H7xx_HAL_Driver/stm32h7xx_hal_cortex.o
 *fill*         0x08001642        0x2 
 .text.SysTick_Config
                0x08001644       0x44 ./Drivers/STM32H7xx_HAL_Driver/stm32h7xx_hal_cortex.o
 .text.HAL_NVIC_SetPriorityGrouping
                0x08001688       0x16 ./Drivers/STM32H7xx_HAL_Driver/stm32h7xx_hal_cortex.o
                0x08001688                HAL_NVIC_SetPriorityGrouping
 .text.HAL_NVIC_SetPriority
                0x0800169e       0x34 ./Drivers/STM32H7xx_HAL_Driver/stm32h7xx_hal_cortex.o
                0x0800169e                HAL_NVIC_SetPriority
 .text.HAL_SYSTICK_Config
                0x080016d2       0x18 ./Drivers/STM32H7xx_HAL_Driver/stm32h7xx_hal_cortex.o
                0x080016d2                HAL_SYSTICK_Config
 *fill*         0x080016ea        0x2 
 .text.HAL_MPU_Disable
                0x080016ec       0x30 ./Drivers/STM32H7xx_HAL_Driver/stm32h7xx_hal_cortex.o
                0x080016ec                HAL_MPU_Disable
 .text.HAL_MPU_Enable
                0x0800171c       0x40 ./Drivers/STM32H7xx_HAL_Driver/stm32h7xx_hal_cortex.o
                0x0800171c                HAL_MPU_Enable
 .text.HAL_MPU_ConfigRegion
                0x0800175c       0x80 ./Drivers/STM32H7xx_HAL_Driver/stm32h7xx_hal_cortex.o
                0x0800175c                HAL_MPU_ConfigRegion
 .text.HAL_GPIO_Init
                0x080017dc      0x360 ./Drivers/STM32H7xx_HAL_Driver/stm32h7xx_hal_gpio.o
                0x080017dc                HAL_GPIO_Init
 .text.HAL_GPIO_WritePin
                0x08001b3c       0x32 ./Drivers/STM32H7xx_HAL_Driver/stm32h7xx_hal_gpio.o
                0x08001b3c                HAL_GPIO_WritePin
 *fill*         0x08001b6e        0x2 
 .text.HAL_HSEM_FastTake
                0x08001b70       0x34 ./Drivers/STM32H7xx_HAL_Driver/stm32h7xx_hal_hsem.o
                0x08001b70                HAL_HSEM_FastTake
 .text.HAL_HSEM_Release
                0x08001ba4       0x28 ./Drivers/STM32H7xx_HAL_Driver/stm32h7xx_hal_hsem.o
                0x08001ba4                HAL_HSEM_Release
 .text.HAL_I2C_Init
                0x08001bcc      0x138 ./Drivers/STM32H7xx_HAL_Driver/stm32h7xx_hal_i2c.o
                0x08001bcc                HAL_I2C_Init
 .text.HAL_I2C_Master_Transmit
                0x08001d04      0x230 ./Drivers/STM32H7xx_HAL_Driver/stm32h7xx_hal_i2c.o
                0x08001d04                HAL_I2C_Master_Transmit
 .text.HAL_I2C_Master_Receive
                0x08001f34      0x1ec ./Drivers/STM32H7xx_HAL_Driver/stm32h7xx_hal_i2c.o
                0x08001f34                HAL_I2C_Master_Receive
 .text.I2C_Flush_TXDR
                0x08002120       0x48 ./Drivers/STM32H7xx_HAL_Driver/stm32h7xx_hal_i2c.o
 .text.I2C_WaitOnFlagUntilTimeout
                0x08002168       0xb2 ./Drivers/STM32H7xx_HAL_Driver/stm32h7xx_hal_i2c.o
 .text.I2C_WaitOnTXISFlagUntilTimeout
                0x0800221a       0x8e ./Drivers/STM32H7xx_HAL_Driver/stm32h7xx_hal_i2c.o
 .text.I2C_WaitOnSTOPFlagUntilTimeout
                0x080022a8       0x86 ./Drivers/STM32H7xx_HAL_Driver/stm32h7xx_hal_i2c.o
 *fill*         0x0800232e        0x2 
 .text.I2C_WaitOnRXNEFlagUntilTimeout
                0x08002330      0x118 ./Drivers/STM32H7xx_HAL_Driver/stm32h7xx_hal_i2c.o
 .text.I2C_IsErrorOccurred
                0x08002448      0x1c0 ./Drivers/STM32H7xx_HAL_Driver/stm32h7xx_hal_i2c.o
 .text.I2C_TransferConfig
                0x08002608       0x64 ./Drivers/STM32H7xx_HAL_Driver/stm32h7xx_hal_i2c.o
 .text.HAL_I2CEx_ConfigAnalogFilter
                0x0800266c       0x96 ./Drivers/STM32H7xx_HAL_Driver/stm32h7xx_hal_i2c_ex.o
                0x0800266c                HAL_I2CEx_ConfigAnalogFilter
 .text.HAL_I2CEx_ConfigDigitalFilter
                0x08002702       0x98 ./Drivers/STM32H7xx_HAL_Driver/stm32h7xx_hal_i2c_ex.o
                0x08002702                HAL_I2CEx_ConfigDigitalFilter
 *fill*         0x0800279a        0x2 
 .text.HAL_PWREx_ConfigSupply
                0x0800279c       0xb4 ./Drivers/STM32H7xx_HAL_Driver/stm32h7xx_hal_pwr_ex.o
                0x0800279c                HAL_PWREx_ConfigSupply
 .text.HAL_RCC_OscConfig
                0x08002850      0x8b4 ./Drivers/STM32H7xx_HAL_Driver/stm32h7xx_hal_rcc.o
                0x08002850                HAL_RCC_OscConfig
 .text.HAL_RCC_ClockConfig
                0x08003104      0x36c ./Drivers/STM32H7xx_HAL_Driver/stm32h7xx_hal_rcc.o
                0x08003104                HAL_RCC_ClockConfig
 .text.HAL_RCC_GetSysClockFreq
                0x08003470      0x2f4 ./Drivers/STM32H7xx_HAL_Driver/stm32h7xx_hal_rcc.o
                0x08003470                HAL_RCC_GetSysClockFreq
 .text.HAL_RCC_GetHCLKFreq
                0x08003764       0x60 ./Drivers/STM32H7xx_HAL_Driver/stm32h7xx_hal_rcc.o
                0x08003764                HAL_RCC_GetHCLKFreq
 .text.HAL_RCC_GetPCLK1Freq
                0x080037c4       0x2c ./Drivers/STM32H7xx_HAL_Driver/stm32h7xx_hal_rcc.o
                0x080037c4                HAL_RCC_GetPCLK1Freq
 .text.HAL_RCC_GetPCLK2Freq
                0x080037f0       0x2c ./Drivers/STM32H7xx_HAL_Driver/stm32h7xx_hal_rcc.o
                0x080037f0                HAL_RCC_GetPCLK2Freq
 .text.HAL_RCCEx_PeriphCLKConfig
                0x0800381c     0x1414 ./Drivers/STM32H7xx_HAL_Driver/stm32h7xx_hal_rcc_ex.o
                0x0800381c                HAL_RCCEx_PeriphCLKConfig
 .text.HAL_RCCEx_GetD3PCLK1Freq
                0x08004c30       0x2c ./Drivers/STM32H7xx_HAL_Driver/stm32h7xx_hal_rcc_ex.o
                0x08004c30                HAL_RCCEx_GetD3PCLK1Freq
 .text.HAL_RCCEx_GetPLL2ClockFreq
                0x08004c5c      0x2a8 ./Drivers/STM32H7xx_HAL_Driver/stm32h7xx_hal_rcc_ex.o
                0x08004c5c                HAL_RCCEx_GetPLL2ClockFreq
 .text.HAL_RCCEx_GetPLL3ClockFreq
                0x08004f04      0x2a8 ./Drivers/STM32H7xx_HAL_Driver/stm32h7xx_hal_rcc_ex.o
                0x08004f04                HAL_RCCEx_GetPLL3ClockFreq
 .text.RCCEx_PLL2_Config
                0x080051ac      0x164 ./Drivers/STM32H7xx_HAL_Driver/stm32h7xx_hal_rcc_ex.o
 .text.RCCEx_PLL3_Config
                0x08005310      0x164 ./Drivers/STM32H7xx_HAL_Driver/stm32h7xx_hal_rcc_ex.o
 .text.HAL_TIM_Base_Init
                0x08005474       0xae ./Drivers/STM32H7xx_HAL_Driver/stm32h7xx_hal_tim.o
                0x08005474                HAL_TIM_Base_Init
 *fill*         0x08005522        0x2 
 .text.HAL_TIM_ConfigClockSource
                0x08005524      0x1f0 ./Drivers/STM32H7xx_HAL_Driver/stm32h7xx_hal_tim.o
                0x08005524                HAL_TIM_ConfigClockSource
 .text.TIM_Base_SetConfig
                0x08005714      0x140 ./Drivers/STM32H7xx_HAL_Driver/stm32h7xx_hal_tim.o
                0x08005714                TIM_Base_SetConfig
 .text.TIM_TI1_ConfigInputStage
                0x08005854       0x5e ./Drivers/STM32H7xx_HAL_Driver/stm32h7xx_hal_tim.o
 .text.TIM_TI2_ConfigInputStage
                0x080058b2       0x60 ./Drivers/STM32H7xx_HAL_Driver/stm32h7xx_hal_tim.o
 *fill*         0x08005912        0x2 
 .text.TIM_ITRx_SetConfig
                0x08005914       0x3c ./Drivers/STM32H7xx_HAL_Driver/stm32h7xx_hal_tim.o
 .text.TIM_ETR_SetConfig
                0x08005950       0x40 ./Drivers/STM32H7xx_HAL_Driver/stm32h7xx_hal_tim.o
                0x08005950                TIM_ETR_SetConfig
 .text.HAL_TIMEx_MasterConfigSynchronization
                0x08005990      0x11c ./Drivers/STM32H7xx_HAL_Driver/stm32h7xx_hal_tim_ex.o
                0x08005990                HAL_TIMEx_MasterConfigSynchronization
 .text.HAL_UART_Init
                0x08005aac       0xa0 ./Drivers/STM32H7xx_HAL_Driver/stm32h7xx_hal_uart.o
                0x08005aac                HAL_UART_Init
 .text.HAL_UART_Transmit
                0x08005b4c      0x11c ./Drivers/STM32H7xx_HAL_Driver/stm32h7xx_hal_uart.o
                0x08005b4c                HAL_UART_Transmit
 .text.UART_SetConfig
                0x08005c68      0xad0 ./Drivers/STM32H7xx_HAL_Driver/stm32h7xx_hal_uart.o
                0x08005c68                UART_SetConfig
 .text.UART_AdvFeatureConfig
                0x08006738      0x144 ./Drivers/STM32H7xx_HAL_Driver/stm32h7xx_hal_uart.o
                0x08006738                UART_AdvFeatureConfig
 .text.UART_CheckIdleState
                0x0800687c      0x154 ./Drivers/STM32H7xx_HAL_Driver/stm32h7xx_hal_uart.o
                0x0800687c                UART_CheckIdleState
 .text.UART_WaitOnFlagUntilTimeout
                0x080069d0       0xda ./Drivers/STM32H7xx_HAL_Driver/stm32h7xx_hal_uart.o
                0x080069d0                UART_WaitOnFlagUntilTimeout
 *fill*         0x08006aaa        0x2 
 .text.UART_EndRxTransfer
                0x08006aac       0xcc ./Drivers/STM32H7xx_HAL_Driver/stm32h7xx_hal_uart.o
 .text.HAL_UARTEx_DisableFifoMode
                0x08006b78       0x72 ./Drivers/STM32H7xx_HAL_Driver/stm32h7xx_hal_uart_ex.o
                0x08006b78                HAL_UARTEx_DisableFifoMode
 .text.HAL_UARTEx_SetTxFifoThreshold
                0x08006bea       0x7c ./Drivers/STM32H7xx_HAL_Driver/stm32h7xx_hal_uart_ex.o
                0x08006bea                HAL_UARTEx_SetTxFifoThreshold
 .text.HAL_UARTEx_SetRxFifoThreshold
                0x08006c66       0x7c ./Drivers/STM32H7xx_HAL_Driver/stm32h7xx_hal_uart_ex.o
                0x08006c66                HAL_UARTEx_SetRxFifoThreshold
 *fill*         0x08006ce2        0x2 
 .text.UARTEx_SetNbDataToProcess
                0x08006ce4       0x9c ./Drivers/STM32H7xx_HAL_Driver/stm32h7xx_hal_uart_ex.o
 .text.VL53L0X_GetOffsetCalibrationDataMicroMeter
                0x08006d80       0x26 ./Drivers/VL53L0X/core/src/vl53l0x_api.o
                0x08006d80                VL53L0X_GetOffsetCalibrationDataMicroMeter
 *fill*         0x08006da6        0x2 
 .text.VL53L0X_DataInit
                0x08006da8      0x2c8 ./Drivers/VL53L0X/core/src/vl53l0x_api.o
                0x08006da8                VL53L0X_DataInit
 .text.VL53L0X_StaticInit
                0x08007070      0x300 ./Drivers/VL53L0X/core/src/vl53l0x_api.o
                0x08007070                VL53L0X_StaticInit
 .text.VL53L0X_WaitDeviceBooted
                0x08007370       0x1c ./Drivers/VL53L0X/core/src/vl53l0x_api.o
                0x08007370                VL53L0X_WaitDeviceBooted
 .text.VL53L0X_GetDeviceParameters
                0x0800738c      0x120 ./Drivers/VL53L0X/core/src/vl53l0x_api.o
                0x0800738c                VL53L0X_GetDeviceParameters
 .text.VL53L0X_SetDeviceMode
                0x080074ac       0x58 ./Drivers/VL53L0X/core/src/vl53l0x_api.o
                0x080074ac                VL53L0X_SetDeviceMode
 .text.VL53L0X_GetDeviceMode
                0x08007504       0x26 ./Drivers/VL53L0X/core/src/vl53l0x_api.o
                0x08007504                VL53L0X_GetDeviceMode
 .text.VL53L0X_GetFractionEnable
                0x0800752a       0x3e ./Drivers/VL53L0X/core/src/vl53l0x_api.o
                0x0800752a                VL53L0X_GetFractionEnable
 .text.VL53L0X_SetMeasurementTimingBudgetMicroSeconds
                0x08007568       0x26 ./Drivers/VL53L0X/core/src/vl53l0x_api.o
                0x08007568                VL53L0X_SetMeasurementTimingBudgetMicroSeconds
 .text.VL53L0X_GetMeasurementTimingBudgetMicroSeconds
                0x0800758e       0x26 ./Drivers/VL53L0X/core/src/vl53l0x_api.o
                0x0800758e                VL53L0X_GetMeasurementTimingBudgetMicroSeconds
 .text.VL53L0X_SetVcselPulsePeriod
                0x080075b4       0x30 ./Drivers/VL53L0X/core/src/vl53l0x_api.o
                0x080075b4                VL53L0X_SetVcselPulsePeriod
 .text.VL53L0X_GetVcselPulsePeriod
                0x080075e4       0x2e ./Drivers/VL53L0X/core/src/vl53l0x_api.o
                0x080075e4                VL53L0X_GetVcselPulsePeriod
 *fill*         0x08007612        0x2 
 .text.VL53L0X_SetSequenceStepEnable
                0x08007614      0x140 ./Drivers/VL53L0X/core/src/vl53l0x_api.o
                0x08007614                VL53L0X_SetSequenceStepEnable
 .text.sequence_step_enabled
                0x08007754       0xa4 ./Drivers/VL53L0X/core/src/vl53l0x_api.o
                0x08007754                sequence_step_enabled
 .text.VL53L0X_GetSequenceStepEnables
                0x080077f8       0xb0 ./Drivers/VL53L0X/core/src/vl53l0x_api.o
                0x080077f8                VL53L0X_GetSequenceStepEnables
 .text.VL53L0X_GetInterMeasurementPeriodMilliSeconds
                0x080078a8       0x68 ./Drivers/VL53L0X/core/src/vl53l0x_api.o
                0x080078a8                VL53L0X_GetInterMeasurementPeriodMilliSeconds
 .text.VL53L0X_GetXTalkCompensationEnable
                0x08007910       0x2a ./Drivers/VL53L0X/core/src/vl53l0x_api.o
                0x08007910                VL53L0X_GetXTalkCompensationEnable
 .text.VL53L0X_GetXTalkCompensationRateMegaCps
                0x0800793a       0x66 ./Drivers/VL53L0X/core/src/vl53l0x_api.o
                0x0800793a                VL53L0X_GetXTalkCompensationRateMegaCps
 .text.VL53L0X_SetLimitCheckEnable
                0x080079a0      0x118 ./Drivers/VL53L0X/core/src/vl53l0x_api.o
                0x080079a0                VL53L0X_SetLimitCheckEnable
 .text.VL53L0X_GetLimitCheckEnable
                0x08007ab8       0x46 ./Drivers/VL53L0X/core/src/vl53l0x_api.o
                0x08007ab8                VL53L0X_GetLimitCheckEnable
 *fill*         0x08007afe        0x2 
 .text.VL53L0X_SetLimitCheckValue
                0x08007b00       0xc4 ./Drivers/VL53L0X/core/src/vl53l0x_api.o
                0x08007b00                VL53L0X_SetLimitCheckValue
 .text.VL53L0X_GetLimitCheckValue
                0x08007bc4      0x11c ./Drivers/VL53L0X/core/src/vl53l0x_api.o
                0x08007bc4                VL53L0X_GetLimitCheckValue
 .text.VL53L0X_GetWrapAroundCheckEnable
                0x08007ce0       0x64 ./Drivers/VL53L0X/core/src/vl53l0x_api.o
                0x08007ce0                VL53L0X_GetWrapAroundCheckEnable
 .text.VL53L0X_PerformSingleMeasurement
                0x08007d44       0x68 ./Drivers/VL53L0X/core/src/vl53l0x_api.o
                0x08007d44                VL53L0X_PerformSingleMeasurement
 .text.VL53L0X_PerformRefCalibration
                0x08007dac       0x2c ./Drivers/VL53L0X/core/src/vl53l0x_api.o
                0x08007dac                VL53L0X_PerformRefCalibration
 .text.VL53L0X_CheckAndLoadInterruptSettings
                0x08007dd8       0xcc ./Drivers/VL53L0X/core/src/vl53l0x_api.o
                0x08007dd8                VL53L0X_CheckAndLoadInterruptSettings
 .text.VL53L0X_StartMeasurement
                0x08007ea4      0x184 ./Drivers/VL53L0X/core/src/vl53l0x_api.o
                0x08007ea4                VL53L0X_StartMeasurement
 .text.VL53L0X_GetMeasurementDataReady
                0x08008028       0x80 ./Drivers/VL53L0X/core/src/vl53l0x_api.o
                0x08008028                VL53L0X_GetMeasurementDataReady
 .text.VL53L0X_GetRangingMeasurementData
                0x080080a8      0x238 ./Drivers/VL53L0X/core/src/vl53l0x_api.o
                0x080080a8                VL53L0X_GetRangingMeasurementData
 .text.VL53L0X_PerformSingleRangingMeasurement
                0x080082e0       0x60 ./Drivers/VL53L0X/core/src/vl53l0x_api.o
                0x080082e0                VL53L0X_PerformSingleRangingMeasurement
 .text.VL53L0X_SetGpioConfig
                0x08008340      0x244 ./Drivers/VL53L0X/core/src/vl53l0x_api.o
                0x08008340                VL53L0X_SetGpioConfig
 .text.VL53L0X_GetInterruptThresholds
                0x08008584       0x68 ./Drivers/VL53L0X/core/src/vl53l0x_api.o
                0x08008584                VL53L0X_GetInterruptThresholds
 .text.VL53L0X_ClearInterruptMask
                0x080085ec       0x80 ./Drivers/VL53L0X/core/src/vl53l0x_api.o
                0x080085ec                VL53L0X_ClearInterruptMask
 .text.VL53L0X_GetInterruptMaskStatus
                0x0800866c       0x44 ./Drivers/VL53L0X/core/src/vl53l0x_api.o
                0x0800866c                VL53L0X_GetInterruptMaskStatus
 .text.VL53L0X_PerformRefSpadManagement
                0x080086b0       0x2a ./Drivers/VL53L0X/core/src/vl53l0x_api.o
                0x080086b0                VL53L0X_PerformRefSpadManagement
 .text.VL53L0X_get_offset_calibration_data_micro_meter
                0x080086da       0x7e ./Drivers/VL53L0X/core/src/vl53l0x_api_calibration.o
                0x080086da                VL53L0X_get_offset_calibration_data_micro_meter
 .text.get_next_good_spad
                0x08008758       0xbc ./Drivers/VL53L0X/core/src/vl53l0x_api_calibration.o
                0x08008758                get_next_good_spad
 .text.is_aperture
                0x08008814       0x34 ./Drivers/VL53L0X/core/src/vl53l0x_api_calibration.o
                0x08008814                is_aperture
 .text.enable_spad_bit
                0x08008848       0x70 ./Drivers/VL53L0X/core/src/vl53l0x_api_calibration.o
                0x08008848                enable_spad_bit
 .text.set_ref_spad_map
                0x080088b8       0x26 ./Drivers/VL53L0X/core/src/vl53l0x_api_calibration.o
                0x080088b8                set_ref_spad_map
 .text.get_ref_spad_map
                0x080088de       0x26 ./Drivers/VL53L0X/core/src/vl53l0x_api_calibration.o
                0x080088de                get_ref_spad_map
 .text.enable_ref_spads
                0x08008904       0xf8 ./Drivers/VL53L0X/core/src/vl53l0x_api_calibration.o
                0x08008904                enable_ref_spads
 .text.perform_ref_signal_measurement
                0x080089fc       0xd4 ./Drivers/VL53L0X/core/src/vl53l0x_api_calibration.o
                0x080089fc                perform_ref_signal_measurement
 .text.VL53L0X_perform_ref_spad_management
                0x08008ad0      0x418 ./Drivers/VL53L0X/core/src/vl53l0x_api_calibration.o
                0x08008ad0                VL53L0X_perform_ref_spad_management
 .text.VL53L0X_set_reference_spads
                0x08008ee8      0x14a ./Drivers/VL53L0X/core/src/vl53l0x_api_calibration.o
                0x08008ee8                VL53L0X_set_reference_spads
 .text.VL53L0X_perform_single_ref_calibration
                0x08009032       0x76 ./Drivers/VL53L0X/core/src/vl53l0x_api_calibration.o
                0x08009032                VL53L0X_perform_single_ref_calibration
 .text.VL53L0X_ref_calibration_io
                0x080090a8      0x132 ./Drivers/VL53L0X/core/src/vl53l0x_api_calibration.o
                0x080090a8                VL53L0X_ref_calibration_io
 .text.VL53L0X_perform_vhv_calibration
                0x080091da       0xce ./Drivers/VL53L0X/core/src/vl53l0x_api_calibration.o
                0x080091da                VL53L0X_perform_vhv_calibration
 .text.VL53L0X_perform_phase_calibration
                0x080092a8       0xca ./Drivers/VL53L0X/core/src/vl53l0x_api_calibration.o
                0x080092a8                VL53L0X_perform_phase_calibration
 .text.VL53L0X_perform_ref_calibration
                0x08009372       0x7a ./Drivers/VL53L0X/core/src/vl53l0x_api_calibration.o
                0x08009372                VL53L0X_perform_ref_calibration
 .text.VL53L0X_measurement_poll_for_completion
                0x080093ec       0x60 ./Drivers/VL53L0X/core/src/vl53l0x_api_core.o
                0x080093ec                VL53L0X_measurement_poll_for_completion
 .text.VL53L0X_decode_vcsel_period
                0x0800944c       0x26 ./Drivers/VL53L0X/core/src/vl53l0x_api_core.o
                0x0800944c                VL53L0X_decode_vcsel_period
 .text.VL53L0X_encode_vcsel_period
                0x08009472       0x26 ./Drivers/VL53L0X/core/src/vl53l0x_api_core.o
                0x08009472                VL53L0X_encode_vcsel_period
 .text.VL53L0X_isqrt
                0x08009498       0x68 ./Drivers/VL53L0X/core/src/vl53l0x_api_core.o
                0x08009498                VL53L0X_isqrt
 .text.VL53L0X_device_read_strobe
                0x08009500       0x86 ./Drivers/VL53L0X/core/src/vl53l0x_api_core.o
                0x08009500                VL53L0X_device_read_strobe
 .text.VL53L0X_get_info_from_device
                0x08009586      0x99a ./Drivers/VL53L0X/core/src/vl53l0x_api_core.o
                0x08009586                VL53L0X_get_info_from_device
 .text.VL53L0X_calc_macro_period_ps
                0x08009f20       0x3c ./Drivers/VL53L0X/core/src/vl53l0x_api_core.o
                0x08009f20                VL53L0X_calc_macro_period_ps
 .text.VL53L0X_encode_timeout
                0x08009f5c       0x54 ./Drivers/VL53L0X/core/src/vl53l0x_api_core.o
                0x08009f5c                VL53L0X_encode_timeout
 .text.VL53L0X_decode_timeout
                0x08009fb0       0x2c ./Drivers/VL53L0X/core/src/vl53l0x_api_core.o
                0x08009fb0                VL53L0X_decode_timeout
 .text.VL53L0X_calc_timeout_mclks
                0x08009fdc       0x54 ./Drivers/VL53L0X/core/src/vl53l0x_api_core.o
                0x08009fdc                VL53L0X_calc_timeout_mclks
 .text.VL53L0X_calc_timeout_us
                0x0800a030       0x54 ./Drivers/VL53L0X/core/src/vl53l0x_api_core.o
                0x0800a030                VL53L0X_calc_timeout_us
 .text.get_sequence_step_timeout
                0x0800a084      0x1c0 ./Drivers/VL53L0X/core/src/vl53l0x_api_core.o
                0x0800a084                get_sequence_step_timeout
 .text.set_sequence_step_timeout
                0x0800a244      0x1e4 ./Drivers/VL53L0X/core/src/vl53l0x_api_core.o
                0x0800a244                set_sequence_step_timeout
 .text.VL53L0X_set_vcsel_pulse_period
                0x0800a428      0x50e ./Drivers/VL53L0X/core/src/vl53l0x_api_core.o
                0x0800a428                VL53L0X_set_vcsel_pulse_period
 .text.VL53L0X_get_vcsel_pulse_period
                0x0800a936       0x6e ./Drivers/VL53L0X/core/src/vl53l0x_api_core.o
                0x0800a936                VL53L0X_get_vcsel_pulse_period
 .text.VL53L0X_set_measurement_timing_budget_micro_seconds
                0x0800a9a4      0x1c0 ./Drivers/VL53L0X/core/src/vl53l0x_api_core.o
                0x0800a9a4                VL53L0X_set_measurement_timing_budget_micro_seconds
 .text.VL53L0X_get_measurement_timing_budget_micro_seconds
                0x0800ab64      0x162 ./Drivers/VL53L0X/core/src/vl53l0x_api_core.o
                0x0800ab64                VL53L0X_get_measurement_timing_budget_micro_seconds
 *fill*         0x0800acc6        0x2 
 .text.VL53L0X_load_tuning_settings
                0x0800acc8      0x1c4 ./Drivers/VL53L0X/core/src/vl53l0x_api_core.o
                0x0800acc8                VL53L0X_load_tuning_settings
 .text.VL53L0X_get_total_xtalk_rate
                0x0800ae8c       0x5e ./Drivers/VL53L0X/core/src/vl53l0x_api_core.o
                0x0800ae8c                VL53L0X_get_total_xtalk_rate
 .text.VL53L0X_get_total_signal_rate
                0x0800aeea       0x4a ./Drivers/VL53L0X/core/src/vl53l0x_api_core.o
                0x0800aeea                VL53L0X_get_total_signal_rate
 .text.VL53L0X_calc_dmax
                0x0800af34      0x238 ./Drivers/VL53L0X/core/src/vl53l0x_api_core.o
                0x0800af34                VL53L0X_calc_dmax
 .text.VL53L0X_calc_sigma_estimate
                0x0800b16c      0x498 ./Drivers/VL53L0X/core/src/vl53l0x_api_core.o
                0x0800b16c                VL53L0X_calc_sigma_estimate
 .text.VL53L0X_get_pal_range_status
                0x0800b604      0x3b6 ./Drivers/VL53L0X/core/src/vl53l0x_api_core.o
                0x0800b604                VL53L0X_get_pal_range_status
 .text._I2CWrite
                0x0800b9ba       0x3e ./Drivers/VL53L0X/platform/src/vl53l0x_platform.o
                0x0800b9ba                _I2CWrite
 .text._I2CRead
                0x0800b9f8       0x44 ./Drivers/VL53L0X/platform/src/vl53l0x_platform.o
                0x0800b9f8                _I2CRead
 .text.VL53L0X_WriteMulti
                0x0800ba3c       0x60 ./Drivers/VL53L0X/platform/src/vl53l0x_platform.o
                0x0800ba3c                VL53L0X_WriteMulti
 .text.VL53L0X_ReadMulti
                0x0800ba9c       0x56 ./Drivers/VL53L0X/platform/src/vl53l0x_platform.o
                0x0800ba9c                VL53L0X_ReadMulti
 *fill*         0x0800baf2        0x2 
 .text.VL53L0X_WrByte
                0x0800baf4       0x48 ./Drivers/VL53L0X/platform/src/vl53l0x_platform.o
                0x0800baf4                VL53L0X_WrByte
 .text.VL53L0X_WrWord
                0x0800bb3c       0x54 ./Drivers/VL53L0X/platform/src/vl53l0x_platform.o
                0x0800bb3c                VL53L0X_WrWord
 .text.VL53L0X_UpdateByte
                0x0800bb90       0x68 ./Drivers/VL53L0X/platform/src/vl53l0x_platform.o
                0x0800bb90                VL53L0X_UpdateByte
 .text.VL53L0X_RdByte
                0x0800bbf8       0x54 ./Drivers/VL53L0X/platform/src/vl53l0x_platform.o
                0x0800bbf8                VL53L0X_RdByte
 .text.VL53L0X_RdWord
                0x0800bc4c       0x6c ./Drivers/VL53L0X/platform/src/vl53l0x_platform.o
                0x0800bc4c                VL53L0X_RdWord
 .text.VL53L0X_RdDWord
                0x0800bcb8       0x78 ./Drivers/VL53L0X/platform/src/vl53l0x_platform.o
                0x0800bcb8                VL53L0X_RdDWord
 .text.VL53L0X_PollingDelay
                0x0800bd30       0x1e ./Drivers/VL53L0X/platform/src/vl53l0x_platform.o
                0x0800bd30                VL53L0X_PollingDelay
 *fill*         0x0800bd4e        0x2 
 .text.sprintf  0x0800bd50       0x40 C:/ST/STM32CubeIDE_1.17.0/STM32CubeIDE/plugins/com.st.stm32cube.ide.mcu.externaltools.gnu-tools-for-stm32.12.3.rel1.win32_1.1.0.202410251130/tools/bin/../lib/gcc/arm-none-eabi/12.3.1/../../../../arm-none-eabi/lib/thumb/v7e-m+dp/hard\libc_nano.a(libc_a-sprintf.o)
                0x0800bd50                siprintf
                0x0800bd50                sprintf
 .text.memset   0x0800bd90       0x10 C:/ST/STM32CubeIDE_1.17.0/STM32CubeIDE/plugins/com.st.stm32cube.ide.mcu.externaltools.gnu-tools-for-stm32.12.3.rel1.win32_1.1.0.202410251130/tools/bin/../lib/gcc/arm-none-eabi/12.3.1/../../../../arm-none-eabi/lib/thumb/v7e-m+dp/hard\libc_nano.a(libc_a-memset.o)
                0x0800bd90                memset
 .text.__errno  0x0800bda0        0xc C:/ST/STM32CubeIDE_1.17.0/STM32CubeIDE/plugins/com.st.stm32cube.ide.mcu.externaltools.gnu-tools-for-stm32.12.3.rel1.win32_1.1.0.202410251130/tools/bin/../lib/gcc/arm-none-eabi/12.3.1/../../../../arm-none-eabi/lib/thumb/v7e-m+dp/hard\libc_nano.a(libc_a-errno.o)
                0x0800bda0                __errno
 .text.__libc_init_array
                0x0800bdac       0x48 C:/ST/STM32CubeIDE_1.17.0/STM32CubeIDE/plugins/com.st.stm32cube.ide.mcu.externaltools.gnu-tools-for-stm32.12.3.rel1.win32_1.1.0.202410251130/tools/bin/../lib/gcc/arm-none-eabi/12.3.1/../../../../arm-none-eabi/lib/thumb/v7e-m+dp/hard\libc_nano.a(libc_a-init.o)
                0x0800bdac                __libc_init_array
 .text.__retarget_lock_acquire_recursive
                0x0800bdf4        0x2 C:/ST/STM32CubeIDE_1.17.0/STM32CubeIDE/plugins/com.st.stm32cube.ide.mcu.externaltools.gnu-tools-for-stm32.12.3.rel1.win32_1.1.0.202410251130/tools/bin/../lib/gcc/arm-none-eabi/12.3.1/../../../../arm-none-eabi/lib/thumb/v7e-m+dp/hard\libc_nano.a(libc_a-lock.o)
                0x0800bdf4                __retarget_lock_acquire_recursive
 .text.__retarget_lock_release_recursive
                0x0800bdf6        0x2 C:/ST/STM32CubeIDE_1.17.0/STM32CubeIDE/plugins/com.st.stm32cube.ide.mcu.externaltools.gnu-tools-for-stm32.12.3.rel1.win32_1.1.0.202410251130/tools/bin/../lib/gcc/arm-none-eabi/12.3.1/../../../../arm-none-eabi/lib/thumb/v7e-m+dp/hard\libc_nano.a(libc_a-lock.o)
                0x0800bdf6                __retarget_lock_release_recursive
 .text.strcpy   0x0800bdf8       0x10 C:/ST/STM32CubeIDE_1.17.0/STM32CubeIDE/plugins/com.st.stm32cube.ide.mcu.externaltools.gnu-tools-for-stm32.12.3.rel1.win32_1.1.0.202410251130/tools/bin/../lib/gcc/arm-none-eabi/12.3.1/../../../../arm-none-eabi/lib/thumb/v7e-m+dp/hard\libc_nano.a(libc_a-strcpy.o)
                0x0800bdf8                strcpy
 .text.memcpy   0x0800be08       0x1c C:/ST/STM32CubeIDE_1.17.0/STM32CubeIDE/plugins/com.st.stm32cube.ide.mcu.externaltools.gnu-tools-for-stm32.12.3.rel1.win32_1.1.0.202410251130/tools/bin/../lib/gcc/arm-none-eabi/12.3.1/../../../../arm-none-eabi/lib/thumb/v7e-m+dp/hard\libc_nano.a(libc_a-memcpy-stub.o)
                0x0800be08                memcpy
 .text._free_r  0x0800be24       0x94 C:/ST/STM32CubeIDE_1.17.0/STM32CubeIDE/plugins/com.st.stm32cube.ide.mcu.externaltools.gnu-tools-for-stm32.12.3.rel1.win32_1.1.0.202410251130/tools/bin/../lib/gcc/arm-none-eabi/12.3.1/../../../../arm-none-eabi/lib/thumb/v7e-m+dp/hard\libc_nano.a(libc_a-freer.o)
                0x0800be24                _free_r
 .text.sbrk_aligned
                0x0800beb8       0x44 C:/ST/STM32CubeIDE_1.17.0/STM32CubeIDE/plugins/com.st.stm32cube.ide.mcu.externaltools.gnu-tools-for-stm32.12.3.rel1.win32_1.1.0.202410251130/tools/bin/../lib/gcc/arm-none-eabi/12.3.1/../../../../arm-none-eabi/lib/thumb/v7e-m+dp/hard\libc_nano.a(libc_a-mallocr.o)
 .text._malloc_r
                0x0800befc      0x100 C:/ST/STM32CubeIDE_1.17.0/STM32CubeIDE/plugins/com.st.stm32cube.ide.mcu.externaltools.gnu-tools-for-stm32.12.3.rel1.win32_1.1.0.202410251130/tools/bin/../lib/gcc/arm-none-eabi/12.3.1/../../../../arm-none-eabi/lib/thumb/v7e-m+dp/hard\libc_nano.a(libc_a-mallocr.o)
                0x0800befc                _malloc_r
 .text.__malloc_lock
                0x0800bffc        0xc C:/ST/STM32CubeIDE_1.17.0/STM32CubeIDE/plugins/com.st.stm32cube.ide.mcu.externaltools.gnu-tools-for-stm32.12.3.rel1.win32_1.1.0.202410251130/tools/bin/../lib/gcc/arm-none-eabi/12.3.1/../../../../arm-none-eabi/lib/thumb/v7e-m+dp/hard\libc_nano.a(libc_a-mlock.o)
                0x0800bffc                __malloc_lock
 .text.__malloc_unlock
                0x0800c008        0xc C:/ST/STM32CubeIDE_1.17.0/STM32CubeIDE/plugins/com.st.stm32cube.ide.mcu.externaltools.gnu-tools-for-stm32.12.3.rel1.win32_1.1.0.202410251130/tools/bin/../lib/gcc/arm-none-eabi/12.3.1/../../../../arm-none-eabi/lib/thumb/v7e-m+dp/hard\libc_nano.a(libc_a-mlock.o)
                0x0800c008                __malloc_unlock
 .text.__ssputs_r
                0x0800c014       0xb6 C:/ST/STM32CubeIDE_1.17.0/STM32CubeIDE/plugins/com.st.stm32cube.ide.mcu.externaltools.gnu-tools-for-stm32.12.3.rel1.win32_1.1.0.202410251130/tools/bin/../lib/gcc/arm-none-eabi/12.3.1/../../../../arm-none-eabi/lib/thumb/v7e-m+dp/hard\libc_nano.a(libc_a-nano-svfprintf.o)
                0x0800c014                __ssputs_r
 *fill*         0x0800c0ca        0x2 
 .text._svfprintf_r
                0x0800c0cc      0x1f8 C:/ST/STM32CubeIDE_1.17.0/STM32CubeIDE/plugins/com.st.stm32cube.ide.mcu.externaltools.gnu-tools-for-stm32.12.3.rel1.win32_1.1.0.202410251130/tools/bin/../lib/gcc/arm-none-eabi/12.3.1/../../../../arm-none-eabi/lib/thumb/v7e-m+dp/hard\libc_nano.a(libc_a-nano-svfprintf.o)
                0x0800c0cc                _svfiprintf_r
                0x0800c0cc                _svfprintf_r
 .text._printf_common
                0x0800c2c4       0xda C:/ST/STM32CubeIDE_1.17.0/STM32CubeIDE/plugins/com.st.stm32cube.ide.mcu.externaltools.gnu-tools-for-stm32.12.3.rel1.win32_1.1.0.202410251130/tools/bin/../lib/gcc/arm-none-eabi/12.3.1/../../../../arm-none-eabi/lib/thumb/v7e-m+dp/hard\libc_nano.a(libc_a-nano-vfprintf_i.o)
                0x0800c2c4                _printf_common
 *fill*         0x0800c39e        0x2 
 .text._printf_i
                0x0800c3a0      0x240 C:/ST/STM32CubeIDE_1.17.0/STM32CubeIDE/plugins/com.st.stm32cube.ide.mcu.externaltools.gnu-tools-for-stm32.12.3.rel1.win32_1.1.0.202410251130/tools/bin/../lib/gcc/arm-none-eabi/12.3.1/../../../../arm-none-eabi/lib/thumb/v7e-m+dp/hard\libc_nano.a(libc_a-nano-vfprintf_i.o)
                0x0800c3a0                _printf_i
 .text.memmove  0x0800c5e0       0x34 C:/ST/STM32CubeIDE_1.17.0/STM32CubeIDE/plugins/com.st.stm32cube.ide.mcu.externaltools.gnu-tools-for-stm32.12.3.rel1.win32_1.1.0.202410251130/tools/bin/../lib/gcc/arm-none-eabi/12.3.1/../../../../arm-none-eabi/lib/thumb/v7e-m+dp/hard\libc_nano.a(libc_a-memmove.o)
                0x0800c5e0                memmove
 .text._sbrk_r  0x0800c614       0x20 C:/ST/STM32CubeIDE_1.17.0/STM32CubeIDE/plugins/com.st.stm32cube.ide.mcu.externaltools.gnu-tools-for-stm32.12.3.rel1.win32_1.1.0.202410251130/tools/bin/../lib/gcc/arm-none-eabi/12.3.1/../../../../arm-none-eabi/lib/thumb/v7e-m+dp/hard\libc_nano.a(libc_a-sbrkr.o)
                0x0800c614                _sbrk_r
 .text._realloc_r
                0x0800c634       0x5c C:/ST/STM32CubeIDE_1.17.0/STM32CubeIDE/plugins/com.st.stm32cube.ide.mcu.externaltools.gnu-tools-for-stm32.12.3.rel1.win32_1.1.0.202410251130/tools/bin/../lib/gcc/arm-none-eabi/12.3.1/../../../../arm-none-eabi/lib/thumb/v7e-m+dp/hard\libc_nano.a(libc_a-reallocr.o)
                0x0800c634                _realloc_r
 .text._malloc_usable_size_r
                0x0800c690       0x10 C:/ST/STM32CubeIDE_1.17.0/STM32CubeIDE/plugins/com.st.stm32cube.ide.mcu.externaltools.gnu-tools-for-stm32.12.3.rel1.win32_1.1.0.202410251130/tools/bin/../lib/gcc/arm-none-eabi/12.3.1/../../../../arm-none-eabi/lib/thumb/v7e-m+dp/hard\libc_nano.a(libc_a-msizer.o)
                0x0800c690                _malloc_usable_size_r
 *(.glue_7)
 .glue_7        0x0800c6a0        0x0 linker stubs
 *(.glue_7t)
 .glue_7t       0x0800c6a0        0x0 linker stubs
 *(.eh_frame)
 .eh_frame      0x0800c6a0        0x0 C:/ST/STM32CubeIDE_1.17.0/STM32CubeIDE/plugins/com.st.stm32cube.ide.mcu.externaltools.gnu-tools-for-stm32.12.3.rel1.win32_1.1.0.202410251130/tools/bin/../lib/gcc/arm-none-eabi/12.3.1/thumb/v7e-m+dp/hard/crtbegin.o
 *(.init)
 .init          0x0800c6a0        0x4 C:/ST/STM32CubeIDE_1.17.0/STM32CubeIDE/plugins/com.st.stm32cube.ide.mcu.externaltools.gnu-tools-for-stm32.12.3.rel1.win32_1.1.0.202410251130/tools/bin/../lib/gcc/arm-none-eabi/12.3.1/thumb/v7e-m+dp/hard/crti.o
                0x0800c6a0                _init
 .init          0x0800c6a4        0x8 C:/ST/STM32CubeIDE_1.17.0/STM32CubeIDE/plugins/com.st.stm32cube.ide.mcu.externaltools.gnu-tools-for-stm32.12.3.rel1.win32_1.1.0.202410251130/tools/bin/../lib/gcc/arm-none-eabi/12.3.1/thumb/v7e-m+dp/hard/crtn.o
 *(.fini)
 .fini          0x0800c6ac        0x4 C:/ST/STM32CubeIDE_1.17.0/STM32CubeIDE/plugins/com.st.stm32cube.ide.mcu.externaltools.gnu-tools-for-stm32.12.3.rel1.win32_1.1.0.202410251130/tools/bin/../lib/gcc/arm-none-eabi/12.3.1/thumb/v7e-m+dp/hard/crti.o
                0x0800c6ac                _fini
 .fini          0x0800c6b0        0x8 C:/ST/STM32CubeIDE_1.17.0/STM32CubeIDE/plugins/com.st.stm32cube.ide.mcu.externaltools.gnu-tools-for-stm32.12.3.rel1.win32_1.1.0.202410251130/tools/bin/../lib/gcc/arm-none-eabi/12.3.1/thumb/v7e-m+dp/hard/crtn.o
                0x0800c6b8                        . = ALIGN (0x4)
                0x0800c6b8                        _etext = .

.vfp11_veneer   0x0800c6b8        0x0
 .vfp11_veneer  0x0800c6b8        0x0 linker stubs

.v4_bx          0x0800c6b8        0x0
 .v4_bx         0x0800c6b8        0x0 linker stubs

.iplt           0x0800c6b8        0x0
 .iplt          0x0800c6b8        0x0 C:/ST/STM32CubeIDE_1.17.0/STM32CubeIDE/plugins/com.st.stm32cube.ide.mcu.externaltools.gnu-tools-for-stm32.12.3.rel1.win32_1.1.0.202410251130/tools/bin/../lib/gcc/arm-none-eabi/12.3.1/thumb/v7e-m+dp/hard/crtbegin.o

.rodata         0x0800c6b8       0xc4
                0x0800c6b8                        . = ALIGN (0x4)
 *(.rodata)
 .rodata        0x0800c6b8       0x57 ./Core/Src/main.o
 *(.rodata*)
 *fill*         0x0800c70f        0x1 
 .rodata.D1CorePrescTable
                0x0800c710       0x10 ./Common/Src/system_stm32h7xx_dualcore_boot_cm4_cm7.o
                0x0800c710                D1CorePrescTable
 .rodata.UARTPrescTable
                0x0800c720       0x18 ./Drivers/STM32H7xx_HAL_Driver/stm32h7xx_hal_uart.o
                0x0800c720                UARTPrescTable
 .rodata.numerator.1
                0x0800c738        0x8 ./Drivers/STM32H7xx_HAL_Driver/stm32h7xx_hal_uart_ex.o
 .rodata.denominator.0
                0x0800c740        0x8 ./Drivers/STM32H7xx_HAL_Driver/stm32h7xx_hal_uart_ex.o
 .rodata._svfprintf_r.str1.1
                0x0800c748       0x11 C:/ST/STM32CubeIDE_1.17.0/STM32CubeIDE/plugins/com.st.stm32cube.ide.mcu.externaltools.gnu-tools-for-stm32.12.3.rel1.win32_1.1.0.202410251130/tools/bin/../lib/gcc/arm-none-eabi/12.3.1/../../../../arm-none-eabi/lib/thumb/v7e-m+dp/hard\libc_nano.a(libc_a-nano-svfprintf.o)
 .rodata._printf_i.str1.1
                0x0800c759       0x22 C:/ST/STM32CubeIDE_1.17.0/STM32CubeIDE/plugins/com.st.stm32cube.ide.mcu.externaltools.gnu-tools-for-stm32.12.3.rel1.win32_1.1.0.202410251130/tools/bin/../lib/gcc/arm-none-eabi/12.3.1/../../../../arm-none-eabi/lib/thumb/v7e-m+dp/hard\libc_nano.a(libc_a-nano-vfprintf_i.o)
                0x0800c77c                        . = ALIGN (0x4)
 *fill*         0x0800c77b        0x1 

.ARM.extab      0x0800c77c        0x0
                0x0800c77c                        . = ALIGN (0x4)
 *(.ARM.extab* .gnu.linkonce.armextab.*)
                0x0800c77c                        . = ALIGN (0x4)

.ARM            0x0800c77c        0x8
                0x0800c77c                        . = ALIGN (0x4)
                0x0800c77c                        __exidx_start = .
 *(.ARM.exidx*)
 .ARM.exidx     0x0800c77c        0x8 C:/ST/STM32CubeIDE_1.17.0/STM32CubeIDE/plugins/com.st.stm32cube.ide.mcu.externaltools.gnu-tools-for-stm32.12.3.rel1.win32_1.1.0.202410251130/tools/bin/../lib/gcc/arm-none-eabi/12.3.1/../../../../arm-none-eabi/lib/thumb/v7e-m+dp/hard\libc_nano.a(libc_a-memchr.o)
 .ARM.exidx     0x0800c784        0x0 C:/ST/STM32CubeIDE_1.17.0/STM32CubeIDE/plugins/com.st.stm32cube.ide.mcu.externaltools.gnu-tools-for-stm32.12.3.rel1.win32_1.1.0.202410251130/tools/bin/../lib/gcc/arm-none-eabi/12.3.1/thumb/v7e-m+dp/hard\libgcc.a(_udivmoddi4.o)
                                  0x8 (size before relaxing)
                0x0800c784                        __exidx_end = .
                0x0800c784                        . = ALIGN (0x4)

.preinit_array  0x0800c784        0x0
                0x0800c784                        . = ALIGN (0x4)
                0x0800c784                        PROVIDE (__preinit_array_start = .)
 *(.preinit_array*)
                0x0800c784                        PROVIDE (__preinit_array_end = .)
                0x0800c784                        . = ALIGN (0x4)

.init_array     0x0800c784        0x4
                0x0800c784                        . = ALIGN (0x4)
                0x0800c784                        PROVIDE (__init_array_start = .)
 *(SORT_BY_NAME(.init_array.*))
 *(.init_array*)
 .init_array    0x0800c784        0x4 C:/ST/STM32CubeIDE_1.17.0/STM32CubeIDE/plugins/com.st.stm32cube.ide.mcu.externaltools.gnu-tools-for-stm32.12.3.rel1.win32_1.1.0.202410251130/tools/bin/../lib/gcc/arm-none-eabi/12.3.1/thumb/v7e-m+dp/hard/crtbegin.o
                0x0800c788                        PROVIDE (__init_array_end = .)
                0x0800c788                        . = ALIGN (0x4)

.fini_array     0x0800c788        0x4
                0x0800c788                        . = ALIGN (0x4)
                [!provide]                        PROVIDE (__fini_array_start = .)
 *(SORT_BY_NAME(.fini_array.*))
 *(.fini_array*)
 .fini_array    0x0800c788        0x4 C:/ST/STM32CubeIDE_1.17.0/STM32CubeIDE/plugins/com.st.stm32cube.ide.mcu.externaltools.gnu-tools-for-stm32.12.3.rel1.win32_1.1.0.202410251130/tools/bin/../lib/gcc/arm-none-eabi/12.3.1/thumb/v7e-m+dp/hard/crtbegin.o
                [!provide]                        PROVIDE (__fini_array_end = .)
                0x0800c78c                        . = ALIGN (0x4)
                0x0800c78c                        _sidata = LOADADDR (.data)

.rel.dyn        0x0800c78c        0x0
 .rel.iplt      0x0800c78c        0x0 C:/ST/STM32CubeIDE_1.17.0/STM32CubeIDE/plugins/com.st.stm32cube.ide.mcu.externaltools.gnu-tools-for-stm32.12.3.rel1.win32_1.1.0.202410251130/tools/bin/../lib/gcc/arm-none-eabi/12.3.1/thumb/v7e-m+dp/hard/crtbegin.o

.data           0x24000000      0x320 load address 0x0800c78c
                0x24000000                        . = ALIGN (0x4)
                0x24000000                        _sdata = .
 *(.data)
 *(.data*)
 .data.SystemCoreClock
                0x24000000        0x4 ./Common/Src/system_stm32h7xx_dualcore_boot_cm4_cm7.o
                0x24000000                SystemCoreClock
 .data.SystemD2Clock
                0x24000004        0x4 ./Common/Src/system_stm32h7xx_dualcore_boot_cm4_cm7.o
                0x24000004                SystemD2Clock
 .data.Dev      0x24000008        0x4 ./Core/Src/main.o
                0x24000008                Dev
 .data.uwTickPrio
                0x2400000c        0x4 ./Drivers/STM32H7xx_HAL_Driver/stm32h7xx_hal.o
                0x2400000c                uwTickPrio
 .data.uwTickFreq
                0x24000010        0x1 ./Drivers/STM32H7xx_HAL_Driver/stm32h7xx_hal.o
                0x24000010                uwTickFreq
 *fill*         0x24000011        0x3 
 .data.DefaultTuningSettings
                0x24000014       0xf3 ./Drivers/VL53L0X/core/src/vl53l0x_api.o
                0x24000014                DefaultTuningSettings
 *fill*         0x24000107        0x1 
 .data.InterruptThresholdSettings
                0x24000108      0x1b6 ./Drivers/VL53L0X/core/src/vl53l0x_api.o
                0x24000108                InterruptThresholdSettings
 *fill*         0x240002be        0x2 
 .data.refArrayQuadrants
                0x240002c0       0x10 ./Drivers/VL53L0X/core/src/vl53l0x_api_calibration.o
                0x240002c0                refArrayQuadrants
 .data._impure_ptr
                0x240002d0        0x4 C:/ST/STM32CubeIDE_1.17.0/STM32CubeIDE/plugins/com.st.stm32cube.ide.mcu.externaltools.gnu-tools-for-stm32.12.3.rel1.win32_1.1.0.202410251130/tools/bin/../lib/gcc/arm-none-eabi/12.3.1/../../../../arm-none-eabi/lib/thumb/v7e-m+dp/hard\libc_nano.a(libc_a-impure.o)
                0x240002d0                _impure_ptr
 .data._impure_data
                0x240002d4       0x4c C:/ST/STM32CubeIDE_1.17.0/STM32CubeIDE/plugins/com.st.stm32cube.ide.mcu.externaltools.gnu-tools-for-stm32.12.3.rel1.win32_1.1.0.202410251130/tools/bin/../lib/gcc/arm-none-eabi/12.3.1/../../../../arm-none-eabi/lib/thumb/v7e-m+dp/hard\libc_nano.a(libc_a-impure.o)
                0x240002d4                _impure_data
 *(.RamFunc)
 *(.RamFunc*)
                0x24000320                        . = ALIGN (0x4)
                0x24000320                        _edata = .

.igot.plt       0x24000320        0x0 load address 0x0800caac
 .igot.plt      0x24000320        0x0 C:/ST/STM32CubeIDE_1.17.0/STM32CubeIDE/plugins/com.st.stm32cube.ide.mcu.externaltools.gnu-tools-for-stm32.12.3.rel1.win32_1.1.0.202410251130/tools/bin/../lib/gcc/arm-none-eabi/12.3.1/thumb/v7e-m+dp/hard/crtbegin.o
                0x24000320                        . = ALIGN (0x4)

.bss            0x24000320      0x504 load address 0x0800caac
                0x24000320                        _sbss = .
                0x24000320                        __bss_start__ = _sbss
 *(.bss)
 .bss           0x24000320       0x1c C:/ST/STM32CubeIDE_1.17.0/STM32CubeIDE/plugins/com.st.stm32cube.ide.mcu.externaltools.gnu-tools-for-stm32.12.3.rel1.win32_1.1.0.202410251130/tools/bin/../lib/gcc/arm-none-eabi/12.3.1/thumb/v7e-m+dp/hard/crtbegin.o
 *(.bss*)
 .bss.hi2c2     0x2400033c       0x54 ./Core/Src/i2c.o
                0x2400033c                hi2c2
 .bss.Message   0x24000390       0x40 ./Core/Src/main.o
                0x24000390                Message
 .bss.MessageLen
                0x240003d0        0x1 ./Core/Src/main.o
                0x240003d0                MessageLen
 *fill*         0x240003d1        0x3 
 .bss.RangingData
                0x240003d4       0x1c ./Core/Src/main.o
                0x240003d4                RangingData
 .bss.vl53l0x_c
                0x240003f0      0x190 ./Core/Src/main.o
                0x240003f0                vl53l0x_c
 .bss.buffer    0x24000580       0x28 ./Core/Src/main.o
                0x24000580                buffer
 .bss.index_i   0x240005a8        0x4 ./Core/Src/main.o
                0x240005a8                index_i
 .bss.i         0x240005ac        0x4 ./Core/Src/main.o
                0x240005ac                i
 .bss.filtered  0x240005b0        0x4 ./Core/Src/main.o
                0x240005b0                filtered
 .bss.__sbrk_heap_end
                0x240005b4        0x4 ./Core/Src/sysmem.o
 .bss.htim1     0x240005b8       0x4c ./Core/Src/tim.o
                0x240005b8                htim1
 .bss.huart3    0x24000604       0x94 ./Core/Src/usart.o
                0x24000604                huart3
 .bss.uwTick    0x24000698        0x4 ./Drivers/STM32H7xx_HAL_Driver/stm32h7xx_hal.o
                0x24000698                uwTick
 .bss._I2CBuffer
                0x2400069c       0x40 ./Drivers/VL53L0X/platform/src/vl53l0x_platform.o
                0x2400069c                _I2CBuffer
 .bss.__sf      0x240006dc      0x138 C:/ST/STM32CubeIDE_1.17.0/STM32CubeIDE/plugins/com.st.stm32cube.ide.mcu.externaltools.gnu-tools-for-stm32.12.3.rel1.win32_1.1.0.202410251130/tools/bin/../lib/gcc/arm-none-eabi/12.3.1/../../../../arm-none-eabi/lib/thumb/v7e-m+dp/hard\libc_nano.a(libc_a-findfp.o)
                0x240006dc                __sf
 .bss.errno     0x24000814        0x4 C:/ST/STM32CubeIDE_1.17.0/STM32CubeIDE/plugins/com.st.stm32cube.ide.mcu.externaltools.gnu-tools-for-stm32.12.3.rel1.win32_1.1.0.202410251130/tools/bin/../lib/gcc/arm-none-eabi/12.3.1/../../../../arm-none-eabi/lib/thumb/v7e-m+dp/hard\libc_nano.a(libc_a-reent.o)
                0x24000814                errno
 .bss.__lock___malloc_recursive_mutex
                0x24000818        0x1 C:/ST/STM32CubeIDE_1.17.0/STM32CubeIDE/plugins/com.st.stm32cube.ide.mcu.externaltools.gnu-tools-for-stm32.12.3.rel1.win32_1.1.0.202410251130/tools/bin/../lib/gcc/arm-none-eabi/12.3.1/../../../../arm-none-eabi/lib/thumb/v7e-m+dp/hard\libc_nano.a(libc_a-lock.o)
                0x24000818                __lock___malloc_recursive_mutex
 *fill*         0x24000819        0x3 
 .bss.__malloc_sbrk_start
                0x2400081c        0x4 C:/ST/STM32CubeIDE_1.17.0/STM32CubeIDE/plugins/com.st.stm32cube.ide.mcu.externaltools.gnu-tools-for-stm32.12.3.rel1.win32_1.1.0.202410251130/tools/bin/../lib/gcc/arm-none-eabi/12.3.1/../../../../arm-none-eabi/lib/thumb/v7e-m+dp/hard\libc_nano.a(libc_a-mallocr.o)
                0x2400081c                __malloc_sbrk_start
 .bss.__malloc_free_list
                0x24000820        0x4 C:/ST/STM32CubeIDE_1.17.0/STM32CubeIDE/plugins/com.st.stm32cube.ide.mcu.externaltools.gnu-tools-for-stm32.12.3.rel1.win32_1.1.0.202410251130/tools/bin/../lib/gcc/arm-none-eabi/12.3.1/../../../../arm-none-eabi/lib/thumb/v7e-m+dp/hard\libc_nano.a(libc_a-mallocr.o)
                0x24000820                __malloc_free_list
 *(COMMON)
                0x24000824                        . = ALIGN (0x4)
                0x24000824                        _ebss = .
                0x24000824                        __bss_end__ = _ebss

._user_heap_stack
                0x24000824      0x604 load address 0x0800caac
                0x24000828                        . = ALIGN (0x8)
 *fill*         0x24000824        0x4 
                [!provide]                        PROVIDE (end = .)
                0x24000828                        PROVIDE (_end = .)
                0x24000a28                        . = (. + _Min_Heap_Size)
 *fill*         0x24000828      0x200 
                0x24000e28                        . = (. + _Min_Stack_Size)
 *fill*         0x24000a28      0x400 
                0x24000e28                        . = ALIGN (0x8)

/DISCARD/
 libc.a(*)
 libm.a(*)
 libgcc.a(*)

.ARM.attributes
                0x00000000       0x2e
 *(.ARM.attributes)
 .ARM.attributes
                0x00000000       0x20 C:/ST/STM32CubeIDE_1.17.0/STM32CubeIDE/plugins/com.st.stm32cube.ide.mcu.externaltools.gnu-tools-for-stm32.12.3.rel1.win32_1.1.0.202410251130/tools/bin/../lib/gcc/arm-none-eabi/12.3.1/thumb/v7e-m+dp/hard/crti.o
 .ARM.attributes
                0x00000020       0x32 C:/ST/STM32CubeIDE_1.17.0/STM32CubeIDE/plugins/com.st.stm32cube.ide.mcu.externaltools.gnu-tools-for-stm32.12.3.rel1.win32_1.1.0.202410251130/tools/bin/../lib/gcc/arm-none-eabi/12.3.1/thumb/v7e-m+dp/hard/crtbegin.o
 .ARM.attributes
                0x00000052       0x32 ./Common/Src/system_stm32h7xx_dualcore_boot_cm4_cm7.o
 .ARM.attributes
                0x00000084       0x32 ./Core/Src/gpio.o
 .ARM.attributes
                0x000000b6       0x32 ./Core/Src/i2c.o
 .ARM.attributes
                0x000000e8       0x32 ./Core/Src/main.o
 .ARM.attributes
                0x0000011a       0x32 ./Core/Src/stm32h7xx_hal_msp.o
 .ARM.attributes
                0x0000014c       0x32 ./Core/Src/stm32h7xx_it.o
 .ARM.attributes
                0x0000017e       0x32 ./Core/Src/sysmem.o
 .ARM.attributes
                0x000001b0       0x32 ./Core/Src/tim.o
 .ARM.attributes
                0x000001e2       0x32 ./Core/Src/usart.o
 .ARM.attributes
                0x00000214       0x21 ./Core/Startup/startup_stm32h745zitx.o
 .ARM.attributes
                0x00000235       0x32 ./Drivers/STM32H7xx_HAL_Driver/stm32h7xx_hal.o
 .ARM.attributes
                0x00000267       0x32 ./Drivers/STM32H7xx_HAL_Driver/stm32h7xx_hal_cortex.o
 .ARM.attributes
                0x00000299       0x32 ./Drivers/STM32H7xx_HAL_Driver/stm32h7xx_hal_gpio.o
 .ARM.attributes
                0x000002cb       0x32 ./Drivers/STM32H7xx_HAL_Driver/stm32h7xx_hal_hsem.o
 .ARM.attributes
                0x000002fd       0x32 ./Drivers/STM32H7xx_HAL_Driver/stm32h7xx_hal_i2c.o
 .ARM.attributes
                0x0000032f       0x32 ./Drivers/STM32H7xx_HAL_Driver/stm32h7xx_hal_i2c_ex.o
 .ARM.attributes
                0x00000361       0x32 ./Drivers/STM32H7xx_HAL_Driver/stm32h7xx_hal_pwr_ex.o
 .ARM.attributes
                0x00000393       0x32 ./Drivers/STM32H7xx_HAL_Driver/stm32h7xx_hal_rcc.o
 .ARM.attributes
                0x000003c5       0x32 ./Drivers/STM32H7xx_HAL_Driver/stm32h7xx_hal_rcc_ex.o
 .ARM.attributes
                0x000003f7       0x32 ./Drivers/STM32H7xx_HAL_Driver/stm32h7xx_hal_tim.o
 .ARM.attributes
                0x00000429       0x32 ./Drivers/STM32H7xx_HAL_Driver/stm32h7xx_hal_tim_ex.o
 .ARM.attributes
                0x0000045b       0x32 ./Drivers/STM32H7xx_HAL_Driver/stm32h7xx_hal_uart.o
 .ARM.attributes
                0x0000048d       0x32 ./Drivers/STM32H7xx_HAL_Driver/stm32h7xx_hal_uart_ex.o
 .ARM.attributes
                0x000004bf       0x32 ./Drivers/VL53L0X/core/src/vl53l0x_api.o
 .ARM.attributes
                0x000004f1       0x32 ./Drivers/VL53L0X/core/src/vl53l0x_api_calibration.o
 .ARM.attributes
                0x00000523       0x32 ./Drivers/VL53L0X/core/src/vl53l0x_api_core.o
 .ARM.attributes
                0x00000555       0x32 ./Drivers/VL53L0X/platform/src/vl53l0x_platform.o
 .ARM.attributes
                0x00000587       0x32 C:/ST/STM32CubeIDE_1.17.0/STM32CubeIDE/plugins/com.st.stm32cube.ide.mcu.externaltools.gnu-tools-for-stm32.12.3.rel1.win32_1.1.0.202410251130/tools/bin/../lib/gcc/arm-none-eabi/12.3.1/../../../../arm-none-eabi/lib/thumb/v7e-m+dp/hard\libc_nano.a(libc_a-findfp.o)
 .ARM.attributes
                0x000005b9       0x32 C:/ST/STM32CubeIDE_1.17.0/STM32CubeIDE/plugins/com.st.stm32cube.ide.mcu.externaltools.gnu-tools-for-stm32.12.3.rel1.win32_1.1.0.202410251130/tools/bin/../lib/gcc/arm-none-eabi/12.3.1/../../../../arm-none-eabi/lib/thumb/v7e-m+dp/hard\libc_nano.a(libc_a-sprintf.o)
 .ARM.attributes
                0x000005eb       0x32 C:/ST/STM32CubeIDE_1.17.0/STM32CubeIDE/plugins/com.st.stm32cube.ide.mcu.externaltools.gnu-tools-for-stm32.12.3.rel1.win32_1.1.0.202410251130/tools/bin/../lib/gcc/arm-none-eabi/12.3.1/../../../../arm-none-eabi/lib/thumb/v7e-m+dp/hard\libc_nano.a(libc_a-memset.o)
 .ARM.attributes
                0x0000061d       0x32 C:/ST/STM32CubeIDE_1.17.0/STM32CubeIDE/plugins/com.st.stm32cube.ide.mcu.externaltools.gnu-tools-for-stm32.12.3.rel1.win32_1.1.0.202410251130/tools/bin/../lib/gcc/arm-none-eabi/12.3.1/../../../../arm-none-eabi/lib/thumb/v7e-m+dp/hard\libc_nano.a(libc_a-reent.o)
 .ARM.attributes
                0x0000064f       0x32 C:/ST/STM32CubeIDE_1.17.0/STM32CubeIDE/plugins/com.st.stm32cube.ide.mcu.externaltools.gnu-tools-for-stm32.12.3.rel1.win32_1.1.0.202410251130/tools/bin/../lib/gcc/arm-none-eabi/12.3.1/../../../../arm-none-eabi/lib/thumb/v7e-m+dp/hard\libc_nano.a(libc_a-impure.o)
 .ARM.attributes
                0x00000681       0x32 C:/ST/STM32CubeIDE_1.17.0/STM32CubeIDE/plugins/com.st.stm32cube.ide.mcu.externaltools.gnu-tools-for-stm32.12.3.rel1.win32_1.1.0.202410251130/tools/bin/../lib/gcc/arm-none-eabi/12.3.1/../../../../arm-none-eabi/lib/thumb/v7e-m+dp/hard\libc_nano.a(libc_a-errno.o)
 .ARM.attributes
                0x000006b3       0x32 C:/ST/STM32CubeIDE_1.17.0/STM32CubeIDE/plugins/com.st.stm32cube.ide.mcu.externaltools.gnu-tools-for-stm32.12.3.rel1.win32_1.1.0.202410251130/tools/bin/../lib/gcc/arm-none-eabi/12.3.1/../../../../arm-none-eabi/lib/thumb/v7e-m+dp/hard\libc_nano.a(libc_a-init.o)
 .ARM.attributes
                0x000006e5       0x32 C:/ST/STM32CubeIDE_1.17.0/STM32CubeIDE/plugins/com.st.stm32cube.ide.mcu.externaltools.gnu-tools-for-stm32.12.3.rel1.win32_1.1.0.202410251130/tools/bin/../lib/gcc/arm-none-eabi/12.3.1/../../../../arm-none-eabi/lib/thumb/v7e-m+dp/hard\libc_nano.a(libc_a-lock.o)
 .ARM.attributes
                0x00000717       0x32 C:/ST/STM32CubeIDE_1.17.0/STM32CubeIDE/plugins/com.st.stm32cube.ide.mcu.externaltools.gnu-tools-for-stm32.12.3.rel1.win32_1.1.0.202410251130/tools/bin/../lib/gcc/arm-none-eabi/12.3.1/../../../../arm-none-eabi/lib/thumb/v7e-m+dp/hard\libc_nano.a(libc_a-strcpy.o)
 .ARM.attributes
                0x00000749       0x32 C:/ST/STM32CubeIDE_1.17.0/STM32CubeIDE/plugins/com.st.stm32cube.ide.mcu.externaltools.gnu-tools-for-stm32.12.3.rel1.win32_1.1.0.202410251130/tools/bin/../lib/gcc/arm-none-eabi/12.3.1/../../../../arm-none-eabi/lib/thumb/v7e-m+dp/hard\libc_nano.a(libc_a-memcpy-stub.o)
 .ARM.attributes
                0x0000077b       0x32 C:/ST/STM32CubeIDE_1.17.0/STM32CubeIDE/plugins/com.st.stm32cube.ide.mcu.externaltools.gnu-tools-for-stm32.12.3.rel1.win32_1.1.0.202410251130/tools/bin/../lib/gcc/arm-none-eabi/12.3.1/../../../../arm-none-eabi/lib/thumb/v7e-m+dp/hard\libc_nano.a(libc_a-freer.o)
 .ARM.attributes
                0x000007ad       0x32 C:/ST/STM32CubeIDE_1.17.0/STM32CubeIDE/plugins/com.st.stm32cube.ide.mcu.externaltools.gnu-tools-for-stm32.12.3.rel1.win32_1.1.0.202410251130/tools/bin/../lib/gcc/arm-none-eabi/12.3.1/../../../../arm-none-eabi/lib/thumb/v7e-m+dp/hard\libc_nano.a(libc_a-mallocr.o)
 .ARM.attributes
                0x000007df       0x32 C:/ST/STM32CubeIDE_1.17.0/STM32CubeIDE/plugins/com.st.stm32cube.ide.mcu.externaltools.gnu-tools-for-stm32.12.3.rel1.win32_1.1.0.202410251130/tools/bin/../lib/gcc/arm-none-eabi/12.3.1/../../../../arm-none-eabi/lib/thumb/v7e-m+dp/hard\libc_nano.a(libc_a-mlock.o)
 .ARM.attributes
                0x00000811       0x32 C:/ST/STM32CubeIDE_1.17.0/STM32CubeIDE/plugins/com.st.stm32cube.ide.mcu.externaltools.gnu-tools-for-stm32.12.3.rel1.win32_1.1.0.202410251130/tools/bin/../lib/gcc/arm-none-eabi/12.3.1/../../../../arm-none-eabi/lib/thumb/v7e-m+dp/hard\libc_nano.a(libc_a-nano-svfprintf.o)
 .ARM.attributes
                0x00000843       0x32 C:/ST/STM32CubeIDE_1.17.0/STM32CubeIDE/plugins/com.st.stm32cube.ide.mcu.externaltools.gnu-tools-for-stm32.12.3.rel1.win32_1.1.0.202410251130/tools/bin/../lib/gcc/arm-none-eabi/12.3.1/../../../../arm-none-eabi/lib/thumb/v7e-m+dp/hard\libc_nano.a(libc_a-nano-vfprintf_i.o)
 .ARM.attributes
                0x00000875       0x32 C:/ST/STM32CubeIDE_1.17.0/STM32CubeIDE/plugins/com.st.stm32cube.ide.mcu.externaltools.gnu-tools-for-stm32.12.3.rel1.win32_1.1.0.202410251130/tools/bin/../lib/gcc/arm-none-eabi/12.3.1/../../../../arm-none-eabi/lib/thumb/v7e-m+dp/hard\libc_nano.a(libc_a-memmove.o)
 .ARM.attributes
                0x000008a7       0x32 C:/ST/STM32CubeIDE_1.17.0/STM32CubeIDE/plugins/com.st.stm32cube.ide.mcu.externaltools.gnu-tools-for-stm32.12.3.rel1.win32_1.1.0.202410251130/tools/bin/../lib/gcc/arm-none-eabi/12.3.1/../../../../arm-none-eabi/lib/thumb/v7e-m+dp/hard\libc_nano.a(libc_a-sbrkr.o)
 .ARM.attributes
                0x000008d9       0x1c C:/ST/STM32CubeIDE_1.17.0/STM32CubeIDE/plugins/com.st.stm32cube.ide.mcu.externaltools.gnu-tools-for-stm32.12.3.rel1.win32_1.1.0.202410251130/tools/bin/../lib/gcc/arm-none-eabi/12.3.1/../../../../arm-none-eabi/lib/thumb/v7e-m+dp/hard\libc_nano.a(libc_a-memchr.o)
 .ARM.attributes
                0x000008f5       0x32 C:/ST/STM32CubeIDE_1.17.0/STM32CubeIDE/plugins/com.st.stm32cube.ide.mcu.externaltools.gnu-tools-for-stm32.12.3.rel1.win32_1.1.0.202410251130/tools/bin/../lib/gcc/arm-none-eabi/12.3.1/../../../../arm-none-eabi/lib/thumb/v7e-m+dp/hard\libc_nano.a(libc_a-reallocr.o)
 .ARM.attributes
                0x00000927       0x32 C:/ST/STM32CubeIDE_1.17.0/STM32CubeIDE/plugins/com.st.stm32cube.ide.mcu.externaltools.gnu-tools-for-stm32.12.3.rel1.win32_1.1.0.202410251130/tools/bin/../lib/gcc/arm-none-eabi/12.3.1/../../../../arm-none-eabi/lib/thumb/v7e-m+dp/hard\libc_nano.a(libc_a-msizer.o)
 .ARM.attributes
                0x00000959       0x20 C:/ST/STM32CubeIDE_1.17.0/STM32CubeIDE/plugins/com.st.stm32cube.ide.mcu.externaltools.gnu-tools-for-stm32.12.3.rel1.win32_1.1.0.202410251130/tools/bin/../lib/gcc/arm-none-eabi/12.3.1/thumb/v7e-m+dp/hard\libgcc.a(_aeabi_uldivmod.o)
 .ARM.attributes
                0x00000979       0x32 C:/ST/STM32CubeIDE_1.17.0/STM32CubeIDE/plugins/com.st.stm32cube.ide.mcu.externaltools.gnu-tools-for-stm32.12.3.rel1.win32_1.1.0.202410251130/tools/bin/../lib/gcc/arm-none-eabi/12.3.1/thumb/v7e-m+dp/hard\libgcc.a(_udivmoddi4.o)
 .ARM.attributes
                0x000009ab       0x20 C:/ST/STM32CubeIDE_1.17.0/STM32CubeIDE/plugins/com.st.stm32cube.ide.mcu.externaltools.gnu-tools-for-stm32.12.3.rel1.win32_1.1.0.202410251130/tools/bin/../lib/gcc/arm-none-eabi/12.3.1/thumb/v7e-m+dp/hard\libgcc.a(_dvmd_tls.o)
 .ARM.attributes
                0x000009cb       0x20 C:/ST/STM32CubeIDE_1.17.0/STM32CubeIDE/plugins/com.st.stm32cube.ide.mcu.externaltools.gnu-tools-for-stm32.12.3.rel1.win32_1.1.0.202410251130/tools/bin/../lib/gcc/arm-none-eabi/12.3.1/thumb/v7e-m+dp/hard/crtn.o
OUTPUT(VL53L0X_CM7.elf elf32-littlearm)
LOAD linker stubs
LOAD C:/ST/STM32CubeIDE_1.17.0/STM32CubeIDE/plugins/com.st.stm32cube.ide.mcu.externaltools.gnu-tools-for-stm32.12.3.rel1.win32_1.1.0.202410251130/tools/bin/../lib/gcc/arm-none-eabi/12.3.1/../../../../arm-none-eabi/lib/thumb/v7e-m+dp/hard\libc.a
LOAD C:/ST/STM32CubeIDE_1.17.0/STM32CubeIDE/plugins/com.st.stm32cube.ide.mcu.externaltools.gnu-tools-for-stm32.12.3.rel1.win32_1.1.0.202410251130/tools/bin/../lib/gcc/arm-none-eabi/12.3.1/../../../../arm-none-eabi/lib/thumb/v7e-m+dp/hard\libm.a
LOAD C:/ST/STM32CubeIDE_1.17.0/STM32CubeIDE/plugins/com.st.stm32cube.ide.mcu.externaltools.gnu-tools-for-stm32.12.3.rel1.win32_1.1.0.202410251130/tools/bin/../lib/gcc/arm-none-eabi/12.3.1/thumb/v7e-m+dp/hard\libgcc.a

.debug_info     0x00000000    0x2301a
 .debug_info    0x00000000      0xe73 ./Common/Src/system_stm32h7xx_dualcore_boot_cm4_cm7.o
 .debug_info    0x00000e73      0x66c ./Core/Src/gpio.o
 .debug_info    0x000014df      0xff7 ./Core/Src/i2c.o
 .debug_info    0x000024d6     0x2088 ./Core/Src/main.o
 .debug_info    0x0000455e      0x464 ./Core/Src/stm32h7xx_hal_msp.o
 .debug_info    0x000049c2      0x128 ./Core/Src/stm32h7xx_it.o
 .debug_info    0x00004aea      0x168 ./Core/Src/sysmem.o
 .debug_info    0x00004c52      0xcdb ./Core/Src/tim.o
 .debug_info    0x0000592d     0x10b5 ./Core/Src/usart.o
 .debug_info    0x000069e2       0x30 ./Core/Startup/startup_stm32h745zitx.o
 .debug_info    0x00006a12     0x1774 ./Drivers/STM32H7xx_HAL_Driver/stm32h7xx_hal.o
 .debug_info    0x00008186     0x10cf ./Drivers/STM32H7xx_HAL_Driver/stm32h7xx_hal_cortex.o
 .debug_info    0x00009255      0xd06 ./Drivers/STM32H7xx_HAL_Driver/stm32h7xx_hal_gpio.o
 .debug_info    0x00009f5b      0x3d3 ./Drivers/STM32H7xx_HAL_Driver/stm32h7xx_hal_hsem.o
 .debug_info    0x0000a32e     0x22c9 ./Drivers/STM32H7xx_HAL_Driver/stm32h7xx_hal_i2c.o
 .debug_info    0x0000c5f7      0xd84 ./Drivers/STM32H7xx_HAL_Driver/stm32h7xx_hal_i2c_ex.o
 .debug_info    0x0000d37b     0x1225 ./Drivers/STM32H7xx_HAL_Driver/stm32h7xx_hal_pwr_ex.o
 .debug_info    0x0000e5a0      0xe67 ./Drivers/STM32H7xx_HAL_Driver/stm32h7xx_hal_rcc.o
 .debug_info    0x0000f407     0x1303 ./Drivers/STM32H7xx_HAL_Driver/stm32h7xx_hal_rcc_ex.o
 .debug_info    0x0001070a     0x2bae ./Drivers/STM32H7xx_HAL_Driver/stm32h7xx_hal_tim.o
 .debug_info    0x000132b8     0x17eb ./Drivers/STM32H7xx_HAL_Driver/stm32h7xx_hal_tim_ex.o
 .debug_info    0x00014aa3     0x4b1d ./Drivers/STM32H7xx_HAL_Driver/stm32h7xx_hal_uart.o
 .debug_info    0x000195c0      0xfbf ./Drivers/STM32H7xx_HAL_Driver/stm32h7xx_hal_uart_ex.o
 .debug_info    0x0001a57f     0x366b ./Drivers/VL53L0X/core/src/vl53l0x_api.o
 .debug_info    0x0001dbea     0x1e38 ./Drivers/VL53L0X/core/src/vl53l0x_api_calibration.o
 .debug_info    0x0001fa22     0x22ee ./Drivers/VL53L0X/core/src/vl53l0x_api_core.o
 .debug_info    0x00021d10     0x130a ./Drivers/VL53L0X/platform/src/vl53l0x_platform.o

.debug_abbrev   0x00000000     0x3aa0
 .debug_abbrev  0x00000000      0x165 ./Common/Src/system_stm32h7xx_dualcore_boot_cm4_cm7.o
 .debug_abbrev  0x00000165      0x189 ./Core/Src/gpio.o
 .debug_abbrev  0x000002ee      0x24c ./Core/Src/i2c.o
 .debug_abbrev  0x0000053a      0x391 ./Core/Src/main.o
 .debug_abbrev  0x000008cb       0xdb ./Core/Src/stm32h7xx_hal_msp.o
 .debug_abbrev  0x000009a6       0x73 ./Core/Src/stm32h7xx_it.o
 .debug_abbrev  0x00000a19       0xbc ./Core/Src/sysmem.o
 .debug_abbrev  0x00000ad5      0x1f7 ./Core/Src/tim.o
 .debug_abbrev  0x00000ccc      0x241 ./Core/Src/usart.o
 .debug_abbrev  0x00000f0d       0x24 ./Core/Startup/startup_stm32h745zitx.o
 .debug_abbrev  0x00000f31      0x295 ./Drivers/STM32H7xx_HAL_Driver/stm32h7xx_hal.o
 .debug_abbrev  0x000011c6      0x339 ./Drivers/STM32H7xx_HAL_Driver/stm32h7xx_hal_cortex.o
 .debug_abbrev  0x000014ff      0x205 ./Drivers/STM32H7xx_HAL_Driver/stm32h7xx_hal_gpio.o
 .debug_abbrev  0x00001704      0x1d3 ./Drivers/STM32H7xx_HAL_Driver/stm32h7xx_hal_hsem.o
 .debug_abbrev  0x000018d7      0x25d ./Drivers/STM32H7xx_HAL_Driver/stm32h7xx_hal_i2c.o
 .debug_abbrev  0x00001b34      0x1f5 ./Drivers/STM32H7xx_HAL_Driver/stm32h7xx_hal_i2c_ex.o
 .debug_abbrev  0x00001d29      0x2d7 ./Drivers/STM32H7xx_HAL_Driver/stm32h7xx_hal_pwr_ex.o
 .debug_abbrev  0x00002000      0x2c8 ./Drivers/STM32H7xx_HAL_Driver/stm32h7xx_hal_rcc.o
 .debug_abbrev  0x000022c8      0x269 ./Drivers/STM32H7xx_HAL_Driver/stm32h7xx_hal_rcc_ex.o
 .debug_abbrev  0x00002531      0x276 ./Drivers/STM32H7xx_HAL_Driver/stm32h7xx_hal_tim.o
 .debug_abbrev  0x000027a7      0x281 ./Drivers/STM32H7xx_HAL_Driver/stm32h7xx_hal_tim_ex.o
 .debug_abbrev  0x00002a28      0x33d ./Drivers/STM32H7xx_HAL_Driver/stm32h7xx_hal_uart.o
 .debug_abbrev  0x00002d65      0x2d2 ./Drivers/STM32H7xx_HAL_Driver/stm32h7xx_hal_uart_ex.o
 .debug_abbrev  0x00003037      0x2b9 ./Drivers/VL53L0X/core/src/vl53l0x_api.o
 .debug_abbrev  0x000032f0      0x2aa ./Drivers/VL53L0X/core/src/vl53l0x_api_calibration.o
 .debug_abbrev  0x0000359a      0x2c2 ./Drivers/VL53L0X/core/src/vl53l0x_api_core.o
 .debug_abbrev  0x0000385c      0x244 ./Drivers/VL53L0X/platform/src/vl53l0x_platform.o

.debug_aranges  0x00000000     0x1978
 .debug_aranges
                0x00000000       0x30 ./Common/Src/system_stm32h7xx_dualcore_boot_cm4_cm7.o
 .debug_aranges
                0x00000030       0x20 ./Core/Src/gpio.o
 .debug_aranges
                0x00000050       0x30 ./Core/Src/i2c.o
 .debug_aranges
                0x00000080       0x48 ./Core/Src/main.o
 .debug_aranges
                0x000000c8       0x20 ./Core/Src/stm32h7xx_hal_msp.o
 .debug_aranges
                0x000000e8       0x60 ./Core/Src/stm32h7xx_it.o
 .debug_aranges
                0x00000148       0x20 ./Core/Src/sysmem.o
 .debug_aranges
                0x00000168       0x30 ./Core/Src/tim.o
 .debug_aranges
                0x00000198       0x30 ./Core/Src/usart.o
 .debug_aranges
                0x000001c8       0x28 ./Core/Startup/startup_stm32h745zitx.o
 .debug_aranges
                0x000001f0      0x200 ./Drivers/STM32H7xx_HAL_Driver/stm32h7xx_hal.o
 .debug_aranges
                0x000003f0      0x130 ./Drivers/STM32H7xx_HAL_Driver/stm32h7xx_hal_cortex.o
 .debug_aranges
                0x00000520       0x58 ./Drivers/STM32H7xx_HAL_Driver/stm32h7xx_hal_gpio.o
 .debug_aranges
                0x00000578       0x70 ./Drivers/STM32H7xx_HAL_Driver/stm32h7xx_hal_hsem.o
 .debug_aranges
                0x000005e8      0x2a0 ./Drivers/STM32H7xx_HAL_Driver/stm32h7xx_hal_i2c.o
 .debug_aranges
                0x00000888       0x48 ./Drivers/STM32H7xx_HAL_Driver/stm32h7xx_hal_i2c_ex.o
 .debug_aranges
                0x000008d0      0x170 ./Drivers/STM32H7xx_HAL_Driver/stm32h7xx_hal_pwr_ex.o
 .debug_aranges
                0x00000a40       0x88 ./Drivers/STM32H7xx_HAL_Driver/stm32h7xx_hal_rcc.o
 .debug_aranges
                0x00000ac8      0x100 ./Drivers/STM32H7xx_HAL_Driver/stm32h7xx_hal_rcc_ex.o
 .debug_aranges
                0x00000bc8      0x3e0 ./Drivers/STM32H7xx_HAL_Driver/stm32h7xx_hal_tim.o
 .debug_aranges
                0x00000fa8      0x188 ./Drivers/STM32H7xx_HAL_Driver/stm32h7xx_hal_tim_ex.o
 .debug_aranges
                0x00001130      0x248 ./Drivers/STM32H7xx_HAL_Driver/stm32h7xx_hal_uart.o
 .debug_aranges
                0x00001378       0xa8 ./Drivers/STM32H7xx_HAL_Driver/stm32h7xx_hal_uart_ex.o
 .debug_aranges
                0x00001420      0x330 ./Drivers/VL53L0X/core/src/vl53l0x_api.o
 .debug_aranges
                0x00001750       0xd0 ./Drivers/VL53L0X/core/src/vl53l0x_api_calibration.o
 .debug_aranges
                0x00001820       0xe0 ./Drivers/VL53L0X/core/src/vl53l0x_api_core.o
 .debug_aranges
                0x00001900       0x78 ./Drivers/VL53L0X/platform/src/vl53l0x_platform.o

.debug_rnglists
                0x00000000     0x13dd
 .debug_rnglists
                0x00000000       0x21 ./Common/Src/system_stm32h7xx_dualcore_boot_cm4_cm7.o
 .debug_rnglists
                0x00000021       0x14 ./Core/Src/gpio.o
 .debug_rnglists
                0x00000035       0x21 ./Core/Src/i2c.o
 .debug_rnglists
                0x00000056       0x35 ./Core/Src/main.o
 .debug_rnglists
                0x0000008b       0x13 ./Core/Src/stm32h7xx_hal_msp.o
 .debug_rnglists
                0x0000009e       0x43 ./Core/Src/stm32h7xx_it.o
 .debug_rnglists
                0x000000e1       0x13 ./Core/Src/sysmem.o
 .debug_rnglists
                0x000000f4       0x20 ./Core/Src/tim.o
 .debug_rnglists
                0x00000114       0x21 ./Core/Src/usart.o
 .debug_rnglists
                0x00000135       0x19 ./Core/Startup/startup_stm32h745zitx.o
 .debug_rnglists
                0x0000014e      0x180 ./Drivers/STM32H7xx_HAL_Driver/stm32h7xx_hal.o
 .debug_rnglists
                0x000002ce       0xe0 ./Drivers/STM32H7xx_HAL_Driver/stm32h7xx_hal_cortex.o
 .debug_rnglists
                0x000003ae       0x3f ./Drivers/STM32H7xx_HAL_Driver/stm32h7xx_hal_gpio.o
 .debug_rnglists
                0x000003ed       0x4f ./Drivers/STM32H7xx_HAL_Driver/stm32h7xx_hal_hsem.o
 .debug_rnglists
                0x0000043c      0x22a ./Drivers/STM32H7xx_HAL_Driver/stm32h7xx_hal_i2c.o
 .debug_rnglists
                0x00000666       0x35 ./Drivers/STM32H7xx_HAL_Driver/stm32h7xx_hal_i2c_ex.o
 .debug_rnglists
                0x0000069b      0x117 ./Drivers/STM32H7xx_HAL_Driver/stm32h7xx_hal_pwr_ex.o
 .debug_rnglists
                0x000007b2       0x68 ./Drivers/STM32H7xx_HAL_Driver/stm32h7xx_hal_rcc.o
 .debug_rnglists
                0x0000081a       0xc6 ./Drivers/STM32H7xx_HAL_Driver/stm32h7xx_hal_rcc_ex.o
 .debug_rnglists
                0x000008e0      0x328 ./Drivers/STM32H7xx_HAL_Driver/stm32h7xx_hal_tim.o
 .debug_rnglists
                0x00000c08      0x13f ./Drivers/STM32H7xx_HAL_Driver/stm32h7xx_hal_tim_ex.o
 .debug_rnglists
                0x00000d47      0x1fa ./Drivers/STM32H7xx_HAL_Driver/stm32h7xx_hal_uart.o
 .debug_rnglists
                0x00000f41       0x7f ./Drivers/STM32H7xx_HAL_Driver/stm32h7xx_hal_uart_ex.o
 .debug_rnglists
                0x00000fc0      0x276 ./Drivers/VL53L0X/core/src/vl53l0x_api.o
 .debug_rnglists
                0x00001236       0xa4 ./Drivers/VL53L0X/core/src/vl53l0x_api_calibration.o
 .debug_rnglists
                0x000012da       0xae ./Drivers/VL53L0X/core/src/vl53l0x_api_core.o
 .debug_rnglists
                0x00001388       0x55 ./Drivers/VL53L0X/platform/src/vl53l0x_platform.o

.debug_macro    0x00000000    0x3cbfc
 .debug_macro   0x00000000      0x2a8 ./Common/Src/system_stm32h7xx_dualcore_boot_cm4_cm7.o
 .debug_macro   0x000002a8      0xade ./Common/Src/system_stm32h7xx_dualcore_boot_cm4_cm7.o
 .debug_macro   0x00000d86       0x2e ./Common/Src/system_stm32h7xx_dualcore_boot_cm4_cm7.o
 .debug_macro   0x00000db4       0x49 ./Common/Src/system_stm32h7xx_dualcore_boot_cm4_cm7.o
 .debug_macro   0x00000dfd       0x22 ./Common/Src/system_stm32h7xx_dualcore_boot_cm4_cm7.o
 .debug_macro   0x00000e1f       0x8e ./Common/Src/system_stm32h7xx_dualcore_boot_cm4_cm7.o
 .debug_macro   0x00000ead       0x51 ./Common/Src/system_stm32h7xx_dualcore_boot_cm4_cm7.o
 .debug_macro   0x00000efe      0x103 ./Common/Src/system_stm32h7xx_dualcore_boot_cm4_cm7.o
 .debug_macro   0x00001001       0x6a ./Common/Src/system_stm32h7xx_dualcore_boot_cm4_cm7.o
 .debug_macro   0x0000106b      0x1df ./Common/Src/system_stm32h7xx_dualcore_boot_cm4_cm7.o
 .debug_macro   0x0000124a       0x1c ./Common/Src/system_stm32h7xx_dualcore_boot_cm4_cm7.o
 .debug_macro   0x00001266       0x22 ./Common/Src/system_stm32h7xx_dualcore_boot_cm4_cm7.o
 .debug_macro   0x00001288       0xfb ./Common/Src/system_stm32h7xx_dualcore_boot_cm4_cm7.o
 .debug_macro   0x00001383     0x1305 ./Common/Src/system_stm32h7xx_dualcore_boot_cm4_cm7.o
 .debug_macro   0x00002688      0x11f ./Common/Src/system_stm32h7xx_dualcore_boot_cm4_cm7.o
 .debug_macro   0x000027a7       0x27 ./Common/Src/system_stm32h7xx_dualcore_boot_cm4_cm7.o
 .debug_macro   0x000027ce    0x2706d ./Common/Src/system_stm32h7xx_dualcore_boot_cm4_cm7.o
 .debug_macro   0x0002983b       0x6d ./Common/Src/system_stm32h7xx_dualcore_boot_cm4_cm7.o
 .debug_macro   0x000298a8      0x238 ./Common/Src/system_stm32h7xx_dualcore_boot_cm4_cm7.o
 .debug_macro   0x00029ae0     0x3d79 ./Common/Src/system_stm32h7xx_dualcore_boot_cm4_cm7.o
 .debug_macro   0x0002d859      0x189 ./Common/Src/system_stm32h7xx_dualcore_boot_cm4_cm7.o
 .debug_macro   0x0002d9e2       0x61 ./Common/Src/system_stm32h7xx_dualcore_boot_cm4_cm7.o
 .debug_macro   0x0002da43       0x29 ./Common/Src/system_stm32h7xx_dualcore_boot_cm4_cm7.o
 .debug_macro   0x0002da6c       0x43 ./Common/Src/system_stm32h7xx_dualcore_boot_cm4_cm7.o
 .debug_macro   0x0002daaf       0x34 ./Common/Src/system_stm32h7xx_dualcore_boot_cm4_cm7.o
 .debug_macro   0x0002dae3       0x16 ./Common/Src/system_stm32h7xx_dualcore_boot_cm4_cm7.o
 .debug_macro   0x0002daf9       0x43 ./Common/Src/system_stm32h7xx_dualcore_boot_cm4_cm7.o
 .debug_macro   0x0002db3c       0x34 ./Common/Src/system_stm32h7xx_dualcore_boot_cm4_cm7.o
 .debug_macro   0x0002db70       0x10 ./Common/Src/system_stm32h7xx_dualcore_boot_cm4_cm7.o
 .debug_macro   0x0002db80       0x58 ./Common/Src/system_stm32h7xx_dualcore_boot_cm4_cm7.o
 .debug_macro   0x0002dbd8       0x8e ./Common/Src/system_stm32h7xx_dualcore_boot_cm4_cm7.o
 .debug_macro   0x0002dc66       0x1c ./Common/Src/system_stm32h7xx_dualcore_boot_cm4_cm7.o
 .debug_macro   0x0002dc82      0x177 ./Common/Src/system_stm32h7xx_dualcore_boot_cm4_cm7.o
 .debug_macro   0x0002ddf9      0x369 ./Common/Src/system_stm32h7xx_dualcore_boot_cm4_cm7.o